Running tests without recompiling...
Running test: posit_basic ...
  Cycles: 166
  Instructions Retired: 26
  IPC: 0.1566
  Pipeline Stalls (Data Hazards): 87
  Control Flushes (Mispredicts): 2
Running test: posit_convert ...
  Cycles: 157
  Instructions Retired: 31
  IPC: 0.1975
  Pipeline Stalls (Data Hazards): 79
  Control Flushes (Mispredicts): 1
Running test: posit_dot_product ...
  Cycles: 361
  Instructions Retired: 68
  IPC: 0.1884
  Pipeline Stalls (Data Hazards): 196
  Control Flushes (Mispredicts): 7
Running test: posit_mac_loop ...
  Cycles: 808
  Instructions Retired: 308
  IPC: 0.3812
  Pipeline Stalls (Data Hazards): 447
  Control Flushes (Mispredicts): 2
Running test: posit_matmul ...
  Cycles: 1273
  Instructions Retired: 374
  IPC: 0.2938
  Pipeline Stalls (Data Hazards): 791
  Control Flushes (Mispredicts): 13
Running test: posit_poly_eval ...
  Cycles: 4678
  Instructions Retired: 844
  IPC: 0.1804
  Pipeline Stalls (Data Hazards): 3676
  Control Flushes (Mispredicts): 23
Running test: posit_conv1d ...
  Cycles: 608
  Instructions Retired: 156
  IPC: 0.2566
  Pipeline Stalls (Data Hazards): 333
  Control Flushes (Mispredicts): 9
Running test: posit_iir_filter ...
  Cycles: 2203
  Instructions Retired: 406
  IPC: 0.1843
  Pipeline Stalls (Data Hazards): 1744
  Control Flushes (Mispredicts): 2

=== Benchmark Summary ===
posit_basic | Cycles: 166      | IPC: 0.1566 | Stalls: 87     | Flushes: 2     
posit_convert | Cycles: 157      | IPC: 0.1975 | Stalls: 79     | Flushes: 1     
posit_dot_product | Cycles: 361      | IPC: 0.1884 | Stalls: 196    | Flushes: 7     
posit_mac_loop | Cycles: 808      | IPC: 0.3812 | Stalls: 447    | Flushes: 2     
posit_matmul | Cycles: 1273     | IPC: 0.2938 | Stalls: 791    | Flushes: 13    
posit_poly_eval | Cycles: 4678     | IPC: 0.1804 | Stalls: 3676   | Flushes: 23    
posit_conv1d | Cycles: 608      | IPC: 0.2566 | Stalls: 333    | Flushes: 9     
posit_iir_filter | Cycles: 2203     | IPC: 0.1843 | Stalls: 1744   | Flushes: 2     

