================================================================
Fife v0.90 2025-07-12: starting execution at PC 80000000
3: CPU.Fetch:
        Fetch_to_Decode{I_0 pc:80000000 pred:80000004 epoch:0 halt_sentinel:0}
        Mem_Req {I_0 pc:80000000 instr:xxxxxxxx FETCH 4B addr:80000000 epoch:0}
Trace 3 0 80000000 00000000 F
4: CPU.Fetch:
        Fetch_to_Decode{I_1 pc:80000004 pred:80000008 epoch:0 halt_sentinel:0}
        Mem_Req {I_1 pc:80000004 instr:xxxxxxxx FETCH 4B addr:80000004 epoch:0}
Trace 4 1 80000004 00000000 F
4: CPU.Decode:
        Decode_to_RR{I_0 pc:80000000 instr:80000a37 pred:80000004 epoch:0
            fallthru:80000004 OPCLASS_INT has_{rs1,rs2,rd}:{0,0,1} writes_mem:0, imm:80000000 halt_sentinel:0}
        Mem_Rsp {MEM_RSP_OK addr:80000000 rdata:80000a37 I_0 pc:80000000 instr:00000000 FETCH 4B}
Trace 4 0 80000000 80000a37 D
5: CPU.Fetch:
        Fetch_to_Decode{I_2 pc:80000008 pred:8000000c epoch:0 halt_sentinel:0}
        Mem_Req {I_2 pc:80000008 instr:xxxxxxxx FETCH 4B addr:80000008 epoch:0}
Trace 5 2 80000008 00000000 F
5: CPU.Decode:
        Decode_to_RR{I_1 pc:80000004 instr:3f8000b7 pred:80000008 epoch:0
            fallthru:80000008 OPCLASS_INT has_{rs1,rs2,rd}:{0,0,1} writes_mem:0, imm:3f800000 halt_sentinel:0}
        Mem_Rsp {MEM_RSP_OK addr:80000004 rdata:3f8000b7 I_1 pc:80000004 instr:00000000 FETCH 4B}
Trace 5 1 80000004 3f8000b7 D
6: CPU.Fetch:
        Fetch_to_Decode{I_3 pc:8000000c pred:80000010 epoch:0 halt_sentinel:0}
        Mem_Req {I_3 pc:8000000c instr:xxxxxxxx FETCH 4B addr:8000000c epoch:0}
Trace 6 3 8000000c 00000000 F
33: CPU.Dispatch_Int:
        RR_to_Retire{I_0 pc:80000000 instr:80000a37 EXEC_TAG_INT
                 pred:80000004 epoch:0 has_rd:1 writes_mem:0
                 fallthru:80000004 halt_sentinel:0}
        RR_to_EX{I_0 pc:80000000 instr:80000a37
             rs1_val:00000000  rs2_val:00000000  imm:80000000 }
Trace 33 0 80000000 80000a37 RR.I
34: CPU.Decode:
        Decode_to_RR{I_2 pc:80000008 instr:0800810b pred:8000000c epoch:0
            fallthru:8000000c OPCLASS_POSIT has_{rs1,rs2,rd}:{1,0,1} writes_mem:0, imm:0 halt_sentinel:0}
        Mem_Rsp {MEM_RSP_OK addr:80000008 rdata:0800810b I_2 pc:80000008 instr:00000000 FETCH 4B}
Trace 34 2 80000008 0800810b D
34: CPU.Dispatch_Int:
        RR_to_Retire{I_1 pc:80000004 instr:3f8000b7 EXEC_TAG_INT
                 pred:80000008 epoch:0 has_rd:1 writes_mem:0
                 fallthru:80000008 halt_sentinel:0}
        RR_to_EX{I_1 pc:80000004 instr:3f8000b7
             rs1_val:00000000  rs2_val:00000000  imm:3f800000 }
Trace 34 1 80000004 3f8000b7 RR.I
35: CPU.Fetch:
        Fetch_to_Decode{I_4 pc:80000010 pred:80000014 epoch:0 halt_sentinel:0}
        Mem_Req {I_4 pc:80000010 instr:xxxxxxxx FETCH 4B addr:80000010 epoch:0}
Trace 35 4 80000010 00000000 F
35: CPU.Decode:
        Decode_to_RR{I_3 pc:8000000c instr:0a01018b pred:80000010 epoch:0
            fallthru:80000010 OPCLASS_POSIT has_{rs1,rs2,rd}:{1,0,1} writes_mem:0, imm:0 halt_sentinel:0}
        Mem_Rsp {MEM_RSP_OK addr:8000000c rdata:0a01018b I_3 pc:8000000c instr:00000000 FETCH 4B}
Trace 35 3 8000000c 0a01018b D
fn_EX_IALU: LUI x20 <= 80000000
35: CPU.EX_Int
        RR_to_EX{I_0 pc:80000000 instr:80000a37
             rs1_val:00000000  rs2_val:00000000  imm:80000000 }
        EX_to_Retire{I_0 pc:80000000 instr:80000a37
                  data:80000000}
Trace 35 0 80000000 80000a37 EX.I
36: CPU.Fetch:
        Fetch_to_Decode{I_5 pc:80000014 pred:80000018 epoch:0 halt_sentinel:0}
        Mem_Req {I_5 pc:80000014 instr:xxxxxxxx FETCH 4B addr:80000014 epoch:0}
Trace 36 5 80000014 00000000 F
fn_EX_IALU: LUI x1 <= 3f800000
36: CPU.EX_Int
        RR_to_EX{I_1 pc:80000004 instr:3f8000b7
             rs1_val:00000000  rs2_val:00000000  imm:3f800000 }
        EX_to_Retire{I_1 pc:80000004 instr:3f8000b7
                  data:3f800000}
Trace 36 1 80000004 3f8000b7 EX.I
36:     CPU.S5.fa_update_rd:
          RW_from_Retire{I_0 pc:80000000 instr:80000a37 rd:20 commit:1 data:80000000}
Trace 36 0 80000000 80000a37 RET.I
36: CPU.Retire_EX_Int: Normal
        EX_to_Retire{I_0 pc:80000000 instr:80000a37
                  data:80000000}
37: CPU.RW (same-cycle with dispatch):
37:     RW_from_Retire{I_0 pc:80000000 instr:80000a37 rd:20 commit:1 data:80000000}
Trace 37 0 80000000 80000a37 RW
37: CPU.fwd: rs1 x1 <- EX_Int fwd val 3f800000
37: CPU.Dispatch_Int:
        RR_to_Retire{I_2 pc:80000008 instr:0800810b EXEC_TAG_POSIT
                 pred:8000000c epoch:0 has_rd:1 writes_mem:0
                 fallthru:8000000c halt_sentinel:0}
        RR_to_EX{I_2 pc:80000008 instr:0800810b
             rs1_val:3f800000  rs2_val:00000000  imm:00000000 }
Trace 37 2 80000008 0800810b RR.I
37:     CPU.S5.fa_update_rd:
          RW_from_Retire{I_1 pc:80000004 instr:3f8000b7 rd:1 commit:1 data:3f800000}
Trace 37 1 80000004 3f8000b7 RET.I
37: CPU.Retire_EX_Int: Normal
        EX_to_Retire{I_1 pc:80000004 instr:3f8000b7
                  data:3f800000}
38: CPU.Decode:
        Decode_to_RR{I_4 pc:80000010 instr:002a2023 pred:80000014 epoch:0
            fallthru:80000014 OPCLASS_MEM has_{rs1,rs2,rd}:{1,1,0} writes_mem:1, imm:0 halt_sentinel:0}
        Mem_Rsp {MEM_RSP_OK addr:80000010 rdata:002a2023 I_4 pc:80000010 instr:00000000 FETCH 4B}
Trace 38 4 80000010 002a2023 D
38: CPU.RW (during stall):
38:     RW_from_Retire{I_1 pc:80000004 instr:3f8000b7 rd:1 commit:1 data:3f800000}
Trace 38 1 80000004 3f8000b7 RW
38: CPU.rl_RR.stall: busy rd:0 rs1:1 rs2:0
        Decode_to_RR{I_3 pc:8000000c instr:0a01018b pred:80000010 epoch:0
            fallthru:80000010 OPCLASS_POSIT has_{rs1,rs2,rd}:{1,0,1} writes_mem:0, imm:0 halt_sentinel:0}
Trace 38 3 8000000c 0a01018b RR.S
39: CPU.Fetch:
        Fetch_to_Decode{I_6 pc:80000018 pred:8000001c epoch:0 halt_sentinel:0}
        Mem_Req {I_6 pc:80000018 instr:xxxxxxxx FETCH 4B addr:80000018 epoch:0}
Trace 39 6 80000018 00000000 F
39: CPU.rl_RR.stall: busy rd:0 rs1:1 rs2:0
        Decode_to_RR{I_3 pc:8000000c instr:0a01018b pred:80000010 epoch:0
            fallthru:80000010 OPCLASS_POSIT has_{rs1,rs2,rd}:{1,0,1} writes_mem:0, imm:0 halt_sentinel:0}
Trace 39 3 8000000c 0a01018b RR.S
40: CPU.rl_RR.stall: busy rd:0 rs1:1 rs2:0
        Decode_to_RR{I_3 pc:8000000c instr:0a01018b pred:80000010 epoch:0
            fallthru:80000010 OPCLASS_POSIT has_{rs1,rs2,rd}:{1,0,1} writes_mem:0, imm:0 halt_sentinel:0}
Trace 40 3 8000000c 0a01018b RR.S
41: CPU.rl_RR.stall: busy rd:0 rs1:1 rs2:0
        Decode_to_RR{I_3 pc:8000000c instr:0a01018b pred:80000010 epoch:0
            fallthru:80000010 OPCLASS_POSIT has_{rs1,rs2,rd}:{1,0,1} writes_mem:0, imm:0 halt_sentinel:0}
Trace 41 3 8000000c 0a01018b RR.S
42: CPU.rl_RR.stall: busy rd:0 rs1:1 rs2:0
        Decode_to_RR{I_3 pc:8000000c instr:0a01018b pred:80000010 epoch:0
            fallthru:80000010 OPCLASS_POSIT has_{rs1,rs2,rd}:{1,0,1} writes_mem:0, imm:0 halt_sentinel:0}
Trace 42 3 8000000c 0a01018b RR.S
43: CPU.rl_RR.stall: busy rd:0 rs1:1 rs2:0
        Decode_to_RR{I_3 pc:8000000c instr:0a01018b pred:80000010 epoch:0
            fallthru:80000010 OPCLASS_POSIT has_{rs1,rs2,rd}:{1,0,1} writes_mem:0, imm:0 halt_sentinel:0}
Trace 43 3 8000000c 0a01018b RR.S
44: CPU.rl_RR.stall: busy rd:0 rs1:1 rs2:0
        Decode_to_RR{I_3 pc:8000000c instr:0a01018b pred:80000010 epoch:0
            fallthru:80000010 OPCLASS_POSIT has_{rs1,rs2,rd}:{1,0,1} writes_mem:0, imm:0 halt_sentinel:0}
Trace 44 3 8000000c 0a01018b RR.S
45: CPU.rl_RR.stall: busy rd:0 rs1:1 rs2:0
        Decode_to_RR{I_3 pc:8000000c instr:0a01018b pred:80000010 epoch:0
            fallthru:80000010 OPCLASS_POSIT has_{rs1,rs2,rd}:{1,0,1} writes_mem:0, imm:0 halt_sentinel:0}
Trace 45 3 8000000c 0a01018b RR.S
45:     CPU.S5.fa_update_rd:
          RW_from_Retire{I_2 pc:80000008 instr:0800810b rd:2 commit:1 data:40000000}
45: CPU.S5.rl_Retire_EX_Posit: instr 0800810b rd=40000000 exc=0
46: CPU.RW (same-cycle with dispatch):
46:     RW_from_Retire{I_2 pc:80000008 instr:0800810b rd:2 commit:1 data:40000000}
Trace 46 2 80000008 0800810b RW
46: CPU.fwd: rs1 x2 <- WB val 40000000
46: CPU.Dispatch_Int:
        RR_to_Retire{I_3 pc:8000000c instr:0a01018b EXEC_TAG_POSIT
                 pred:80000010 epoch:0 has_rd:1 writes_mem:0
                 fallthru:80000010 halt_sentinel:0}
        RR_to_EX{I_3 pc:8000000c instr:0a01018b
             rs1_val:40000000  rs2_val:00000000  imm:00000000 }
Trace 46 3 8000000c 0a01018b RR.I
47: CPU.Decode:
        Decode_to_RR{I_5 pc:80000014 instr:003a2223 pred:80000018 epoch:0
            fallthru:80000018 OPCLASS_MEM has_{rs1,rs2,rd}:{1,1,0} writes_mem:1, imm:4 halt_sentinel:0}
        Mem_Rsp {MEM_RSP_OK addr:80000014 rdata:003a2223 I_5 pc:80000014 instr:00000000 FETCH 4B}
Trace 47 5 80000014 003a2223 D
47: CPU.Dispatch_DMem:
        RR_to_Retire{I_4 pc:80000010 instr:002a2023 EXEC_TAG_DMEM
                 pred:80000014 epoch:0 has_rd:0 writes_mem:1
                 fallthru:80000014 halt_sentinel:0}
        rs1_val:80000000  rs2_val:40000000  imm:00000000
        Mem_Req {I_4 pc:80000010 instr:002a2023 STORE 4B addr:80000000 wdata:40000000 epoch:0}
Trace 47 4 80000010 002a2023 RR.D
48: CPU.Fetch:
        Fetch_to_Decode{I_7 pc:8000001c pred:80000020 epoch:0 halt_sentinel:0}
        Mem_Req {I_7 pc:8000001c instr:xxxxxxxx FETCH 4B addr:8000001c epoch:0}
Trace 48 7 8000001c 00000000 F
48: CPU.Decode:
        Decode_to_RR{I_6 pc:80000018 instr:40000537 pred:8000001c epoch:0
            fallthru:8000001c OPCLASS_INT has_{rs1,rs2,rd}:{0,0,1} writes_mem:0, imm:40000000 halt_sentinel:0}
        Mem_Rsp {MEM_RSP_OK addr:80000018 rdata:40000537 I_6 pc:80000018 instr:00000000 FETCH 4B}
Trace 48 6 80000018 40000537 D
48: CPU.rl_RR.stall: busy rd:0 rs1:0 rs2:1
        Decode_to_RR{I_5 pc:80000014 instr:003a2223 pred:80000018 epoch:0
            fallthru:80000018 OPCLASS_MEM has_{rs1,rs2,rd}:{1,1,0} writes_mem:1, imm:4 halt_sentinel:0}
Trace 48 5 80000014 003a2223 RR.S
49: CPU.Fetch:
        Fetch_to_Decode{I_8 pc:80000020 pred:80000024 epoch:0 halt_sentinel:0}
        Mem_Req {I_8 pc:80000020 instr:xxxxxxxx FETCH 4B addr:80000020 epoch:0}
Trace 49 8 80000020 00000000 F
49: CPU.rl_RR.stall: busy rd:0 rs1:0 rs2:1
        Decode_to_RR{I_5 pc:80000014 instr:003a2223 pred:80000018 epoch:0
            fallthru:80000018 OPCLASS_MEM has_{rs1,rs2,rd}:{1,1,0} writes_mem:1, imm:4 halt_sentinel:0}
Trace 49 5 80000014 003a2223 RR.S
50: CPU.rl_RR.stall: busy rd:0 rs1:0 rs2:1
        Decode_to_RR{I_5 pc:80000014 instr:003a2223 pred:80000018 epoch:0
            fallthru:80000018 OPCLASS_MEM has_{rs1,rs2,rd}:{1,1,0} writes_mem:1, imm:4 halt_sentinel:0}
Trace 50 5 80000014 003a2223 RR.S
51: CPU.rl_RR.stall: busy rd:0 rs1:0 rs2:1
        Decode_to_RR{I_5 pc:80000014 instr:003a2223 pred:80000018 epoch:0
            fallthru:80000018 OPCLASS_MEM has_{rs1,rs2,rd}:{1,1,0} writes_mem:1, imm:4 halt_sentinel:0}
Trace 51 5 80000014 003a2223 RR.S
52: CPU.rl_RR.stall: busy rd:0 rs1:0 rs2:1
        Decode_to_RR{I_5 pc:80000014 instr:003a2223 pred:80000018 epoch:0
            fallthru:80000018 OPCLASS_MEM has_{rs1,rs2,rd}:{1,1,0} writes_mem:1, imm:4 halt_sentinel:0}
Trace 52 5 80000014 003a2223 RR.S
53: CPU.rl_RR.stall: busy rd:0 rs1:0 rs2:1
        Decode_to_RR{I_5 pc:80000014 instr:003a2223 pred:80000018 epoch:0
            fallthru:80000018 OPCLASS_MEM has_{rs1,rs2,rd}:{1,1,0} writes_mem:1, imm:4 halt_sentinel:0}
Trace 53 5 80000014 003a2223 RR.S
53:     CPU.S5.fa_update_rd:
          RW_from_Retire{I_3 pc:8000000c instr:0a01018b rd:3 commit:1 data:3f800000}
53: CPU.S5.rl_Retire_EX_Posit: instr 0a01018b rd=3f800000 exc=0
54: mkMems_Devices: for client CLIENT_DMEM
        Mem_Req {I_4 pc:80000010 instr:002a2023 STORE 4B addr:80000000 wdata:40000000 epoch:0}
        Mem_Rsp {MEM_RSP_OK addr:80000000 I_4 pc:80000010 instr:002a2023 STORE 4B}
54: CPU.RW (same-cycle with dispatch):
54:     RW_from_Retire{I_3 pc:8000000c instr:0a01018b rd:3 commit:1 data:3f800000}
Trace 54 3 8000000c 0a01018b RW
54: CPU.fwd: rs2 x3 <- WB val 3f800000
54: CPU.Dispatch_DMem:
        RR_to_Retire{I_5 pc:80000014 instr:003a2223 EXEC_TAG_DMEM
                 pred:80000018 epoch:0 has_rd:0 writes_mem:1
                 fallthru:80000018 halt_sentinel:0}
        rs1_val:80000000  rs2_val:3f800000  imm:00000004
        Mem_Req {I_5 pc:80000014 instr:003a2223 STORE 4B addr:80000004 wdata:3f800000 epoch:0}
Trace 54 5 80000014 003a2223 RR.D
Trace 54 4 80000010 002a2023 RET.D
54: CPU.Retire_EX_DMem: Normal
        Mem_Rsp {MEM_RSP_OK addr:80000000 I_4 pc:80000010 instr:002a2023 STORE 4B}
55: CPU.Decode:
        Decode_to_RR{I_7 pc:8000001c instr:04a11e63 pred:80000020 epoch:0
            fallthru:80000020 OPCLASS_CONTROL has_{rs1,rs2,rd}:{1,1,0} writes_mem:0, imm:5c halt_sentinel:0}
        Mem_Rsp {MEM_RSP_OK addr:8000001c rdata:04a11e63 I_7 pc:8000001c instr:00000000 FETCH 4B}
Trace 55 7 8000001c 04a11e63 D
55: CPU.Dispatch_Int:
        RR_to_Retire{I_6 pc:80000018 instr:40000537 EXEC_TAG_INT
                 pred:8000001c epoch:0 has_rd:1 writes_mem:0
                 fallthru:8000001c halt_sentinel:0}
        RR_to_EX{I_6 pc:80000018 instr:40000537
             rs1_val:00000000  rs2_val:00000000  imm:40000000 }
Trace 55 6 80000018 40000537 RR.I
56: CPU.Fetch:
        Fetch_to_Decode{I_9 pc:80000024 pred:80000028 epoch:0 halt_sentinel:0}
        Mem_Req {I_9 pc:80000024 instr:xxxxxxxx FETCH 4B addr:80000024 epoch:0}
Trace 56 9 80000024 00000000 F
56: mkMems_Devices: for client CLIENT_DMEM
        Mem_Req {I_5 pc:80000014 instr:003a2223 STORE 4B addr:80000004 wdata:3f800000 epoch:0}
        Mem_Rsp {MEM_RSP_OK addr:80000004 I_5 pc:80000014 instr:003a2223 STORE 4B}
56: CPU.Decode:
        Decode_to_RR{I_8 pc:80000020 instr:3f8005b7 pred:80000024 epoch:0
            fallthru:80000024 OPCLASS_INT has_{rs1,rs2,rd}:{0,0,1} writes_mem:0, imm:3f800000 halt_sentinel:0}
        Mem_Rsp {MEM_RSP_OK addr:80000020 rdata:3f8005b7 I_8 pc:80000020 instr:00000000 FETCH 4B}
Trace 56 8 80000020 3f8005b7 D
56: CPU.rl_RR.stall: busy rd:0 rs1:0 rs2:1
        Decode_to_RR{I_7 pc:8000001c instr:04a11e63 pred:80000020 epoch:0
            fallthru:80000020 OPCLASS_CONTROL has_{rs1,rs2,rd}:{1,1,0} writes_mem:0, imm:5c halt_sentinel:0}
Trace 56 7 8000001c 04a11e63 RR.S
Trace 56 5 80000014 003a2223 RET.D
56: CPU.Retire_EX_DMem: Normal
        Mem_Rsp {MEM_RSP_OK addr:80000004 I_5 pc:80000014 instr:003a2223 STORE 4B}
fn_EX_IALU: LUI x10 <= 40000000
57: CPU.EX_Int
        RR_to_EX{I_6 pc:80000018 instr:40000537
             rs1_val:00000000  rs2_val:00000000  imm:40000000 }
        EX_to_Retire{I_6 pc:80000018 instr:40000537
                  data:40000000}
Trace 57 6 80000018 40000537 EX.I
58: CPU.Fetch:
        Fetch_to_Decode{I_10 pc:80000028 pred:8000002c epoch:0 halt_sentinel:0}
        Mem_Req {I_10 pc:80000028 instr:xxxxxxxx FETCH 4B addr:80000028 epoch:0}
Trace 58 10 80000028 00000000 F
58: CPU.fwd: rs2 x10 <- EX_Int fwd val 40000000
58: CPU.Dispatch_Control:
        RR_to_Retire{I_7 pc:8000001c instr:04a11e63 EXEC_TAG_CONTROL
                 pred:80000020 epoch:0 has_rd:0 writes_mem:0
                 fallthru:80000020 halt_sentinel:0}
        RR_to_EX_Control{I_7 pc:8000001c instr:04a11e63 fallthru:80000020
                  rs1_val:40000000  rs2_val:40000000  imm:0000005c }
Trace 58 7 8000001c 04a11e63 RR.C
58:     CPU.S5.fa_update_rd:
          RW_from_Retire{I_6 pc:80000018 instr:40000537 rd:10 commit:1 data:40000000}
Trace 58 6 80000018 40000537 RET.I
58: CPU.Retire_EX_Int: Normal
        EX_to_Retire{I_6 pc:80000018 instr:40000537
                  data:40000000}
59: CPU.Decode:
        Decode_to_RR{I_9 pc:80000024 instr:04b19a63 pred:80000028 epoch:0
            fallthru:80000028 OPCLASS_CONTROL has_{rs1,rs2,rd}:{1,1,0} writes_mem:0, imm:54 halt_sentinel:0}
        Mem_Rsp {MEM_RSP_OK addr:80000024 rdata:04b19a63 I_9 pc:80000024 instr:00000000 FETCH 4B}
Trace 59 9 80000024 04b19a63 D
59: CPU.RW (same-cycle with dispatch):
59:     RW_from_Retire{I_6 pc:80000018 instr:40000537 rd:10 commit:1 data:40000000}
Trace 59 6 80000018 40000537 RW
59: CPU.Dispatch_Int:
        RR_to_Retire{I_8 pc:80000020 instr:3f8005b7 EXEC_TAG_INT
                 pred:80000024 epoch:0 has_rd:1 writes_mem:0
                 fallthru:80000024 halt_sentinel:0}
        RR_to_EX{I_8 pc:80000020 instr:3f8005b7
             rs1_val:00000000  rs2_val:00000000  imm:3f800000 }
Trace 59 8 80000020 3f8005b7 RR.I
60: CPU.EX_Control
        RR_to_EX_Control{I_7 pc:8000001c instr:04a11e63 fallthru:80000020
                  rs1_val:40000000  rs2_val:40000000  imm:0000005c }
        EX_Control_to_Retire{I_7 pc:8000001c instr:04a11e63
                       next_pc:80000020  data:80000020}
Trace 60 7 8000001c 04a11e63 EX.C
60: CPU.Fetch:
        Fetch_to_Decode{I_11 pc:8000002c pred:80000030 epoch:0 halt_sentinel:0}
        Mem_Req {I_11 pc:8000002c instr:xxxxxxxx FETCH 4B addr:8000002c epoch:0}
Trace 60 11 8000002c 00000000 F
60: CPU.Decode:
        Decode_to_RR{I_10 pc:80000028 instr:400000b7 pred:8000002c epoch:0
            fallthru:8000002c OPCLASS_INT has_{rs1,rs2,rd}:{0,0,1} writes_mem:0, imm:40000000 halt_sentinel:0}
        Mem_Rsp {MEM_RSP_OK addr:80000028 rdata:400000b7 I_10 pc:80000028 instr:00000000 FETCH 4B}
Trace 60 10 80000028 400000b7 D
60: CPU.rl_RR.stall: busy rd:0 rs1:0 rs2:1
        Decode_to_RR{I_9 pc:80000024 instr:04b19a63 pred:80000028 epoch:0
            fallthru:80000028 OPCLASS_CONTROL has_{rs1,rs2,rd}:{1,1,0} writes_mem:0, imm:54 halt_sentinel:0}
Trace 60 9 80000024 04b19a63 RR.S
61: CPU.Fetch:
        Fetch_to_Decode{I_12 pc:80000030 pred:80000034 epoch:0 halt_sentinel:0}
        Mem_Req {I_12 pc:80000030 instr:xxxxxxxx FETCH 4B addr:80000030 epoch:0}
Trace 61 12 80000030 00000000 F
fn_EX_IALU: LUI x11 <= 3f800000
61: CPU.EX_Int
        RR_to_EX{I_8 pc:80000020 instr:3f8005b7
             rs1_val:00000000  rs2_val:00000000  imm:3f800000 }
        EX_to_Retire{I_8 pc:80000020 instr:3f8005b7
                  data:3f800000}
Trace 61 8 80000020 3f8005b7 EX.I
Trace 61 7 8000001c 04a11e63 RET.C
61: CPU.Retire_EX_Control: Normal
        EX_Control_to_Retire{I_7 pc:8000001c instr:04a11e63
                       next_pc:80000020  data:80000020}
62: CPU.fwd: rs2 x11 <- EX_Int fwd val 3f800000
62: CPU.Dispatch_Control:
        RR_to_Retire{I_9 pc:80000024 instr:04b19a63 EXEC_TAG_CONTROL
                 pred:80000028 epoch:0 has_rd:0 writes_mem:0
                 fallthru:80000028 halt_sentinel:0}
        RR_to_EX_Control{I_9 pc:80000024 instr:04b19a63 fallthru:80000028
                  rs1_val:3f800000  rs2_val:3f800000  imm:00000054 }
Trace 62 9 80000024 04b19a63 RR.C
62:     CPU.S5.fa_update_rd:
          RW_from_Retire{I_8 pc:80000020 instr:3f8005b7 rd:11 commit:1 data:3f800000}
Trace 62 8 80000020 3f8005b7 RET.I
62: CPU.Retire_EX_Int: Normal
        EX_to_Retire{I_8 pc:80000020 instr:3f8005b7
                  data:3f800000}
63: CPU.Decode:
        Decode_to_RR{I_11 pc:8000002c instr:0800810b pred:80000030 epoch:0
            fallthru:80000030 OPCLASS_POSIT has_{rs1,rs2,rd}:{1,0,1} writes_mem:0, imm:0 halt_sentinel:0}
        Mem_Rsp {MEM_RSP_OK addr:8000002c rdata:0800810b I_11 pc:8000002c instr:00000000 FETCH 4B}
Trace 63 11 8000002c 0800810b D
63: CPU.RW (same-cycle with dispatch):
63:     RW_from_Retire{I_8 pc:80000020 instr:3f8005b7 rd:11 commit:1 data:3f800000}
Trace 63 8 80000020 3f8005b7 RW
63: CPU.Dispatch_Int:
        RR_to_Retire{I_10 pc:80000028 instr:400000b7 EXEC_TAG_INT
                 pred:8000002c epoch:0 has_rd:1 writes_mem:0
                 fallthru:8000002c halt_sentinel:0}
        RR_to_EX{I_10 pc:80000028 instr:400000b7
             rs1_val:00000000  rs2_val:00000000  imm:40000000 }
Trace 63 10 80000028 400000b7 RR.I
64: CPU.EX_Control
        RR_to_EX_Control{I_9 pc:80000024 instr:04b19a63 fallthru:80000028
                  rs1_val:3f800000  rs2_val:3f800000  imm:00000054 }
        EX_Control_to_Retire{I_9 pc:80000024 instr:04b19a63
                       next_pc:80000028  data:80000028}
Trace 64 9 80000024 04b19a63 EX.C
64: CPU.Fetch:
        Fetch_to_Decode{I_13 pc:80000034 pred:80000038 epoch:0 halt_sentinel:0}
        Mem_Req {I_13 pc:80000034 instr:xxxxxxxx FETCH 4B addr:80000034 epoch:0}
Trace 64 13 80000034 00000000 F
64: CPU.Decode:
        Decode_to_RR{I_12 pc:80000030 instr:0a01018b pred:80000034 epoch:0
            fallthru:80000034 OPCLASS_POSIT has_{rs1,rs2,rd}:{1,0,1} writes_mem:0, imm:0 halt_sentinel:0}
        Mem_Rsp {MEM_RSP_OK addr:80000030 rdata:0a01018b I_12 pc:80000030 instr:00000000 FETCH 4B}
Trace 64 12 80000030 0a01018b D
64: CPU.rl_RR.stall: busy rd:0 rs1:1 rs2:0
        Decode_to_RR{I_11 pc:8000002c instr:0800810b pred:80000030 epoch:0
            fallthru:80000030 OPCLASS_POSIT has_{rs1,rs2,rd}:{1,0,1} writes_mem:0, imm:0 halt_sentinel:0}
Trace 64 11 8000002c 0800810b RR.S
65: CPU.Fetch:
        Fetch_to_Decode{I_14 pc:80000038 pred:8000003c epoch:0 halt_sentinel:0}
        Mem_Req {I_14 pc:80000038 instr:xxxxxxxx FETCH 4B addr:80000038 epoch:0}
Trace 65 14 80000038 00000000 F
fn_EX_IALU: LUI x1 <= 40000000
65: CPU.EX_Int
        RR_to_EX{I_10 pc:80000028 instr:400000b7
             rs1_val:00000000  rs2_val:00000000  imm:40000000 }
        EX_to_Retire{I_10 pc:80000028 instr:400000b7
                  data:40000000}
Trace 65 10 80000028 400000b7 EX.I
Trace 65 9 80000024 04b19a63 RET.C
65: CPU.Retire_EX_Control: Normal
        EX_Control_to_Retire{I_9 pc:80000024 instr:04b19a63
                       next_pc:80000028  data:80000028}
66: CPU.fwd: rs1 x1 <- EX_Int fwd val 40000000
66: CPU.Dispatch_Int:
        RR_to_Retire{I_11 pc:8000002c instr:0800810b EXEC_TAG_POSIT
                 pred:80000030 epoch:0 has_rd:1 writes_mem:0
                 fallthru:80000030 halt_sentinel:0}
        RR_to_EX{I_11 pc:8000002c instr:0800810b
             rs1_val:40000000  rs2_val:00000000  imm:00000000 }
Trace 66 11 8000002c 0800810b RR.I
66:     CPU.S5.fa_update_rd:
          RW_from_Retire{I_10 pc:80000028 instr:400000b7 rd:1 commit:1 data:40000000}
Trace 66 10 80000028 400000b7 RET.I
66: CPU.Retire_EX_Int: Normal
        EX_to_Retire{I_10 pc:80000028 instr:400000b7
                  data:40000000}
67: CPU.Decode:
        Decode_to_RR{I_13 pc:80000034 instr:002a2423 pred:80000038 epoch:0
            fallthru:80000038 OPCLASS_MEM has_{rs1,rs2,rd}:{1,1,0} writes_mem:1, imm:8 halt_sentinel:0}
        Mem_Rsp {MEM_RSP_OK addr:80000034 rdata:002a2423 I_13 pc:80000034 instr:00000000 FETCH 4B}
Trace 67 13 80000034 002a2423 D
67: CPU.RW (during stall):
67:     RW_from_Retire{I_10 pc:80000028 instr:400000b7 rd:1 commit:1 data:40000000}
Trace 67 10 80000028 400000b7 RW
67: CPU.rl_RR.stall: busy rd:0 rs1:1 rs2:0
        Decode_to_RR{I_12 pc:80000030 instr:0a01018b pred:80000034 epoch:0
            fallthru:80000034 OPCLASS_POSIT has_{rs1,rs2,rd}:{1,0,1} writes_mem:0, imm:0 halt_sentinel:0}
Trace 67 12 80000030 0a01018b RR.S
68: CPU.Fetch:
        Fetch_to_Decode{I_15 pc:8000003c pred:80000040 epoch:0 halt_sentinel:0}
        Mem_Req {I_15 pc:8000003c instr:xxxxxxxx FETCH 4B addr:8000003c epoch:0}
Trace 68 15 8000003c 00000000 F
68: CPU.rl_RR.stall: busy rd:0 rs1:1 rs2:0
        Decode_to_RR{I_12 pc:80000030 instr:0a01018b pred:80000034 epoch:0
            fallthru:80000034 OPCLASS_POSIT has_{rs1,rs2,rd}:{1,0,1} writes_mem:0, imm:0 halt_sentinel:0}
Trace 68 12 80000030 0a01018b RR.S
69: CPU.rl_RR.stall: busy rd:0 rs1:1 rs2:0
        Decode_to_RR{I_12 pc:80000030 instr:0a01018b pred:80000034 epoch:0
            fallthru:80000034 OPCLASS_POSIT has_{rs1,rs2,rd}:{1,0,1} writes_mem:0, imm:0 halt_sentinel:0}
Trace 69 12 80000030 0a01018b RR.S
70: CPU.rl_RR.stall: busy rd:0 rs1:1 rs2:0
        Decode_to_RR{I_12 pc:80000030 instr:0a01018b pred:80000034 epoch:0
            fallthru:80000034 OPCLASS_POSIT has_{rs1,rs2,rd}:{1,0,1} writes_mem:0, imm:0 halt_sentinel:0}
Trace 70 12 80000030 0a01018b RR.S
71: CPU.rl_RR.stall: busy rd:0 rs1:1 rs2:0
        Decode_to_RR{I_12 pc:80000030 instr:0a01018b pred:80000034 epoch:0
            fallthru:80000034 OPCLASS_POSIT has_{rs1,rs2,rd}:{1,0,1} writes_mem:0, imm:0 halt_sentinel:0}
Trace 71 12 80000030 0a01018b RR.S
72: CPU.rl_RR.stall: busy rd:0 rs1:1 rs2:0
        Decode_to_RR{I_12 pc:80000030 instr:0a01018b pred:80000034 epoch:0
            fallthru:80000034 OPCLASS_POSIT has_{rs1,rs2,rd}:{1,0,1} writes_mem:0, imm:0 halt_sentinel:0}
Trace 72 12 80000030 0a01018b RR.S
73: CPU.rl_RR.stall: busy rd:0 rs1:1 rs2:0
        Decode_to_RR{I_12 pc:80000030 instr:0a01018b pred:80000034 epoch:0
            fallthru:80000034 OPCLASS_POSIT has_{rs1,rs2,rd}:{1,0,1} writes_mem:0, imm:0 halt_sentinel:0}
Trace 73 12 80000030 0a01018b RR.S
74: CPU.rl_RR.stall: busy rd:0 rs1:1 rs2:0
        Decode_to_RR{I_12 pc:80000030 instr:0a01018b pred:80000034 epoch:0
            fallthru:80000034 OPCLASS_POSIT has_{rs1,rs2,rd}:{1,0,1} writes_mem:0, imm:0 halt_sentinel:0}
Trace 74 12 80000030 0a01018b RR.S
74:     CPU.S5.fa_update_rd:
          RW_from_Retire{I_11 pc:8000002c instr:0800810b rd:2 commit:1 data:48000000}
74: CPU.S5.rl_Retire_EX_Posit: instr 0800810b rd=48000000 exc=0
75: CPU.RW (same-cycle with dispatch):
75:     RW_from_Retire{I_11 pc:8000002c instr:0800810b rd:2 commit:1 data:48000000}
Trace 75 11 8000002c 0800810b RW
75: CPU.fwd: rs1 x2 <- WB val 48000000
75: CPU.Dispatch_Int:
        RR_to_Retire{I_12 pc:80000030 instr:0a01018b EXEC_TAG_POSIT
                 pred:80000034 epoch:0 has_rd:1 writes_mem:0
                 fallthru:80000034 halt_sentinel:0}
        RR_to_EX{I_12 pc:80000030 instr:0a01018b
             rs1_val:48000000  rs2_val:00000000  imm:00000000 }
Trace 75 12 80000030 0a01018b RR.I
76: CPU.Decode:
        Decode_to_RR{I_14 pc:80000038 instr:003a2623 pred:8000003c epoch:0
            fallthru:8000003c OPCLASS_MEM has_{rs1,rs2,rd}:{1,1,0} writes_mem:1, imm:c halt_sentinel:0}
        Mem_Rsp {MEM_RSP_OK addr:80000038 rdata:003a2623 I_14 pc:80000038 instr:00000000 FETCH 4B}
Trace 76 14 80000038 003a2623 D
76: CPU.Dispatch_DMem:
        RR_to_Retire{I_13 pc:80000034 instr:002a2423 EXEC_TAG_DMEM
                 pred:80000038 epoch:0 has_rd:0 writes_mem:1
                 fallthru:80000038 halt_sentinel:0}
        rs1_val:80000000  rs2_val:48000000  imm:00000008
        Mem_Req {I_13 pc:80000034 instr:002a2423 STORE 4B addr:80000008 wdata:48000000 epoch:0}
Trace 76 13 80000034 002a2423 RR.D
77: CPU.Fetch:
        Fetch_to_Decode{I_16 pc:80000040 pred:80000044 epoch:0 halt_sentinel:0}
        Mem_Req {I_16 pc:80000040 instr:xxxxxxxx FETCH 4B addr:80000040 epoch:0}
Trace 77 16 80000040 00000000 F
77: CPU.Decode:
        Decode_to_RR{I_15 pc:8000003c instr:48000537 pred:80000040 epoch:0
            fallthru:80000040 OPCLASS_INT has_{rs1,rs2,rd}:{0,0,1} writes_mem:0, imm:48000000 halt_sentinel:0}
        Mem_Rsp {MEM_RSP_OK addr:8000003c rdata:48000537 I_15 pc:8000003c instr:00000000 FETCH 4B}
Trace 77 15 8000003c 48000537 D
77: CPU.rl_RR.stall: busy rd:0 rs1:0 rs2:1
        Decode_to_RR{I_14 pc:80000038 instr:003a2623 pred:8000003c epoch:0
            fallthru:8000003c OPCLASS_MEM has_{rs1,rs2,rd}:{1,1,0} writes_mem:1, imm:c halt_sentinel:0}
Trace 77 14 80000038 003a2623 RR.S
78: CPU.Fetch:
        Fetch_to_Decode{I_17 pc:80000044 pred:80000048 epoch:0 halt_sentinel:0}
        Mem_Req {I_17 pc:80000044 instr:xxxxxxxx FETCH 4B addr:80000044 epoch:0}
Trace 78 17 80000044 00000000 F
78: CPU.rl_RR.stall: busy rd:0 rs1:0 rs2:1
        Decode_to_RR{I_14 pc:80000038 instr:003a2623 pred:8000003c epoch:0
            fallthru:8000003c OPCLASS_MEM has_{rs1,rs2,rd}:{1,1,0} writes_mem:1, imm:c halt_sentinel:0}
Trace 78 14 80000038 003a2623 RR.S
79: CPU.rl_RR.stall: busy rd:0 rs1:0 rs2:1
        Decode_to_RR{I_14 pc:80000038 instr:003a2623 pred:8000003c epoch:0
            fallthru:8000003c OPCLASS_MEM has_{rs1,rs2,rd}:{1,1,0} writes_mem:1, imm:c halt_sentinel:0}
Trace 79 14 80000038 003a2623 RR.S
80: CPU.rl_RR.stall: busy rd:0 rs1:0 rs2:1
        Decode_to_RR{I_14 pc:80000038 instr:003a2623 pred:8000003c epoch:0
            fallthru:8000003c OPCLASS_MEM has_{rs1,rs2,rd}:{1,1,0} writes_mem:1, imm:c halt_sentinel:0}
Trace 80 14 80000038 003a2623 RR.S
81: CPU.rl_RR.stall: busy rd:0 rs1:0 rs2:1
        Decode_to_RR{I_14 pc:80000038 instr:003a2623 pred:8000003c epoch:0
            fallthru:8000003c OPCLASS_MEM has_{rs1,rs2,rd}:{1,1,0} writes_mem:1, imm:c halt_sentinel:0}
Trace 81 14 80000038 003a2623 RR.S
82: CPU.rl_RR.stall: busy rd:0 rs1:0 rs2:1
        Decode_to_RR{I_14 pc:80000038 instr:003a2623 pred:8000003c epoch:0
            fallthru:8000003c OPCLASS_MEM has_{rs1,rs2,rd}:{1,1,0} writes_mem:1, imm:c halt_sentinel:0}
Trace 82 14 80000038 003a2623 RR.S
82:     CPU.S5.fa_update_rd:
          RW_from_Retire{I_12 pc:80000030 instr:0a01018b rd:3 commit:1 data:40000000}
82: CPU.S5.rl_Retire_EX_Posit: instr 0a01018b rd=40000000 exc=0
83: mkMems_Devices: for client CLIENT_DMEM
        Mem_Req {I_13 pc:80000034 instr:002a2423 STORE 4B addr:80000008 wdata:48000000 epoch:0}
        Mem_Rsp {MEM_RSP_OK addr:80000008 I_13 pc:80000034 instr:002a2423 STORE 4B}
83: CPU.RW (same-cycle with dispatch):
83:     RW_from_Retire{I_12 pc:80000030 instr:0a01018b rd:3 commit:1 data:40000000}
Trace 83 12 80000030 0a01018b RW
83: CPU.fwd: rs2 x3 <- WB val 40000000
83: CPU.Dispatch_DMem:
        RR_to_Retire{I_14 pc:80000038 instr:003a2623 EXEC_TAG_DMEM
                 pred:8000003c epoch:0 has_rd:0 writes_mem:1
                 fallthru:8000003c halt_sentinel:0}
        rs1_val:80000000  rs2_val:40000000  imm:0000000c
        Mem_Req {I_14 pc:80000038 instr:003a2623 STORE 4B addr:8000000c wdata:40000000 epoch:0}
Trace 83 14 80000038 003a2623 RR.D
Trace 83 13 80000034 002a2423 RET.D
83: CPU.Retire_EX_DMem: Normal
        Mem_Rsp {MEM_RSP_OK addr:80000008 I_13 pc:80000034 instr:002a2423 STORE 4B}
84: CPU.Decode:
        Decode_to_RR{I_16 pc:80000040 instr:02a11c63 pred:80000044 epoch:0
            fallthru:80000044 OPCLASS_CONTROL has_{rs1,rs2,rd}:{1,1,0} writes_mem:0, imm:38 halt_sentinel:0}
        Mem_Rsp {MEM_RSP_OK addr:80000040 rdata:02a11c63 I_16 pc:80000040 instr:00000000 FETCH 4B}
Trace 84 16 80000040 02a11c63 D
84: CPU.Dispatch_Int:
        RR_to_Retire{I_15 pc:8000003c instr:48000537 EXEC_TAG_INT
                 pred:80000040 epoch:0 has_rd:1 writes_mem:0
                 fallthru:80000040 halt_sentinel:0}
        RR_to_EX{I_15 pc:8000003c instr:48000537
             rs1_val:00000000  rs2_val:00000000  imm:48000000 }
Trace 84 15 8000003c 48000537 RR.I
85: CPU.Fetch:
        Fetch_to_Decode{I_18 pc:80000048 pred:8000004c epoch:0 halt_sentinel:0}
        Mem_Req {I_18 pc:80000048 instr:xxxxxxxx FETCH 4B addr:80000048 epoch:0}
Trace 85 18 80000048 00000000 F
85: mkMems_Devices: for client CLIENT_DMEM
        Mem_Req {I_14 pc:80000038 instr:003a2623 STORE 4B addr:8000000c wdata:40000000 epoch:0}
        Mem_Rsp {MEM_RSP_OK addr:8000000c I_14 pc:80000038 instr:003a2623 STORE 4B}
85: CPU.Decode:
        Decode_to_RR{I_17 pc:80000044 instr:400005b7 pred:80000048 epoch:0
            fallthru:80000048 OPCLASS_INT has_{rs1,rs2,rd}:{0,0,1} writes_mem:0, imm:40000000 halt_sentinel:0}
        Mem_Rsp {MEM_RSP_OK addr:80000044 rdata:400005b7 I_17 pc:80000044 instr:00000000 FETCH 4B}
Trace 85 17 80000044 400005b7 D
85: CPU.rl_RR.stall: busy rd:0 rs1:0 rs2:1
        Decode_to_RR{I_16 pc:80000040 instr:02a11c63 pred:80000044 epoch:0
            fallthru:80000044 OPCLASS_CONTROL has_{rs1,rs2,rd}:{1,1,0} writes_mem:0, imm:38 halt_sentinel:0}
Trace 85 16 80000040 02a11c63 RR.S
Trace 85 14 80000038 003a2623 RET.D
85: CPU.Retire_EX_DMem: Normal
        Mem_Rsp {MEM_RSP_OK addr:8000000c I_14 pc:80000038 instr:003a2623 STORE 4B}
fn_EX_IALU: LUI x10 <= 48000000
86: CPU.EX_Int
        RR_to_EX{I_15 pc:8000003c instr:48000537
             rs1_val:00000000  rs2_val:00000000  imm:48000000 }
        EX_to_Retire{I_15 pc:8000003c instr:48000537
                  data:48000000}
Trace 86 15 8000003c 48000537 EX.I
87: CPU.Fetch:
        Fetch_to_Decode{I_19 pc:8000004c pred:80000050 epoch:0 halt_sentinel:0}
        Mem_Req {I_19 pc:8000004c instr:xxxxxxxx FETCH 4B addr:8000004c epoch:0}
Trace 87 19 8000004c 00000000 F
87: CPU.fwd: rs2 x10 <- EX_Int fwd val 48000000
87: CPU.Dispatch_Control:
        RR_to_Retire{I_16 pc:80000040 instr:02a11c63 EXEC_TAG_CONTROL
                 pred:80000044 epoch:0 has_rd:0 writes_mem:0
                 fallthru:80000044 halt_sentinel:0}
        RR_to_EX_Control{I_16 pc:80000040 instr:02a11c63 fallthru:80000044
                  rs1_val:48000000  rs2_val:48000000  imm:00000038 }
Trace 87 16 80000040 02a11c63 RR.C
87:     CPU.S5.fa_update_rd:
          RW_from_Retire{I_15 pc:8000003c instr:48000537 rd:10 commit:1 data:48000000}
Trace 87 15 8000003c 48000537 RET.I
87: CPU.Retire_EX_Int: Normal
        EX_to_Retire{I_15 pc:8000003c instr:48000537
                  data:48000000}
88: CPU.Decode:
        Decode_to_RR{I_18 pc:80000048 instr:02b19863 pred:8000004c epoch:0
            fallthru:8000004c OPCLASS_CONTROL has_{rs1,rs2,rd}:{1,1,0} writes_mem:0, imm:30 halt_sentinel:0}
        Mem_Rsp {MEM_RSP_OK addr:80000048 rdata:02b19863 I_18 pc:80000048 instr:00000000 FETCH 4B}
Trace 88 18 80000048 02b19863 D
88: CPU.RW (same-cycle with dispatch):
88:     RW_from_Retire{I_15 pc:8000003c instr:48000537 rd:10 commit:1 data:48000000}
Trace 88 15 8000003c 48000537 RW
88: CPU.Dispatch_Int:
        RR_to_Retire{I_17 pc:80000044 instr:400005b7 EXEC_TAG_INT
                 pred:80000048 epoch:0 has_rd:1 writes_mem:0
                 fallthru:80000048 halt_sentinel:0}
        RR_to_EX{I_17 pc:80000044 instr:400005b7
             rs1_val:00000000  rs2_val:00000000  imm:40000000 }
Trace 88 17 80000044 400005b7 RR.I
89: CPU.EX_Control
        RR_to_EX_Control{I_16 pc:80000040 instr:02a11c63 fallthru:80000044
                  rs1_val:48000000  rs2_val:48000000  imm:00000038 }
        EX_Control_to_Retire{I_16 pc:80000040 instr:02a11c63
                       next_pc:80000044  data:80000044}
Trace 89 16 80000040 02a11c63 EX.C
89: CPU.Fetch:
        Fetch_to_Decode{I_20 pc:80000050 pred:80000054 epoch:0 halt_sentinel:0}
        Mem_Req {I_20 pc:80000050 instr:xxxxxxxx FETCH 4B addr:80000050 epoch:0}
Trace 89 20 80000050 00000000 F
89: CPU.Decode:
        Decode_to_RR{I_19 pc:8000004c instr:00000093 pred:80000050 epoch:0
            fallthru:80000050 OPCLASS_INT has_{rs1,rs2,rd}:{1,0,1} writes_mem:0, imm:0 halt_sentinel:0}
        Mem_Rsp {MEM_RSP_OK addr:8000004c rdata:00000093 I_19 pc:8000004c instr:00000000 FETCH 4B}
Trace 89 19 8000004c 00000093 D
89: CPU.rl_RR.stall: busy rd:0 rs1:0 rs2:1
        Decode_to_RR{I_18 pc:80000048 instr:02b19863 pred:8000004c epoch:0
            fallthru:8000004c OPCLASS_CONTROL has_{rs1,rs2,rd}:{1,1,0} writes_mem:0, imm:30 halt_sentinel:0}
Trace 89 18 80000048 02b19863 RR.S
90: CPU.Fetch:
        Fetch_to_Decode{I_21 pc:80000054 pred:80000058 epoch:0 halt_sentinel:0}
        Mem_Req {I_21 pc:80000054 instr:xxxxxxxx FETCH 4B addr:80000054 epoch:0}
Trace 90 21 80000054 00000000 F
fn_EX_IALU: LUI x11 <= 40000000
90: CPU.EX_Int
        RR_to_EX{I_17 pc:80000044 instr:400005b7
             rs1_val:00000000  rs2_val:00000000  imm:40000000 }
        EX_to_Retire{I_17 pc:80000044 instr:400005b7
                  data:40000000}
Trace 90 17 80000044 400005b7 EX.I
Trace 90 16 80000040 02a11c63 RET.C
90: CPU.Retire_EX_Control: Normal
        EX_Control_to_Retire{I_16 pc:80000040 instr:02a11c63
                       next_pc:80000044  data:80000044}
91: CPU.fwd: rs2 x11 <- EX_Int fwd val 40000000
91: CPU.Dispatch_Control:
        RR_to_Retire{I_18 pc:80000048 instr:02b19863 EXEC_TAG_CONTROL
                 pred:8000004c epoch:0 has_rd:0 writes_mem:0
                 fallthru:8000004c halt_sentinel:0}
        RR_to_EX_Control{I_18 pc:80000048 instr:02b19863 fallthru:8000004c
                  rs1_val:40000000  rs2_val:40000000  imm:00000030 }
Trace 91 18 80000048 02b19863 RR.C
91:     CPU.S5.fa_update_rd:
          RW_from_Retire{I_17 pc:80000044 instr:400005b7 rd:11 commit:1 data:40000000}
Trace 91 17 80000044 400005b7 RET.I
91: CPU.Retire_EX_Int: Normal
        EX_to_Retire{I_17 pc:80000044 instr:400005b7
                  data:40000000}
92: CPU.Decode:
        Decode_to_RR{I_20 pc:80000050 instr:0800810b pred:80000054 epoch:0
            fallthru:80000054 OPCLASS_POSIT has_{rs1,rs2,rd}:{1,0,1} writes_mem:0, imm:0 halt_sentinel:0}
        Mem_Rsp {MEM_RSP_OK addr:80000050 rdata:0800810b I_20 pc:80000050 instr:00000000 FETCH 4B}
Trace 92 20 80000050 0800810b D
92: CPU.RW (same-cycle with dispatch):
92:     RW_from_Retire{I_17 pc:80000044 instr:400005b7 rd:11 commit:1 data:40000000}
Trace 92 17 80000044 400005b7 RW
92: CPU.Dispatch_Int:
        RR_to_Retire{I_19 pc:8000004c instr:00000093 EXEC_TAG_INT
                 pred:80000050 epoch:0 has_rd:1 writes_mem:0
                 fallthru:80000050 halt_sentinel:0}
        RR_to_EX{I_19 pc:8000004c instr:00000093
             rs1_val:00000000  rs2_val:00000000  imm:00000000 }
Trace 92 19 8000004c 00000093 RR.I
93: CPU.EX_Control
        RR_to_EX_Control{I_18 pc:80000048 instr:02b19863 fallthru:8000004c
                  rs1_val:40000000  rs2_val:40000000  imm:00000030 }
        EX_Control_to_Retire{I_18 pc:80000048 instr:02b19863
                       next_pc:8000004c  data:8000004c}
Trace 93 18 80000048 02b19863 EX.C
93: CPU.Fetch:
        Fetch_to_Decode{I_22 pc:80000058 pred:8000005c epoch:0 halt_sentinel:0}
        Mem_Req {I_22 pc:80000058 instr:xxxxxxxx FETCH 4B addr:80000058 epoch:0}
Trace 93 22 80000058 00000000 F
93: CPU.Decode:
        Decode_to_RR{I_21 pc:80000054 instr:002a2823 pred:80000058 epoch:0
            fallthru:80000058 OPCLASS_MEM has_{rs1,rs2,rd}:{1,1,0} writes_mem:1, imm:10 halt_sentinel:0}
        Mem_Rsp {MEM_RSP_OK addr:80000054 rdata:002a2823 I_21 pc:80000054 instr:00000000 FETCH 4B}
Trace 93 21 80000054 002a2823 D
93: CPU.rl_RR.stall: busy rd:0 rs1:1 rs2:0
        Decode_to_RR{I_20 pc:80000050 instr:0800810b pred:80000054 epoch:0
            fallthru:80000054 OPCLASS_POSIT has_{rs1,rs2,rd}:{1,0,1} writes_mem:0, imm:0 halt_sentinel:0}
Trace 93 20 80000050 0800810b RR.S
94: CPU.Fetch:
        Fetch_to_Decode{I_23 pc:8000005c pred:80000060 epoch:0 halt_sentinel:0}
        Mem_Req {I_23 pc:8000005c instr:xxxxxxxx FETCH 4B addr:8000005c epoch:0}
Trace 94 23 8000005c 00000000 F
fn_EX_IALU: IALU x1 <= 0
94: CPU.EX_Int
        RR_to_EX{I_19 pc:8000004c instr:00000093
             rs1_val:00000000  rs2_val:00000000  imm:00000000 }
        EX_to_Retire{I_19 pc:8000004c instr:00000093
                  data:00000000}
Trace 94 19 8000004c 00000093 EX.I
Trace 94 18 80000048 02b19863 RET.C
94: CPU.Retire_EX_Control: Normal
        EX_Control_to_Retire{I_18 pc:80000048 instr:02b19863
                       next_pc:8000004c  data:8000004c}
95: CPU.fwd: rs1 x1 <- EX_Int fwd val 0
95: CPU.Dispatch_Int:
        RR_to_Retire{I_20 pc:80000050 instr:0800810b EXEC_TAG_POSIT
                 pred:80000054 epoch:0 has_rd:1 writes_mem:0
                 fallthru:80000054 halt_sentinel:0}
        RR_to_EX{I_20 pc:80000050 instr:0800810b
             rs1_val:00000000  rs2_val:00000000  imm:00000000 }
Trace 95 20 80000050 0800810b RR.I
95:     CPU.S5.fa_update_rd:
          RW_from_Retire{I_19 pc:8000004c instr:00000093 rd:1 commit:1 data:00000000}
Trace 95 19 8000004c 00000093 RET.I
95: CPU.Retire_EX_Int: Normal
        EX_to_Retire{I_19 pc:8000004c instr:00000093
                  data:00000000}
96: CPU.Decode:
        Decode_to_RR{I_22 pc:80000058 instr:02011063 pred:8000005c epoch:0
            fallthru:8000005c OPCLASS_CONTROL has_{rs1,rs2,rd}:{1,1,0} writes_mem:0, imm:20 halt_sentinel:0}
        Mem_Rsp {MEM_RSP_OK addr:80000058 rdata:02011063 I_22 pc:80000058 instr:00000000 FETCH 4B}
Trace 96 22 80000058 02011063 D
96: CPU.RW (during stall):
96:     RW_from_Retire{I_19 pc:8000004c instr:00000093 rd:1 commit:1 data:00000000}
Trace 96 19 8000004c 00000093 RW
96: CPU.rl_RR.stall: busy rd:0 rs1:0 rs2:1
        Decode_to_RR{I_21 pc:80000054 instr:002a2823 pred:80000058 epoch:0
            fallthru:80000058 OPCLASS_MEM has_{rs1,rs2,rd}:{1,1,0} writes_mem:1, imm:10 halt_sentinel:0}
Trace 96 21 80000054 002a2823 RR.S
97: CPU.Fetch:
        Fetch_to_Decode{I_24 pc:80000060 pred:80000064 epoch:0 halt_sentinel:0}
        Mem_Req {I_24 pc:80000060 instr:xxxxxxxx FETCH 4B addr:80000060 epoch:0}
Trace 97 24 80000060 00000000 F
97: CPU.rl_RR.stall: busy rd:0 rs1:0 rs2:1
        Decode_to_RR{I_21 pc:80000054 instr:002a2823 pred:80000058 epoch:0
            fallthru:80000058 OPCLASS_MEM has_{rs1,rs2,rd}:{1,1,0} writes_mem:1, imm:10 halt_sentinel:0}
Trace 97 21 80000054 002a2823 RR.S
98: CPU.rl_RR.stall: busy rd:0 rs1:0 rs2:1
        Decode_to_RR{I_21 pc:80000054 instr:002a2823 pred:80000058 epoch:0
            fallthru:80000058 OPCLASS_MEM has_{rs1,rs2,rd}:{1,1,0} writes_mem:1, imm:10 halt_sentinel:0}
Trace 98 21 80000054 002a2823 RR.S
99: CPU.rl_RR.stall: busy rd:0 rs1:0 rs2:1
        Decode_to_RR{I_21 pc:80000054 instr:002a2823 pred:80000058 epoch:0
            fallthru:80000058 OPCLASS_MEM has_{rs1,rs2,rd}:{1,1,0} writes_mem:1, imm:10 halt_sentinel:0}
Trace 99 21 80000054 002a2823 RR.S
100: CPU.rl_RR.stall: busy rd:0 rs1:0 rs2:1
        Decode_to_RR{I_21 pc:80000054 instr:002a2823 pred:80000058 epoch:0
            fallthru:80000058 OPCLASS_MEM has_{rs1,rs2,rd}:{1,1,0} writes_mem:1, imm:10 halt_sentinel:0}
Trace 100 21 80000054 002a2823 RR.S
101: CPU.rl_RR.stall: busy rd:0 rs1:0 rs2:1
        Decode_to_RR{I_21 pc:80000054 instr:002a2823 pred:80000058 epoch:0
            fallthru:80000058 OPCLASS_MEM has_{rs1,rs2,rd}:{1,1,0} writes_mem:1, imm:10 halt_sentinel:0}
Trace 101 21 80000054 002a2823 RR.S
102: CPU.rl_RR.stall: busy rd:0 rs1:0 rs2:1
        Decode_to_RR{I_21 pc:80000054 instr:002a2823 pred:80000058 epoch:0
            fallthru:80000058 OPCLASS_MEM has_{rs1,rs2,rd}:{1,1,0} writes_mem:1, imm:10 halt_sentinel:0}
Trace 102 21 80000054 002a2823 RR.S
103: CPU.rl_RR.stall: busy rd:0 rs1:0 rs2:1
        Decode_to_RR{I_21 pc:80000054 instr:002a2823 pred:80000058 epoch:0
            fallthru:80000058 OPCLASS_MEM has_{rs1,rs2,rd}:{1,1,0} writes_mem:1, imm:10 halt_sentinel:0}
Trace 103 21 80000054 002a2823 RR.S
103:     CPU.S5.fa_update_rd:
          RW_from_Retire{I_20 pc:80000050 instr:0800810b rd:2 commit:1 data:00000000}
103: CPU.S5.rl_Retire_EX_Posit: instr 0800810b rd=00000000 exc=0
104: CPU.RW (same-cycle with dispatch):
104:     RW_from_Retire{I_20 pc:80000050 instr:0800810b rd:2 commit:1 data:00000000}
Trace 104 20 80000050 0800810b RW
104: CPU.fwd: rs2 x2 <- WB val 0
104: CPU.Dispatch_DMem:
        RR_to_Retire{I_21 pc:80000054 instr:002a2823 EXEC_TAG_DMEM
                 pred:80000058 epoch:0 has_rd:0 writes_mem:1
                 fallthru:80000058 halt_sentinel:0}
        rs1_val:80000000  rs2_val:00000000  imm:00000010
        Mem_Req {I_21 pc:80000054 instr:002a2823 STORE 4B addr:80000010 wdata:00000000 epoch:0}
Trace 104 21 80000054 002a2823 RR.D
105: CPU.Decode:
        Decode_to_RR{I_23 pc:8000005c instr:3f0000b7 pred:80000060 epoch:0
            fallthru:80000060 OPCLASS_INT has_{rs1,rs2,rd}:{0,0,1} writes_mem:0, imm:3f000000 halt_sentinel:0}
        Mem_Rsp {MEM_RSP_OK addr:8000005c rdata:3f0000b7 I_23 pc:8000005c instr:00000000 FETCH 4B}
Trace 105 23 8000005c 3f0000b7 D
105: CPU.Dispatch_Control:
        RR_to_Retire{I_22 pc:80000058 instr:02011063 EXEC_TAG_CONTROL
                 pred:8000005c epoch:0 has_rd:0 writes_mem:0
                 fallthru:8000005c halt_sentinel:0}
        RR_to_EX_Control{I_22 pc:80000058 instr:02011063 fallthru:8000005c
                  rs1_val:00000000  rs2_val:00000000  imm:00000020 }
Trace 105 22 80000058 02011063 RR.C
106: CPU.Fetch:
        Fetch_to_Decode{I_25 pc:80000064 pred:80000068 epoch:0 halt_sentinel:0}
        Mem_Req {I_25 pc:80000064 instr:xxxxxxxx FETCH 4B addr:80000064 epoch:0}
Trace 106 25 80000064 00000000 F
106: mkMems_Devices: for client CLIENT_DMEM
        Mem_Req {I_21 pc:80000054 instr:002a2823 STORE 4B addr:80000010 wdata:00000000 epoch:0}
        Mem_Rsp {MEM_RSP_OK addr:80000010 I_21 pc:80000054 instr:002a2823 STORE 4B}
106: CPU.Decode:
        Decode_to_RR{I_24 pc:80000060 instr:0800810b pred:80000064 epoch:0
            fallthru:80000064 OPCLASS_POSIT has_{rs1,rs2,rd}:{1,0,1} writes_mem:0, imm:0 halt_sentinel:0}
        Mem_Rsp {MEM_RSP_OK addr:80000060 rdata:0800810b I_24 pc:80000060 instr:00000000 FETCH 4B}
Trace 106 24 80000060 0800810b D
106: CPU.Dispatch_Int:
        RR_to_Retire{I_23 pc:8000005c instr:3f0000b7 EXEC_TAG_INT
                 pred:80000060 epoch:0 has_rd:1 writes_mem:0
                 fallthru:80000060 halt_sentinel:0}
        RR_to_EX{I_23 pc:8000005c instr:3f0000b7
             rs1_val:00000000  rs2_val:00000000  imm:3f000000 }
Trace 106 23 8000005c 3f0000b7 RR.I
Trace 106 21 80000054 002a2823 RET.D
106: CPU.Retire_EX_DMem: Normal
        Mem_Rsp {MEM_RSP_OK addr:80000010 I_21 pc:80000054 instr:002a2823 STORE 4B}
107: CPU.EX_Control
        RR_to_EX_Control{I_22 pc:80000058 instr:02011063 fallthru:8000005c
                  rs1_val:00000000  rs2_val:00000000  imm:00000020 }
        EX_Control_to_Retire{I_22 pc:80000058 instr:02011063
                       next_pc:8000005c  data:8000005c}
Trace 107 22 80000058 02011063 EX.C
107: CPU.rl_RR.stall: busy rd:0 rs1:1 rs2:0
        Decode_to_RR{I_24 pc:80000060 instr:0800810b pred:80000064 epoch:0
            fallthru:80000064 OPCLASS_POSIT has_{rs1,rs2,rd}:{1,0,1} writes_mem:0, imm:0 halt_sentinel:0}
Trace 107 24 80000060 0800810b RR.S
108: CPU.Fetch:
        Fetch_to_Decode{I_26 pc:80000068 pred:8000006c epoch:0 halt_sentinel:0}
        Mem_Req {I_26 pc:80000068 instr:xxxxxxxx FETCH 4B addr:80000068 epoch:0}
Trace 108 26 80000068 00000000 F
108: CPU.Decode:
        Decode_to_RR{I_25 pc:80000064 instr:002a2a23 pred:80000068 epoch:0
            fallthru:80000068 OPCLASS_MEM has_{rs1,rs2,rd}:{1,1,0} writes_mem:1, imm:14 halt_sentinel:0}
        Mem_Rsp {MEM_RSP_OK addr:80000064 rdata:002a2a23 I_25 pc:80000064 instr:00000000 FETCH 4B}
Trace 108 25 80000064 002a2a23 D
fn_EX_IALU: LUI x1 <= 3f000000
108: CPU.EX_Int
        RR_to_EX{I_23 pc:8000005c instr:3f0000b7
             rs1_val:00000000  rs2_val:00000000  imm:3f000000 }
        EX_to_Retire{I_23 pc:8000005c instr:3f0000b7
                  data:3f000000}
Trace 108 23 8000005c 3f0000b7 EX.I
Trace 108 22 80000058 02011063 RET.C
108: CPU.Retire_EX_Control: Normal
        EX_Control_to_Retire{I_22 pc:80000058 instr:02011063
                       next_pc:8000005c  data:8000005c}
109: CPU.Fetch:
        Fetch_to_Decode{I_27 pc:8000006c pred:80000070 epoch:0 halt_sentinel:0}
        Mem_Req {I_27 pc:8000006c instr:xxxxxxxx FETCH 4B addr:8000006c epoch:0}
Trace 109 27 8000006c 00000000 F
109: CPU.fwd: rs1 x1 <- EX_Int fwd val 3f000000
109: CPU.Dispatch_Int:
        RR_to_Retire{I_24 pc:80000060 instr:0800810b EXEC_TAG_POSIT
                 pred:80000064 epoch:0 has_rd:1 writes_mem:0
                 fallthru:80000064 halt_sentinel:0}
        RR_to_EX{I_24 pc:80000060 instr:0800810b
             rs1_val:3f000000  rs2_val:00000000  imm:00000000 }
Trace 109 24 80000060 0800810b RR.I
109:     CPU.S5.fa_update_rd:
          RW_from_Retire{I_23 pc:8000005c instr:3f0000b7 rd:1 commit:1 data:3f000000}
Trace 109 23 8000005c 3f0000b7 RET.I
109: CPU.Retire_EX_Int: Normal
        EX_to_Retire{I_23 pc:8000005c instr:3f0000b7
                  data:3f000000}
110: CPU.Decode:
        Decode_to_RR{I_26 pc:80000068 instr:38000537 pred:8000006c epoch:0
            fallthru:8000006c OPCLASS_INT has_{rs1,rs2,rd}:{0,0,1} writes_mem:0, imm:38000000 halt_sentinel:0}
        Mem_Rsp {MEM_RSP_OK addr:80000068 rdata:38000537 I_26 pc:80000068 instr:00000000 FETCH 4B}
Trace 110 26 80000068 38000537 D
110: CPU.RW (during stall):
110:     RW_from_Retire{I_23 pc:8000005c instr:3f0000b7 rd:1 commit:1 data:3f000000}
Trace 110 23 8000005c 3f0000b7 RW
110: CPU.rl_RR.stall: busy rd:0 rs1:0 rs2:1
        Decode_to_RR{I_25 pc:80000064 instr:002a2a23 pred:80000068 epoch:0
            fallthru:80000068 OPCLASS_MEM has_{rs1,rs2,rd}:{1,1,0} writes_mem:1, imm:14 halt_sentinel:0}
Trace 110 25 80000064 002a2a23 RR.S
111: CPU.Fetch:
        Fetch_to_Decode{I_28 pc:80000070 pred:80000074 epoch:0 halt_sentinel:0}
        Mem_Req {I_28 pc:80000070 instr:xxxxxxxx FETCH 4B addr:80000070 epoch:0}
Trace 111 28 80000070 00000000 F
111: CPU.rl_RR.stall: busy rd:0 rs1:0 rs2:1
        Decode_to_RR{I_25 pc:80000064 instr:002a2a23 pred:80000068 epoch:0
            fallthru:80000068 OPCLASS_MEM has_{rs1,rs2,rd}:{1,1,0} writes_mem:1, imm:14 halt_sentinel:0}
Trace 111 25 80000064 002a2a23 RR.S
112: CPU.rl_RR.stall: busy rd:0 rs1:0 rs2:1
        Decode_to_RR{I_25 pc:80000064 instr:002a2a23 pred:80000068 epoch:0
            fallthru:80000068 OPCLASS_MEM has_{rs1,rs2,rd}:{1,1,0} writes_mem:1, imm:14 halt_sentinel:0}
Trace 112 25 80000064 002a2a23 RR.S
113: CPU.rl_RR.stall: busy rd:0 rs1:0 rs2:1
        Decode_to_RR{I_25 pc:80000064 instr:002a2a23 pred:80000068 epoch:0
            fallthru:80000068 OPCLASS_MEM has_{rs1,rs2,rd}:{1,1,0} writes_mem:1, imm:14 halt_sentinel:0}
Trace 113 25 80000064 002a2a23 RR.S
114: CPU.rl_RR.stall: busy rd:0 rs1:0 rs2:1
        Decode_to_RR{I_25 pc:80000064 instr:002a2a23 pred:80000068 epoch:0
            fallthru:80000068 OPCLASS_MEM has_{rs1,rs2,rd}:{1,1,0} writes_mem:1, imm:14 halt_sentinel:0}
Trace 114 25 80000064 002a2a23 RR.S
115: CPU.rl_RR.stall: busy rd:0 rs1:0 rs2:1
        Decode_to_RR{I_25 pc:80000064 instr:002a2a23 pred:80000068 epoch:0
            fallthru:80000068 OPCLASS_MEM has_{rs1,rs2,rd}:{1,1,0} writes_mem:1, imm:14 halt_sentinel:0}
Trace 115 25 80000064 002a2a23 RR.S
116: CPU.rl_RR.stall: busy rd:0 rs1:0 rs2:1
        Decode_to_RR{I_25 pc:80000064 instr:002a2a23 pred:80000068 epoch:0
            fallthru:80000068 OPCLASS_MEM has_{rs1,rs2,rd}:{1,1,0} writes_mem:1, imm:14 halt_sentinel:0}
Trace 116 25 80000064 002a2a23 RR.S
117: CPU.rl_RR.stall: busy rd:0 rs1:0 rs2:1
        Decode_to_RR{I_25 pc:80000064 instr:002a2a23 pred:80000068 epoch:0
            fallthru:80000068 OPCLASS_MEM has_{rs1,rs2,rd}:{1,1,0} writes_mem:1, imm:14 halt_sentinel:0}
Trace 117 25 80000064 002a2a23 RR.S
117:     CPU.S5.fa_update_rd:
          RW_from_Retire{I_24 pc:80000060 instr:0800810b rd:2 commit:1 data:38000000}
117: CPU.S5.rl_Retire_EX_Posit: instr 0800810b rd=38000000 exc=0
118: CPU.RW (same-cycle with dispatch):
118:     RW_from_Retire{I_24 pc:80000060 instr:0800810b rd:2 commit:1 data:38000000}
Trace 118 24 80000060 0800810b RW
118: CPU.fwd: rs2 x2 <- WB val 38000000
118: CPU.Dispatch_DMem:
        RR_to_Retire{I_25 pc:80000064 instr:002a2a23 EXEC_TAG_DMEM
                 pred:80000068 epoch:0 has_rd:0 writes_mem:1
                 fallthru:80000068 halt_sentinel:0}
        rs1_val:80000000  rs2_val:38000000  imm:00000014
        Mem_Req {I_25 pc:80000064 instr:002a2a23 STORE 4B addr:80000014 wdata:38000000 epoch:0}
Trace 118 25 80000064 002a2a23 RR.D
119: CPU.Decode:
        Decode_to_RR{I_27 pc:8000006c instr:00a11663 pred:80000070 epoch:0
            fallthru:80000070 OPCLASS_CONTROL has_{rs1,rs2,rd}:{1,1,0} writes_mem:0, imm:c halt_sentinel:0}
        Mem_Rsp {MEM_RSP_OK addr:8000006c rdata:00a11663 I_27 pc:8000006c instr:00000000 FETCH 4B}
Trace 119 27 8000006c 00a11663 D
119: CPU.Dispatch_Int:
        RR_to_Retire{I_26 pc:80000068 instr:38000537 EXEC_TAG_INT
                 pred:8000006c epoch:0 has_rd:1 writes_mem:0
                 fallthru:8000006c halt_sentinel:0}
        RR_to_EX{I_26 pc:80000068 instr:38000537
             rs1_val:00000000  rs2_val:00000000  imm:38000000 }
Trace 119 26 80000068 38000537 RR.I
120: CPU.Fetch:
        Fetch_to_Decode{I_29 pc:80000074 pred:80000078 epoch:0 halt_sentinel:0}
        Mem_Req {I_29 pc:80000074 instr:xxxxxxxx FETCH 4B addr:80000074 epoch:0}
Trace 120 29 80000074 00000000 F
120: mkMems_Devices: for client CLIENT_DMEM
        Mem_Req {I_25 pc:80000064 instr:002a2a23 STORE 4B addr:80000014 wdata:38000000 epoch:0}
        Mem_Rsp {MEM_RSP_OK addr:80000014 I_25 pc:80000064 instr:002a2a23 STORE 4B}
120: CPU.Decode:
        Decode_to_RR{I_28 pc:80000070 instr:00100e13 pred:80000074 epoch:0
            fallthru:80000074 OPCLASS_INT has_{rs1,rs2,rd}:{1,0,1} writes_mem:0, imm:1 halt_sentinel:0}
        Mem_Rsp {MEM_RSP_OK addr:80000070 rdata:00100e13 I_28 pc:80000070 instr:00000000 FETCH 4B}
Trace 120 28 80000070 00100e13 D
120: CPU.rl_RR.stall: busy rd:0 rs1:0 rs2:1
        Decode_to_RR{I_27 pc:8000006c instr:00a11663 pred:80000070 epoch:0
            fallthru:80000070 OPCLASS_CONTROL has_{rs1,rs2,rd}:{1,1,0} writes_mem:0, imm:c halt_sentinel:0}
Trace 120 27 8000006c 00a11663 RR.S
Trace 120 25 80000064 002a2a23 RET.D
120: CPU.Retire_EX_DMem: Normal
        Mem_Rsp {MEM_RSP_OK addr:80000014 I_25 pc:80000064 instr:002a2a23 STORE 4B}
fn_EX_IALU: LUI x10 <= 38000000
121: CPU.EX_Int
        RR_to_EX{I_26 pc:80000068 instr:38000537
             rs1_val:00000000  rs2_val:00000000  imm:38000000 }
        EX_to_Retire{I_26 pc:80000068 instr:38000537
                  data:38000000}
Trace 121 26 80000068 38000537 EX.I
122: CPU.Fetch:
        Fetch_to_Decode{I_30 pc:80000078 pred:8000007c epoch:0 halt_sentinel:0}
        Mem_Req {I_30 pc:80000078 instr:xxxxxxxx FETCH 4B addr:80000078 epoch:0}
Trace 122 30 80000078 00000000 F
122: CPU.fwd: rs2 x10 <- EX_Int fwd val 38000000
122: CPU.Dispatch_Control:
        RR_to_Retire{I_27 pc:8000006c instr:00a11663 EXEC_TAG_CONTROL
                 pred:80000070 epoch:0 has_rd:0 writes_mem:0
                 fallthru:80000070 halt_sentinel:0}
        RR_to_EX_Control{I_27 pc:8000006c instr:00a11663 fallthru:80000070
                  rs1_val:38000000  rs2_val:38000000  imm:0000000c }
Trace 122 27 8000006c 00a11663 RR.C
122:     CPU.S5.fa_update_rd:
          RW_from_Retire{I_26 pc:80000068 instr:38000537 rd:10 commit:1 data:38000000}
Trace 122 26 80000068 38000537 RET.I
122: CPU.Retire_EX_Int: Normal
        EX_to_Retire{I_26 pc:80000068 instr:38000537
                  data:38000000}
123: CPU.Decode:
        Decode_to_RR{I_29 pc:80000074 instr:0080006f pred:80000078 epoch:0
            fallthru:80000078 OPCLASS_CONTROL has_{rs1,rs2,rd}:{0,0,0} writes_mem:0, imm:8 halt_sentinel:0}
        Mem_Rsp {MEM_RSP_OK addr:80000074 rdata:0080006f I_29 pc:80000074 instr:00000000 FETCH 4B}
Trace 123 29 80000074 0080006f D
123: CPU.RW (same-cycle with dispatch):
123:     RW_from_Retire{I_26 pc:80000068 instr:38000537 rd:10 commit:1 data:38000000}
Trace 123 26 80000068 38000537 RW
123: CPU.Dispatch_Int:
        RR_to_Retire{I_28 pc:80000070 instr:00100e13 EXEC_TAG_INT
                 pred:80000074 epoch:0 has_rd:1 writes_mem:0
                 fallthru:80000074 halt_sentinel:0}
        RR_to_EX{I_28 pc:80000070 instr:00100e13
             rs1_val:00000000  rs2_val:3f000000  imm:00000001 }
Trace 123 28 80000070 00100e13 RR.I
124: CPU.EX_Control
        RR_to_EX_Control{I_27 pc:8000006c instr:00a11663 fallthru:80000070
                  rs1_val:38000000  rs2_val:38000000  imm:0000000c }
        EX_Control_to_Retire{I_27 pc:8000006c instr:00a11663
                       next_pc:80000070  data:80000070}
Trace 124 27 8000006c 00a11663 EX.C
124: CPU.Fetch:
        Fetch_to_Decode{I_31 pc:8000007c pred:80000080 epoch:0 halt_sentinel:0}
        Mem_Req {I_31 pc:8000007c instr:xxxxxxxx FETCH 4B addr:8000007c epoch:0}
Trace 124 31 8000007c 00000000 F
124: CPU.Decode:
        Decode_to_RR{I_30 pc:80000078 instr:00300e13 pred:8000007c epoch:0
            fallthru:8000007c OPCLASS_INT has_{rs1,rs2,rd}:{1,0,1} writes_mem:0, imm:3 halt_sentinel:0}
        Mem_Rsp {MEM_RSP_OK addr:80000078 rdata:00300e13 I_30 pc:80000078 instr:00000000 FETCH 4B}
Trace 124 30 80000078 00300e13 D
124: CPU.Dispatch_Control:
        RR_to_Retire{I_29 pc:80000074 instr:0080006f EXEC_TAG_CONTROL
                 pred:80000078 epoch:0 has_rd:0 writes_mem:0
                 fallthru:80000078 halt_sentinel:0}
        RR_to_EX_Control{I_29 pc:80000074 instr:0080006f fallthru:80000078
                  rs1_val:00000000  rs2_val:00000000  imm:00000008 }
Trace 124 29 80000074 0080006f RR.C
125: CPU.Fetch:
        Fetch_to_Decode{I_32 pc:80000080 pred:80000084 epoch:0 halt_sentinel:0}
        Mem_Req {I_32 pc:80000080 instr:xxxxxxxx FETCH 4B addr:80000080 epoch:0}
Trace 125 32 80000080 00000000 F
125: CPU.Decode:
        Decode_to_RR{I_31 pc:8000007c instr:6fff0f37 pred:80000080 epoch:0
            fallthru:80000080 OPCLASS_INT has_{rs1,rs2,rd}:{0,0,1} writes_mem:0, imm:6fff0000 halt_sentinel:0}
        Mem_Rsp {MEM_RSP_OK addr:8000007c rdata:6fff0f37 I_31 pc:8000007c instr:00000000 FETCH 4B}
Trace 125 31 8000007c 6fff0f37 D
fn_EX_IALU: IALU x28 <= 1
125: CPU.EX_Int
        RR_to_EX{I_28 pc:80000070 instr:00100e13
             rs1_val:00000000  rs2_val:3f000000  imm:00000001 }
        EX_to_Retire{I_28 pc:80000070 instr:00100e13
                  data:00000001}
Trace 125 28 80000070 00100e13 EX.I
Trace 125 27 8000006c 00a11663 RET.C
125: CPU.Retire_EX_Control: Normal
        EX_Control_to_Retire{I_27 pc:8000006c instr:00a11663
                       next_pc:80000070  data:80000070}
126: CPU.EX_Control
        RR_to_EX_Control{I_29 pc:80000074 instr:0080006f fallthru:80000078
                  rs1_val:00000000  rs2_val:00000000  imm:00000008 }
        EX_Control_to_Retire{I_29 pc:80000074 instr:0080006f
                       next_pc:8000007c  data:80000078}
Trace 126 29 80000074 0080006f EX.C
126: CPU.Fetch:
        Fetch_to_Decode{I_33 pc:80000084 pred:80000088 epoch:0 halt_sentinel:0}
        Mem_Req {I_33 pc:80000084 instr:xxxxxxxx FETCH 4B addr:80000084 epoch:0}
Trace 126 33 80000084 00000000 F
126: CPU.rl_RR.stall: busy rd:1 rs1:0 rs2:0
        Decode_to_RR{I_30 pc:80000078 instr:00300e13 pred:8000007c epoch:0
            fallthru:8000007c OPCLASS_INT has_{rs1,rs2,rd}:{1,0,1} writes_mem:0, imm:3 halt_sentinel:0}
Trace 126 30 80000078 00300e13 RR.S
126:     CPU.S5.fa_update_rd:
          RW_from_Retire{I_28 pc:80000070 instr:00100e13 rd:28 commit:1 data:00000001}
Trace 126 28 80000070 00100e13 RET.I
126: CPU.Retire_EX_Int: Normal
        EX_to_Retire{I_28 pc:80000070 instr:00100e13
                  data:00000001}
127: CPU.RW (same-cycle with dispatch):
127:     RW_from_Retire{I_28 pc:80000070 instr:00100e13 rd:28 commit:1 data:00000001}
Trace 127 28 80000070 00100e13 RW
127: CPU.Dispatch_Int:
        RR_to_Retire{I_30 pc:80000078 instr:00300e13 EXEC_TAG_INT
                 pred:8000007c epoch:0 has_rd:1 writes_mem:0
                 fallthru:8000007c halt_sentinel:0}
        RR_to_EX{I_30 pc:80000078 instr:00300e13
             rs1_val:00000000  rs2_val:40000000  imm:00000003 }
Trace 127 30 80000078 00300e13 RR.I
127:     CPU.S5.fa_redirect_Fetch:
        Fetch_from_Retire{I_29 pc:80000074 instr:0080006f next_pc:8000007c next_epoch 1 haltreq 0}
Trace 127 29 80000074 0080006f RET.C
127: CPU.Retire_EX_Control: Normal
        EX_Control_to_Retire{I_29 pc:80000074 instr:0080006f
                       next_pc:8000007c  data:80000078}
128: CPU.Redirect:
        Fetch_from_Retire{I_29 pc:80000074 instr:0080006f next_pc:8000007c next_epoch 1 haltreq 0}
Trace 128 29 80000074 0080006f Redir
128: CPU.Decode:
        Decode_to_RR{I_32 pc:80000080 instr:01cf2823 pred:80000084 epoch:0
            fallthru:80000084 OPCLASS_MEM has_{rs1,rs2,rd}:{1,1,0} writes_mem:1, imm:10 halt_sentinel:0}
        Mem_Rsp {MEM_RSP_OK addr:80000080 rdata:01cf2823 I_32 pc:80000080 instr:00000000 FETCH 4B}
Trace 128 32 80000080 01cf2823 D
128: CPU.Dispatch_Int:
        RR_to_Retire{I_31 pc:8000007c instr:6fff0f37 EXEC_TAG_INT
                 pred:80000080 epoch:0 has_rd:1 writes_mem:0
                 fallthru:80000080 halt_sentinel:0}
        RR_to_EX{I_31 pc:8000007c instr:6fff0f37
             rs1_val:00000000  rs2_val:00000000  imm:6fff0000 }
Trace 128 31 8000007c 6fff0f37 RR.I
129: CPU.Fetch:
        Fetch_to_Decode{I_34 pc:8000007c pred:80000080 epoch:1 halt_sentinel:0}
        Mem_Req {I_34 pc:8000007c instr:xxxxxxxx FETCH 4B addr:8000007c epoch:1}
Trace 129 34 8000007c 00000000 F
129: CPU.Decode:
        Decode_to_RR{I_33 pc:80000084 instr:0000006f pred:80000088 epoch:0
            fallthru:80000088 OPCLASS_CONTROL has_{rs1,rs2,rd}:{0,0,0} writes_mem:0, imm:0 halt_sentinel:0}
        Mem_Rsp {MEM_RSP_OK addr:80000084 rdata:0000006f I_33 pc:80000084 instr:00000000 FETCH 4B}
Trace 129 33 80000084 0000006f D
fn_EX_IALU: IALU x28 <= 3
129: CPU.EX_Int
        RR_to_EX{I_30 pc:80000078 instr:00300e13
             rs1_val:00000000  rs2_val:40000000  imm:00000003 }
        EX_to_Retire{I_30 pc:80000078 instr:00300e13
                  data:00000003}
Trace 129 30 80000078 00300e13 EX.I
130: CPU.Fetch:
        Fetch_to_Decode{I_35 pc:80000080 pred:80000084 epoch:1 halt_sentinel:0}
        Mem_Req {I_35 pc:80000080 instr:xxxxxxxx FETCH 4B addr:80000080 epoch:1}
Trace 130 35 80000080 00000000 F
fn_EX_IALU: LUI x30 <= 6fff0000
130: CPU.EX_Int
        RR_to_EX{I_31 pc:8000007c instr:6fff0f37
             rs1_val:00000000  rs2_val:00000000  imm:6fff0000 }
        EX_to_Retire{I_31 pc:8000007c instr:6fff0f37
                  data:6fff0000}
Trace 130 31 8000007c 6fff0f37 EX.I
130:     CPU.S5.fa_update_rd:(unreserve scoreboard)
          RW_from_Retire{I_30 pc:80000078 instr:00300e13 rd:28 commit:0 data:xxxxxxxx}
Trace 130 30 80000078 00300e13 RET.discard
130: CPU.S5.rl_Retire_wrong_path:
        RR_to_Retire{I_30 pc:80000078 instr:00300e13 EXEC_TAG_INT
                 pred:8000007c epoch:0 has_rd:1 writes_mem:0
                 fallthru:8000007c halt_sentinel:0}
131: CPU.RW (same-cycle with dispatch):
131:     RW_from_Retire{I_30 pc:80000078 instr:00300e13 rd:28 commit:0 data:00000000}
Trace 131 30 80000078 00300e13 RW
131: CPU.fwd: rs1 x30 <- EX_Int fwd val 6fff0000
131: CPU.Dispatch_DMem:
        RR_to_Retire{I_32 pc:80000080 instr:01cf2823 EXEC_TAG_DMEM
                 pred:80000084 epoch:0 has_rd:0 writes_mem:1
                 fallthru:80000084 halt_sentinel:0}
        rs1_val:6fff0000  rs2_val:00000001  imm:00000010
        Mem_Req {I_32 pc:80000080 instr:01cf2823 STORE 4B addr:6fff0010 wdata:00000001 epoch:0}
Trace 131 32 80000080 01cf2823 RR.D
131:     CPU.S5.fa_update_rd:(unreserve scoreboard)
          RW_from_Retire{I_31 pc:8000007c instr:6fff0f37 rd:30 commit:0 data:xxxxxxxx}
Trace 131 31 8000007c 6fff0f37 RET.discard
131: CPU.S5.rl_Retire_wrong_path:
        RR_to_Retire{I_31 pc:8000007c instr:6fff0f37 EXEC_TAG_INT
                 pred:80000080 epoch:0 has_rd:1 writes_mem:0
                 fallthru:80000080 halt_sentinel:0}
132: CPU.Decode:
        Decode_to_RR{I_34 pc:8000007c instr:6fff0f37 pred:80000080 epoch:1
            fallthru:80000080 OPCLASS_INT has_{rs1,rs2,rd}:{0,0,1} writes_mem:0, imm:6fff0000 halt_sentinel:0}
        Mem_Rsp {MEM_RSP_OK addr:8000007c rdata:6fff0f37 I_34 pc:8000007c instr:00000000 FETCH 4B}
Trace 132 34 8000007c 6fff0f37 D
132: CPU.RW (same-cycle with dispatch):
132:     RW_from_Retire{I_31 pc:8000007c instr:6fff0f37 rd:30 commit:0 data:00000000}
Trace 132 31 8000007c 6fff0f37 RW
132: CPU.Dispatch_Control:
        RR_to_Retire{I_33 pc:80000084 instr:0000006f EXEC_TAG_CONTROL
                 pred:80000088 epoch:0 has_rd:0 writes_mem:0
                 fallthru:80000088 halt_sentinel:0}
        RR_to_EX_Control{I_33 pc:80000084 instr:0000006f fallthru:80000088
                  rs1_val:00000000  rs2_val:00000000  imm:00000000 }
Trace 132 33 80000084 0000006f RR.C
133: CPU.Fetch:
        Fetch_to_Decode{I_36 pc:80000084 pred:80000088 epoch:1 halt_sentinel:0}
        Mem_Req {I_36 pc:80000084 instr:xxxxxxxx FETCH 4B addr:80000084 epoch:1}
Trace 133 36 80000084 00000000 F
133: CPU.Decode:
        Decode_to_RR{I_35 pc:80000080 instr:01cf2823 pred:80000084 epoch:1
            fallthru:80000084 OPCLASS_MEM has_{rs1,rs2,rd}:{1,1,0} writes_mem:1, imm:10 halt_sentinel:0}
        Mem_Rsp {MEM_RSP_OK addr:80000080 rdata:01cf2823 I_35 pc:80000080 instr:00000000 FETCH 4B}
Trace 133 35 80000080 01cf2823 D
133: CPU.Dispatch_Int:
        RR_to_Retire{I_34 pc:8000007c instr:6fff0f37 EXEC_TAG_INT
                 pred:80000080 epoch:1 has_rd:1 writes_mem:0
                 fallthru:80000080 halt_sentinel:0}
        RR_to_EX{I_34 pc:8000007c instr:6fff0f37
             rs1_val:00000000  rs2_val:00000000  imm:6fff0000 }
Trace 133 34 8000007c 6fff0f37 RR.I
Trace 133 32 80000080 01cf2823 RET.discard
133: CPU.S5.rl_Retire_wrong_path:
        RR_to_Retire{I_32 pc:80000080 instr:01cf2823 EXEC_TAG_DMEM
                 pred:80000084 epoch:0 has_rd:0 writes_mem:1
                 fallthru:80000084 halt_sentinel:0}
134: CPU.EX_Control
        RR_to_EX_Control{I_33 pc:80000084 instr:0000006f fallthru:80000088
                  rs1_val:00000000  rs2_val:00000000  imm:00000000 }
        EX_Control_to_Retire{I_33 pc:80000084 instr:0000006f
                       next_pc:80000084  data:80000088}
Trace 134 33 80000084 0000006f EX.C
134: CPU.Fetch:
        Fetch_to_Decode{I_37 pc:80000088 pred:8000008c epoch:1 halt_sentinel:0}
        Mem_Req {I_37 pc:80000088 instr:xxxxxxxx FETCH 4B addr:80000088 epoch:1}
Trace 134 37 80000088 00000000 F
134: CPU.Decode:
        Decode_to_RR{I_36 pc:80000084 instr:0000006f pred:80000088 epoch:1
            fallthru:80000088 OPCLASS_CONTROL has_{rs1,rs2,rd}:{0,0,0} writes_mem:0, imm:0 halt_sentinel:0}
        Mem_Rsp {MEM_RSP_OK addr:80000084 rdata:0000006f I_36 pc:80000084 instr:00000000 FETCH 4B}
Trace 134 36 80000084 0000006f D
134: CPU.rl_RR.stall: busy rd:0 rs1:1 rs2:0
        Decode_to_RR{I_35 pc:80000080 instr:01cf2823 pred:80000084 epoch:1
            fallthru:80000084 OPCLASS_MEM has_{rs1,rs2,rd}:{1,1,0} writes_mem:1, imm:10 halt_sentinel:0}
Trace 134 35 80000080 01cf2823 RR.S
135: CPU.Fetch:
        Fetch_to_Decode{I_38 pc:8000008c pred:80000090 epoch:1 halt_sentinel:0}
        Mem_Req {I_38 pc:8000008c instr:xxxxxxxx FETCH 4B addr:8000008c epoch:1}
Trace 135 38 8000008c 00000000 F
fn_EX_IALU: LUI x30 <= 6fff0000
135: CPU.EX_Int
        RR_to_EX{I_34 pc:8000007c instr:6fff0f37
             rs1_val:00000000  rs2_val:00000000  imm:6fff0000 }
        EX_to_Retire{I_34 pc:8000007c instr:6fff0f37
                  data:6fff0000}
Trace 135 34 8000007c 6fff0f37 EX.I
Trace 135 33 80000084 0000006f RET.discard
135: CPU.S5.rl_Retire_wrong_path:
        RR_to_Retire{I_33 pc:80000084 instr:0000006f EXEC_TAG_CONTROL
                 pred:80000088 epoch:0 has_rd:0 writes_mem:0
                 fallthru:80000088 halt_sentinel:0}
136: CPU.fwd: rs1 x30 <- EX_Int fwd val 6fff0000
136: CPU.Dispatch_DMem:
        RR_to_Retire{I_35 pc:80000080 instr:01cf2823 EXEC_TAG_DMEM
                 pred:80000084 epoch:1 has_rd:0 writes_mem:1
                 fallthru:80000084 halt_sentinel:0}
        rs1_val:6fff0000  rs2_val:00000001  imm:00000010
        Mem_Req {I_35 pc:80000080 instr:01cf2823 STORE 4B addr:6fff0010 wdata:00000001 epoch:1}
Trace 136 35 80000080 01cf2823 RR.D
136:     CPU.S5.fa_update_rd:
          RW_from_Retire{I_34 pc:8000007c instr:6fff0f37 rd:30 commit:1 data:6fff0000}
Trace 136 34 8000007c 6fff0f37 RET.I
136: CPU.Retire_EX_Int: Normal
        EX_to_Retire{I_34 pc:8000007c instr:6fff0f37
                  data:6fff0000}
137: CPU.Decode:
        Decode_to_RR{I_37 pc:80000088 instr:00000000 pred:8000008c epoch:1
            fallthru:8000008c ILLEGAL_INSTR tval:0 halt_sentinel:0}
        Mem_Rsp {MEM_RSP_OK addr:80000088 rdata:00000000 I_37 pc:80000088 instr:00000000 FETCH 4B}
Trace 137 37 80000088 00000000 D
137: CPU.RW (same-cycle with dispatch):
137:     RW_from_Retire{I_34 pc:8000007c instr:6fff0f37 rd:30 commit:1 data:6fff0000}
Trace 137 34 8000007c 6fff0f37 RW
137: CPU.Dispatch_Control:
        RR_to_Retire{I_36 pc:80000084 instr:0000006f EXEC_TAG_CONTROL
                 pred:80000088 epoch:1 has_rd:0 writes_mem:0
                 fallthru:80000088 halt_sentinel:0}
        RR_to_EX_Control{I_36 pc:80000084 instr:0000006f fallthru:80000088
                  rs1_val:00000000  rs2_val:00000000  imm:00000000 }
Trace 137 36 80000084 0000006f RR.C
138: CPU.Fetch:
        Fetch_to_Decode{I_39 pc:80000090 pred:80000094 epoch:1 halt_sentinel:0}
        Mem_Req {I_39 pc:80000090 instr:xxxxxxxx FETCH 4B addr:80000090 epoch:1}
Trace 138 39 80000090 00000000 F
