================================================================
Fife v0.90 2025-07-12: starting execution at PC 80000000
3: CPU.Fetch:
        Fetch_to_Decode{I_0 pc:80000000 pred:80000004 epoch:0 halt_sentinel:0}
        Mem_Req {I_0 pc:80000000 instr:xxxxxxxx FETCH 4B addr:80000000 epoch:0}
Trace 3 0 80000000 00000000 F
4: CPU.Fetch:
        Fetch_to_Decode{I_1 pc:80000004 pred:80000008 epoch:0 halt_sentinel:0}
        Mem_Req {I_1 pc:80000004 instr:xxxxxxxx FETCH 4B addr:80000004 epoch:0}
Trace 4 1 80000004 00000000 F
4: CPU.Decode:
        Decode_to_RR{I_0 pc:80000000 instr:00100093 pred:80000004 epoch:0
            fallthru:80000004 OPCLASS_INT has_{rs1,rs2,rd}:{1,0,1} writes_mem:0, imm:1 halt_sentinel:0}
        Mem_Rsp {MEM_RSP_OK addr:80000000 rdata:00100093 I_0 pc:80000000 instr:00000000 FETCH 4B}
Trace 4 0 80000000 00100093 D
5: CPU.Fetch:
        Fetch_to_Decode{I_2 pc:80000008 pred:8000000c epoch:0 halt_sentinel:0}
        Mem_Req {I_2 pc:80000008 instr:xxxxxxxx FETCH 4B addr:80000008 epoch:0}
Trace 5 2 80000008 00000000 F
5: CPU.Decode:
        Decode_to_RR{I_1 pc:80000004 instr:00108113 pred:80000008 epoch:0
            fallthru:80000008 OPCLASS_INT has_{rs1,rs2,rd}:{1,0,1} writes_mem:0, imm:1 halt_sentinel:0}
        Mem_Rsp {MEM_RSP_OK addr:80000004 rdata:00108113 I_1 pc:80000004 instr:00000000 FETCH 4B}
Trace 5 1 80000004 00108113 D
6: CPU.Fetch:
        Fetch_to_Decode{I_3 pc:8000000c pred:80000010 epoch:0 halt_sentinel:0}
        Mem_Req {I_3 pc:8000000c instr:xxxxxxxx FETCH 4B addr:8000000c epoch:0}
Trace 6 3 8000000c 00000000 F
33: CPU.Dispatch_Int:
        RR_to_Retire{I_0 pc:80000000 instr:00100093 EXEC_TAG_INT
                 pred:80000004 epoch:0 has_rd:1 writes_mem:0
                 fallthru:80000004 halt_sentinel:0}
        RR_to_EX{I_0 pc:80000000 instr:00100093
             rs1_val:00000000  rs2_val:00000000  imm:00000001 }
Trace 33 0 80000000 00100093 RR.I
34: CPU.Decode:
        Decode_to_RR{I_2 pc:80000008 instr:00110193 pred:8000000c epoch:0
            fallthru:8000000c OPCLASS_INT has_{rs1,rs2,rd}:{1,0,1} writes_mem:0, imm:1 halt_sentinel:0}
        Mem_Rsp {MEM_RSP_OK addr:80000008 rdata:00110193 I_2 pc:80000008 instr:00000000 FETCH 4B}
Trace 34 2 80000008 00110193 D
34: CPU.rl_RR.stall: busy rd:0 rs1:1 rs2:0
        Decode_to_RR{I_1 pc:80000004 instr:00108113 pred:80000008 epoch:0
            fallthru:80000008 OPCLASS_INT has_{rs1,rs2,rd}:{1,0,1} writes_mem:0, imm:1 halt_sentinel:0}
Trace 34 1 80000004 00108113 RR.S
35: CPU.Fetch:
        Fetch_to_Decode{I_4 pc:80000010 pred:80000014 epoch:0 halt_sentinel:0}
        Mem_Req {I_4 pc:80000010 instr:xxxxxxxx FETCH 4B addr:80000010 epoch:0}
Trace 35 4 80000010 00000000 F
fn_EX_IALU: IALU x1 <= 1
35: CPU.EX_Int
        RR_to_EX{I_0 pc:80000000 instr:00100093
             rs1_val:00000000  rs2_val:00000000  imm:00000001 }
        EX_to_Retire{I_0 pc:80000000 instr:00100093
                  data:00000001}
Trace 35 0 80000000 00100093 EX.I
36: CPU.fwd: rs1 x1 <- EX_Int fwd val 1
36: CPU.Dispatch_Int:
        RR_to_Retire{I_1 pc:80000004 instr:00108113 EXEC_TAG_INT
                 pred:80000008 epoch:0 has_rd:1 writes_mem:0
                 fallthru:80000008 halt_sentinel:0}
        RR_to_EX{I_1 pc:80000004 instr:00108113
             rs1_val:00000001  rs2_val:00000000  imm:00000001 }
Trace 36 1 80000004 00108113 RR.I
36:     CPU.S5.fa_update_rd:
          RW_from_Retire{I_0 pc:80000000 instr:00100093 rd:1 commit:1 data:00000001}
Trace 36 0 80000000 00100093 RET.I
36: CPU.Retire_EX_Int: Normal
        EX_to_Retire{I_0 pc:80000000 instr:00100093
                  data:00000001}
37: CPU.Decode:
        Decode_to_RR{I_3 pc:8000000c instr:00118213 pred:80000010 epoch:0
            fallthru:80000010 OPCLASS_INT has_{rs1,rs2,rd}:{1,0,1} writes_mem:0, imm:1 halt_sentinel:0}
        Mem_Rsp {MEM_RSP_OK addr:8000000c rdata:00118213 I_3 pc:8000000c instr:00000000 FETCH 4B}
Trace 37 3 8000000c 00118213 D
37: CPU.RW (during stall):
37:     RW_from_Retire{I_0 pc:80000000 instr:00100093 rd:1 commit:1 data:00000001}
Trace 37 0 80000000 00100093 RW
37: CPU.rl_RR.stall: busy rd:0 rs1:1 rs2:0
        Decode_to_RR{I_2 pc:80000008 instr:00110193 pred:8000000c epoch:0
            fallthru:8000000c OPCLASS_INT has_{rs1,rs2,rd}:{1,0,1} writes_mem:0, imm:1 halt_sentinel:0}
Trace 37 2 80000008 00110193 RR.S
38: CPU.Fetch:
        Fetch_to_Decode{I_5 pc:80000014 pred:80000018 epoch:0 halt_sentinel:0}
        Mem_Req {I_5 pc:80000014 instr:xxxxxxxx FETCH 4B addr:80000014 epoch:0}
Trace 38 5 80000014 00000000 F
fn_EX_IALU: IALU x2 <= 2
38: CPU.EX_Int
        RR_to_EX{I_1 pc:80000004 instr:00108113
             rs1_val:00000001  rs2_val:00000000  imm:00000001 }
        EX_to_Retire{I_1 pc:80000004 instr:00108113
                  data:00000002}
Trace 38 1 80000004 00108113 EX.I
39: CPU.fwd: rs1 x2 <- EX_Int fwd val 2
39: CPU.Dispatch_Int:
        RR_to_Retire{I_2 pc:80000008 instr:00110193 EXEC_TAG_INT
                 pred:8000000c epoch:0 has_rd:1 writes_mem:0
                 fallthru:8000000c halt_sentinel:0}
        RR_to_EX{I_2 pc:80000008 instr:00110193
             rs1_val:00000002  rs2_val:00000001  imm:00000001 }
Trace 39 2 80000008 00110193 RR.I
39:     CPU.S5.fa_update_rd:
          RW_from_Retire{I_1 pc:80000004 instr:00108113 rd:2 commit:1 data:00000002}
Trace 39 1 80000004 00108113 RET.I
39: CPU.Retire_EX_Int: Normal
        EX_to_Retire{I_1 pc:80000004 instr:00108113
                  data:00000002}
40: CPU.Decode:
        Decode_to_RR{I_4 pc:80000010 instr:00120293 pred:80000014 epoch:0
            fallthru:80000014 OPCLASS_INT has_{rs1,rs2,rd}:{1,0,1} writes_mem:0, imm:1 halt_sentinel:0}
        Mem_Rsp {MEM_RSP_OK addr:80000010 rdata:00120293 I_4 pc:80000010 instr:00000000 FETCH 4B}
Trace 40 4 80000010 00120293 D
40: CPU.RW (during stall):
40:     RW_from_Retire{I_1 pc:80000004 instr:00108113 rd:2 commit:1 data:00000002}
Trace 40 1 80000004 00108113 RW
40: CPU.rl_RR.stall: busy rd:0 rs1:1 rs2:0
        Decode_to_RR{I_3 pc:8000000c instr:00118213 pred:80000010 epoch:0
            fallthru:80000010 OPCLASS_INT has_{rs1,rs2,rd}:{1,0,1} writes_mem:0, imm:1 halt_sentinel:0}
Trace 40 3 8000000c 00118213 RR.S
41: CPU.Fetch:
        Fetch_to_Decode{I_6 pc:80000018 pred:8000001c epoch:0 halt_sentinel:0}
        Mem_Req {I_6 pc:80000018 instr:xxxxxxxx FETCH 4B addr:80000018 epoch:0}
Trace 41 6 80000018 00000000 F
fn_EX_IALU: IALU x3 <= 3
41: CPU.EX_Int
        RR_to_EX{I_2 pc:80000008 instr:00110193
             rs1_val:00000002  rs2_val:00000001  imm:00000001 }
        EX_to_Retire{I_2 pc:80000008 instr:00110193
                  data:00000003}
Trace 41 2 80000008 00110193 EX.I
42: CPU.fwd: rs1 x3 <- EX_Int fwd val 3
42: CPU.Dispatch_Int:
        RR_to_Retire{I_3 pc:8000000c instr:00118213 EXEC_TAG_INT
                 pred:80000010 epoch:0 has_rd:1 writes_mem:0
                 fallthru:80000010 halt_sentinel:0}
        RR_to_EX{I_3 pc:8000000c instr:00118213
             rs1_val:00000003  rs2_val:00000001  imm:00000001 }
Trace 42 3 8000000c 00118213 RR.I
42:     CPU.S5.fa_update_rd:
          RW_from_Retire{I_2 pc:80000008 instr:00110193 rd:3 commit:1 data:00000003}
Trace 42 2 80000008 00110193 RET.I
42: CPU.Retire_EX_Int: Normal
        EX_to_Retire{I_2 pc:80000008 instr:00110193
                  data:00000003}
43: CPU.Decode:
        Decode_to_RR{I_5 pc:80000014 instr:00128313 pred:80000018 epoch:0
            fallthru:80000018 OPCLASS_INT has_{rs1,rs2,rd}:{1,0,1} writes_mem:0, imm:1 halt_sentinel:0}
        Mem_Rsp {MEM_RSP_OK addr:80000014 rdata:00128313 I_5 pc:80000014 instr:00000000 FETCH 4B}
Trace 43 5 80000014 00128313 D
43: CPU.RW (during stall):
43:     RW_from_Retire{I_2 pc:80000008 instr:00110193 rd:3 commit:1 data:00000003}
Trace 43 2 80000008 00110193 RW
43: CPU.rl_RR.stall: busy rd:0 rs1:1 rs2:0
        Decode_to_RR{I_4 pc:80000010 instr:00120293 pred:80000014 epoch:0
            fallthru:80000014 OPCLASS_INT has_{rs1,rs2,rd}:{1,0,1} writes_mem:0, imm:1 halt_sentinel:0}
Trace 43 4 80000010 00120293 RR.S
44: CPU.Fetch:
        Fetch_to_Decode{I_7 pc:8000001c pred:80000020 epoch:0 halt_sentinel:0}
        Mem_Req {I_7 pc:8000001c instr:xxxxxxxx FETCH 4B addr:8000001c epoch:0}
Trace 44 7 8000001c 00000000 F
fn_EX_IALU: IALU x4 <= 4
44: CPU.EX_Int
        RR_to_EX{I_3 pc:8000000c instr:00118213
             rs1_val:00000003  rs2_val:00000001  imm:00000001 }
        EX_to_Retire{I_3 pc:8000000c instr:00118213
                  data:00000004}
Trace 44 3 8000000c 00118213 EX.I
45: CPU.fwd: rs1 x4 <- EX_Int fwd val 4
45: CPU.Dispatch_Int:
        RR_to_Retire{I_4 pc:80000010 instr:00120293 EXEC_TAG_INT
                 pred:80000014 epoch:0 has_rd:1 writes_mem:0
                 fallthru:80000014 halt_sentinel:0}
        RR_to_EX{I_4 pc:80000010 instr:00120293
             rs1_val:00000004  rs2_val:00000001  imm:00000001 }
Trace 45 4 80000010 00120293 RR.I
45:     CPU.S5.fa_update_rd:
          RW_from_Retire{I_3 pc:8000000c instr:00118213 rd:4 commit:1 data:00000004}
Trace 45 3 8000000c 00118213 RET.I
45: CPU.Retire_EX_Int: Normal
        EX_to_Retire{I_3 pc:8000000c instr:00118213
                  data:00000004}
46: CPU.Decode:
        Decode_to_RR{I_6 pc:80000018 instr:00600513 pred:8000001c epoch:0
            fallthru:8000001c OPCLASS_INT has_{rs1,rs2,rd}:{1,0,1} writes_mem:0, imm:6 halt_sentinel:0}
        Mem_Rsp {MEM_RSP_OK addr:80000018 rdata:00600513 I_6 pc:80000018 instr:00000000 FETCH 4B}
Trace 46 6 80000018 00600513 D
46: CPU.RW (during stall):
46:     RW_from_Retire{I_3 pc:8000000c instr:00118213 rd:4 commit:1 data:00000004}
Trace 46 3 8000000c 00118213 RW
46: CPU.rl_RR.stall: busy rd:0 rs1:1 rs2:0
        Decode_to_RR{I_5 pc:80000014 instr:00128313 pred:80000018 epoch:0
            fallthru:80000018 OPCLASS_INT has_{rs1,rs2,rd}:{1,0,1} writes_mem:0, imm:1 halt_sentinel:0}
Trace 46 5 80000014 00128313 RR.S
47: CPU.Fetch:
        Fetch_to_Decode{I_8 pc:80000020 pred:80000024 epoch:0 halt_sentinel:0}
        Mem_Req {I_8 pc:80000020 instr:xxxxxxxx FETCH 4B addr:80000020 epoch:0}
Trace 47 8 80000020 00000000 F
fn_EX_IALU: IALU x5 <= 5
47: CPU.EX_Int
        RR_to_EX{I_4 pc:80000010 instr:00120293
             rs1_val:00000004  rs2_val:00000001  imm:00000001 }
        EX_to_Retire{I_4 pc:80000010 instr:00120293
                  data:00000005}
Trace 47 4 80000010 00120293 EX.I
48: CPU.fwd: rs1 x5 <- EX_Int fwd val 5
48: CPU.Dispatch_Int:
        RR_to_Retire{I_5 pc:80000014 instr:00128313 EXEC_TAG_INT
                 pred:80000018 epoch:0 has_rd:1 writes_mem:0
                 fallthru:80000018 halt_sentinel:0}
        RR_to_EX{I_5 pc:80000014 instr:00128313
             rs1_val:00000005  rs2_val:00000001  imm:00000001 }
Trace 48 5 80000014 00128313 RR.I
48:     CPU.S5.fa_update_rd:
          RW_from_Retire{I_4 pc:80000010 instr:00120293 rd:5 commit:1 data:00000005}
Trace 48 4 80000010 00120293 RET.I
48: CPU.Retire_EX_Int: Normal
        EX_to_Retire{I_4 pc:80000010 instr:00120293
                  data:00000005}
49: CPU.Decode:
        Decode_to_RR{I_7 pc:8000001c instr:04a31263 pred:80000020 epoch:0
            fallthru:80000020 OPCLASS_CONTROL has_{rs1,rs2,rd}:{1,1,0} writes_mem:0, imm:44 halt_sentinel:0}
        Mem_Rsp {MEM_RSP_OK addr:8000001c rdata:04a31263 I_7 pc:8000001c instr:00000000 FETCH 4B}
Trace 49 7 8000001c 04a31263 D
49: CPU.RW (same-cycle with dispatch):
49:     RW_from_Retire{I_4 pc:80000010 instr:00120293 rd:5 commit:1 data:00000005}
Trace 49 4 80000010 00120293 RW
49: CPU.Dispatch_Int:
        RR_to_Retire{I_6 pc:80000018 instr:00600513 EXEC_TAG_INT
                 pred:8000001c epoch:0 has_rd:1 writes_mem:0
                 fallthru:8000001c halt_sentinel:0}
        RR_to_EX{I_6 pc:80000018 instr:00600513
             rs1_val:00000000  rs2_val:00000000  imm:00000006 }
Trace 49 6 80000018 00600513 RR.I
50: CPU.Fetch:
        Fetch_to_Decode{I_9 pc:80000024 pred:80000028 epoch:0 halt_sentinel:0}
        Mem_Req {I_9 pc:80000024 instr:xxxxxxxx FETCH 4B addr:80000024 epoch:0}
Trace 50 9 80000024 00000000 F
50: CPU.Decode:
        Decode_to_RR{I_8 pc:80000020 instr:00a30393 pred:80000024 epoch:0
            fallthru:80000024 OPCLASS_INT has_{rs1,rs2,rd}:{1,0,1} writes_mem:0, imm:a halt_sentinel:0}
        Mem_Rsp {MEM_RSP_OK addr:80000020 rdata:00a30393 I_8 pc:80000020 instr:00000000 FETCH 4B}
Trace 50 8 80000020 00a30393 D
fn_EX_IALU: IALU x6 <= 6
50: CPU.EX_Int
        RR_to_EX{I_5 pc:80000014 instr:00128313
             rs1_val:00000005  rs2_val:00000001  imm:00000001 }
        EX_to_Retire{I_5 pc:80000014 instr:00128313
                  data:00000006}
Trace 50 5 80000014 00128313 EX.I
51: CPU.Fetch:
        Fetch_to_Decode{I_10 pc:80000028 pred:8000002c epoch:0 halt_sentinel:0}
        Mem_Req {I_10 pc:80000028 instr:xxxxxxxx FETCH 4B addr:80000028 epoch:0}
Trace 51 10 80000028 00000000 F
fn_EX_IALU: IALU x10 <= 6
51: CPU.EX_Int
        RR_to_EX{I_6 pc:80000018 instr:00600513
             rs1_val:00000000  rs2_val:00000000  imm:00000006 }
        EX_to_Retire{I_6 pc:80000018 instr:00600513
                  data:00000006}
Trace 51 6 80000018 00600513 EX.I
51:     CPU.S5.fa_update_rd:
          RW_from_Retire{I_5 pc:80000014 instr:00128313 rd:6 commit:1 data:00000006}
Trace 51 5 80000014 00128313 RET.I
51: CPU.Retire_EX_Int: Normal
        EX_to_Retire{I_5 pc:80000014 instr:00128313
                  data:00000006}
52: CPU.RW (same-cycle with dispatch):
52:     RW_from_Retire{I_5 pc:80000014 instr:00128313 rd:6 commit:1 data:00000006}
Trace 52 5 80000014 00128313 RW
52: CPU.fwd: rs1 x6 <- WB val 6
52: CPU.fwd: rs2 x10 <- EX_Int fwd val 6
52: CPU.Dispatch_Control:
        RR_to_Retire{I_7 pc:8000001c instr:04a31263 EXEC_TAG_CONTROL
                 pred:80000020 epoch:0 has_rd:0 writes_mem:0
                 fallthru:80000020 halt_sentinel:0}
        RR_to_EX_Control{I_7 pc:8000001c instr:04a31263 fallthru:80000020
                  rs1_val:00000006  rs2_val:00000006  imm:00000044 }
Trace 52 7 8000001c 04a31263 RR.C
52:     CPU.S5.fa_update_rd:
          RW_from_Retire{I_6 pc:80000018 instr:00600513 rd:10 commit:1 data:00000006}
Trace 52 6 80000018 00600513 RET.I
52: CPU.Retire_EX_Int: Normal
        EX_to_Retire{I_6 pc:80000018 instr:00600513
                  data:00000006}
53: CPU.Decode:
        Decode_to_RR{I_9 pc:80000024 instr:00a38413 pred:80000028 epoch:0
            fallthru:80000028 OPCLASS_INT has_{rs1,rs2,rd}:{1,0,1} writes_mem:0, imm:a halt_sentinel:0}
        Mem_Rsp {MEM_RSP_OK addr:80000024 rdata:00a38413 I_9 pc:80000024 instr:00000000 FETCH 4B}
Trace 53 9 80000024 00a38413 D
53: CPU.RW (same-cycle with dispatch):
53:     RW_from_Retire{I_6 pc:80000018 instr:00600513 rd:10 commit:1 data:00000006}
Trace 53 6 80000018 00600513 RW
53: CPU.Dispatch_Int:
        RR_to_Retire{I_8 pc:80000020 instr:00a30393 EXEC_TAG_INT
                 pred:80000024 epoch:0 has_rd:1 writes_mem:0
                 fallthru:80000024 halt_sentinel:0}
        RR_to_EX{I_8 pc:80000020 instr:00a30393
             rs1_val:00000006  rs2_val:00000000  imm:0000000a }
Trace 53 8 80000020 00a30393 RR.I
54: CPU.EX_Control
        RR_to_EX_Control{I_7 pc:8000001c instr:04a31263 fallthru:80000020
                  rs1_val:00000006  rs2_val:00000006  imm:00000044 }
        EX_Control_to_Retire{I_7 pc:8000001c instr:04a31263
                       next_pc:80000020  data:80000020}
Trace 54 7 8000001c 04a31263 EX.C
54: CPU.Fetch:
        Fetch_to_Decode{I_11 pc:8000002c pred:80000030 epoch:0 halt_sentinel:0}
        Mem_Req {I_11 pc:8000002c instr:xxxxxxxx FETCH 4B addr:8000002c epoch:0}
Trace 54 11 8000002c 00000000 F
54: CPU.Decode:
        Decode_to_RR{I_10 pc:80000028 instr:00a40493 pred:8000002c epoch:0
            fallthru:8000002c OPCLASS_INT has_{rs1,rs2,rd}:{1,0,1} writes_mem:0, imm:a halt_sentinel:0}
        Mem_Rsp {MEM_RSP_OK addr:80000028 rdata:00a40493 I_10 pc:80000028 instr:00000000 FETCH 4B}
Trace 54 10 80000028 00a40493 D
54: CPU.rl_RR.stall: busy rd:0 rs1:1 rs2:0
        Decode_to_RR{I_9 pc:80000024 instr:00a38413 pred:80000028 epoch:0
            fallthru:80000028 OPCLASS_INT has_{rs1,rs2,rd}:{1,0,1} writes_mem:0, imm:a halt_sentinel:0}
Trace 54 9 80000024 00a38413 RR.S
55: CPU.Fetch:
        Fetch_to_Decode{I_12 pc:80000030 pred:80000034 epoch:0 halt_sentinel:0}
        Mem_Req {I_12 pc:80000030 instr:xxxxxxxx FETCH 4B addr:80000030 epoch:0}
Trace 55 12 80000030 00000000 F
fn_EX_IALU: IALU x7 <= 10
55: CPU.EX_Int
        RR_to_EX{I_8 pc:80000020 instr:00a30393
             rs1_val:00000006  rs2_val:00000000  imm:0000000a }
        EX_to_Retire{I_8 pc:80000020 instr:00a30393
                  data:00000010}
Trace 55 8 80000020 00a30393 EX.I
Trace 55 7 8000001c 04a31263 RET.C
55: CPU.Retire_EX_Control: Normal
        EX_Control_to_Retire{I_7 pc:8000001c instr:04a31263
                       next_pc:80000020  data:80000020}
56: CPU.fwd: rs1 x7 <- EX_Int fwd val 10
56: CPU.Dispatch_Int:
        RR_to_Retire{I_9 pc:80000024 instr:00a38413 EXEC_TAG_INT
                 pred:80000028 epoch:0 has_rd:1 writes_mem:0
                 fallthru:80000028 halt_sentinel:0}
        RR_to_EX{I_9 pc:80000024 instr:00a38413
             rs1_val:00000010  rs2_val:00000006  imm:0000000a }
Trace 56 9 80000024 00a38413 RR.I
56:     CPU.S5.fa_update_rd:
          RW_from_Retire{I_8 pc:80000020 instr:00a30393 rd:7 commit:1 data:00000010}
Trace 56 8 80000020 00a30393 RET.I
56: CPU.Retire_EX_Int: Normal
        EX_to_Retire{I_8 pc:80000020 instr:00a30393
                  data:00000010}
57: CPU.Decode:
        Decode_to_RR{I_11 pc:8000002c instr:00a48593 pred:80000030 epoch:0
            fallthru:80000030 OPCLASS_INT has_{rs1,rs2,rd}:{1,0,1} writes_mem:0, imm:a halt_sentinel:0}
        Mem_Rsp {MEM_RSP_OK addr:8000002c rdata:00a48593 I_11 pc:8000002c instr:00000000 FETCH 4B}
Trace 57 11 8000002c 00a48593 D
57: CPU.RW (during stall):
57:     RW_from_Retire{I_8 pc:80000020 instr:00a30393 rd:7 commit:1 data:00000010}
Trace 57 8 80000020 00a30393 RW
57: CPU.rl_RR.stall: busy rd:0 rs1:1 rs2:0
        Decode_to_RR{I_10 pc:80000028 instr:00a40493 pred:8000002c epoch:0
            fallthru:8000002c OPCLASS_INT has_{rs1,rs2,rd}:{1,0,1} writes_mem:0, imm:a halt_sentinel:0}
Trace 57 10 80000028 00a40493 RR.S
58: CPU.Fetch:
        Fetch_to_Decode{I_13 pc:80000034 pred:80000038 epoch:0 halt_sentinel:0}
        Mem_Req {I_13 pc:80000034 instr:xxxxxxxx FETCH 4B addr:80000034 epoch:0}
Trace 58 13 80000034 00000000 F
fn_EX_IALU: IALU x8 <= 1a
58: CPU.EX_Int
        RR_to_EX{I_9 pc:80000024 instr:00a38413
             rs1_val:00000010  rs2_val:00000006  imm:0000000a }
        EX_to_Retire{I_9 pc:80000024 instr:00a38413
                  data:0000001a}
Trace 58 9 80000024 00a38413 EX.I
59: CPU.fwd: rs1 x8 <- EX_Int fwd val 1a
59: CPU.Dispatch_Int:
        RR_to_Retire{I_10 pc:80000028 instr:00a40493 EXEC_TAG_INT
                 pred:8000002c epoch:0 has_rd:1 writes_mem:0
                 fallthru:8000002c halt_sentinel:0}
        RR_to_EX{I_10 pc:80000028 instr:00a40493
             rs1_val:0000001a  rs2_val:00000006  imm:0000000a }
Trace 59 10 80000028 00a40493 RR.I
59:     CPU.S5.fa_update_rd:
          RW_from_Retire{I_9 pc:80000024 instr:00a38413 rd:8 commit:1 data:0000001a}
Trace 59 9 80000024 00a38413 RET.I
59: CPU.Retire_EX_Int: Normal
        EX_to_Retire{I_9 pc:80000024 instr:00a38413
                  data:0000001a}
60: CPU.Decode:
        Decode_to_RR{I_12 pc:80000030 instr:00a58613 pred:80000034 epoch:0
            fallthru:80000034 OPCLASS_INT has_{rs1,rs2,rd}:{1,0,1} writes_mem:0, imm:a halt_sentinel:0}
        Mem_Rsp {MEM_RSP_OK addr:80000030 rdata:00a58613 I_12 pc:80000030 instr:00000000 FETCH 4B}
Trace 60 12 80000030 00a58613 D
60: CPU.RW (during stall):
60:     RW_from_Retire{I_9 pc:80000024 instr:00a38413 rd:8 commit:1 data:0000001a}
Trace 60 9 80000024 00a38413 RW
60: CPU.rl_RR.stall: busy rd:0 rs1:1 rs2:0
        Decode_to_RR{I_11 pc:8000002c instr:00a48593 pred:80000030 epoch:0
            fallthru:80000030 OPCLASS_INT has_{rs1,rs2,rd}:{1,0,1} writes_mem:0, imm:a halt_sentinel:0}
Trace 60 11 8000002c 00a48593 RR.S
61: CPU.Fetch:
        Fetch_to_Decode{I_14 pc:80000038 pred:8000003c epoch:0 halt_sentinel:0}
        Mem_Req {I_14 pc:80000038 instr:xxxxxxxx FETCH 4B addr:80000038 epoch:0}
Trace 61 14 80000038 00000000 F
fn_EX_IALU: IALU x9 <= 24
61: CPU.EX_Int
        RR_to_EX{I_10 pc:80000028 instr:00a40493
             rs1_val:0000001a  rs2_val:00000006  imm:0000000a }
        EX_to_Retire{I_10 pc:80000028 instr:00a40493
                  data:00000024}
Trace 61 10 80000028 00a40493 EX.I
62: CPU.fwd: rs1 x9 <- EX_Int fwd val 24
62: CPU.Dispatch_Int:
        RR_to_Retire{I_11 pc:8000002c instr:00a48593 EXEC_TAG_INT
                 pred:80000030 epoch:0 has_rd:1 writes_mem:0
                 fallthru:80000030 halt_sentinel:0}
        RR_to_EX{I_11 pc:8000002c instr:00a48593
             rs1_val:00000024  rs2_val:00000006  imm:0000000a }
Trace 62 11 8000002c 00a48593 RR.I
62:     CPU.S5.fa_update_rd:
          RW_from_Retire{I_10 pc:80000028 instr:00a40493 rd:9 commit:1 data:00000024}
Trace 62 10 80000028 00a40493 RET.I
62: CPU.Retire_EX_Int: Normal
        EX_to_Retire{I_10 pc:80000028 instr:00a40493
                  data:00000024}
63: CPU.Decode:
        Decode_to_RR{I_13 pc:80000034 instr:03800693 pred:80000038 epoch:0
            fallthru:80000038 OPCLASS_INT has_{rs1,rs2,rd}:{1,0,1} writes_mem:0, imm:38 halt_sentinel:0}
        Mem_Rsp {MEM_RSP_OK addr:80000034 rdata:03800693 I_13 pc:80000034 instr:00000000 FETCH 4B}
Trace 63 13 80000034 03800693 D
63: CPU.RW (during stall):
63:     RW_from_Retire{I_10 pc:80000028 instr:00a40493 rd:9 commit:1 data:00000024}
Trace 63 10 80000028 00a40493 RW
63: CPU.rl_RR.stall: busy rd:0 rs1:1 rs2:0
        Decode_to_RR{I_12 pc:80000030 instr:00a58613 pred:80000034 epoch:0
            fallthru:80000034 OPCLASS_INT has_{rs1,rs2,rd}:{1,0,1} writes_mem:0, imm:a halt_sentinel:0}
Trace 63 12 80000030 00a58613 RR.S
64: CPU.Fetch:
        Fetch_to_Decode{I_15 pc:8000003c pred:80000040 epoch:0 halt_sentinel:0}
        Mem_Req {I_15 pc:8000003c instr:xxxxxxxx FETCH 4B addr:8000003c epoch:0}
Trace 64 15 8000003c 00000000 F
fn_EX_IALU: IALU x11 <= 2e
64: CPU.EX_Int
        RR_to_EX{I_11 pc:8000002c instr:00a48593
             rs1_val:00000024  rs2_val:00000006  imm:0000000a }
        EX_to_Retire{I_11 pc:8000002c instr:00a48593
                  data:0000002e}
Trace 64 11 8000002c 00a48593 EX.I
65: CPU.fwd: rs1 x11 <- EX_Int fwd val 2e
65: CPU.Dispatch_Int:
        RR_to_Retire{I_12 pc:80000030 instr:00a58613 EXEC_TAG_INT
                 pred:80000034 epoch:0 has_rd:1 writes_mem:0
                 fallthru:80000034 halt_sentinel:0}
        RR_to_EX{I_12 pc:80000030 instr:00a58613
             rs1_val:0000002e  rs2_val:00000006  imm:0000000a }
Trace 65 12 80000030 00a58613 RR.I
65:     CPU.S5.fa_update_rd:
          RW_from_Retire{I_11 pc:8000002c instr:00a48593 rd:11 commit:1 data:0000002e}
Trace 65 11 8000002c 00a48593 RET.I
65: CPU.Retire_EX_Int: Normal
        EX_to_Retire{I_11 pc:8000002c instr:00a48593
                  data:0000002e}
66: CPU.Decode:
        Decode_to_RR{I_14 pc:80000038 instr:02d61463 pred:8000003c epoch:0
            fallthru:8000003c OPCLASS_CONTROL has_{rs1,rs2,rd}:{1,1,0} writes_mem:0, imm:28 halt_sentinel:0}
        Mem_Rsp {MEM_RSP_OK addr:80000038 rdata:02d61463 I_14 pc:80000038 instr:00000000 FETCH 4B}
Trace 66 14 80000038 02d61463 D
66: CPU.RW (same-cycle with dispatch):
66:     RW_from_Retire{I_11 pc:8000002c instr:00a48593 rd:11 commit:1 data:0000002e}
Trace 66 11 8000002c 00a48593 RW
66: CPU.Dispatch_Int:
        RR_to_Retire{I_13 pc:80000034 instr:03800693 EXEC_TAG_INT
                 pred:80000038 epoch:0 has_rd:1 writes_mem:0
                 fallthru:80000038 halt_sentinel:0}
        RR_to_EX{I_13 pc:80000034 instr:03800693
             rs1_val:00000000  rs2_val:00000000  imm:00000038 }
Trace 66 13 80000034 03800693 RR.I
67: CPU.Fetch:
        Fetch_to_Decode{I_16 pc:80000040 pred:80000044 epoch:0 halt_sentinel:0}
        Mem_Req {I_16 pc:80000040 instr:xxxxxxxx FETCH 4B addr:80000040 epoch:0}
Trace 67 16 80000040 00000000 F
67: CPU.Decode:
        Decode_to_RR{I_15 pc:8000003c instr:06400713 pred:80000040 epoch:0
            fallthru:80000040 OPCLASS_INT has_{rs1,rs2,rd}:{1,0,1} writes_mem:0, imm:64 halt_sentinel:0}
        Mem_Rsp {MEM_RSP_OK addr:8000003c rdata:06400713 I_15 pc:8000003c instr:00000000 FETCH 4B}
Trace 67 15 8000003c 06400713 D
fn_EX_IALU: IALU x12 <= 38
67: CPU.EX_Int
        RR_to_EX{I_12 pc:80000030 instr:00a58613
             rs1_val:0000002e  rs2_val:00000006  imm:0000000a }
        EX_to_Retire{I_12 pc:80000030 instr:00a58613
                  data:00000038}
Trace 67 12 80000030 00a58613 EX.I
68: CPU.Fetch:
        Fetch_to_Decode{I_17 pc:80000044 pred:80000048 epoch:0 halt_sentinel:0}
        Mem_Req {I_17 pc:80000044 instr:xxxxxxxx FETCH 4B addr:80000044 epoch:0}
Trace 68 17 80000044 00000000 F
fn_EX_IALU: IALU x13 <= 38
68: CPU.EX_Int
        RR_to_EX{I_13 pc:80000034 instr:03800693
             rs1_val:00000000  rs2_val:00000000  imm:00000038 }
        EX_to_Retire{I_13 pc:80000034 instr:03800693
                  data:00000038}
Trace 68 13 80000034 03800693 EX.I
68:     CPU.S5.fa_update_rd:
          RW_from_Retire{I_12 pc:80000030 instr:00a58613 rd:12 commit:1 data:00000038}
Trace 68 12 80000030 00a58613 RET.I
68: CPU.Retire_EX_Int: Normal
        EX_to_Retire{I_12 pc:80000030 instr:00a58613
                  data:00000038}
69: CPU.RW (same-cycle with dispatch):
69:     RW_from_Retire{I_12 pc:80000030 instr:00a58613 rd:12 commit:1 data:00000038}
Trace 69 12 80000030 00a58613 RW
69: CPU.fwd: rs1 x12 <- WB val 38
69: CPU.fwd: rs2 x13 <- EX_Int fwd val 38
69: CPU.Dispatch_Control:
        RR_to_Retire{I_14 pc:80000038 instr:02d61463 EXEC_TAG_CONTROL
                 pred:8000003c epoch:0 has_rd:0 writes_mem:0
                 fallthru:8000003c halt_sentinel:0}
        RR_to_EX_Control{I_14 pc:80000038 instr:02d61463 fallthru:8000003c
                  rs1_val:00000038  rs2_val:00000038  imm:00000028 }
Trace 69 14 80000038 02d61463 RR.C
69:     CPU.S5.fa_update_rd:
          RW_from_Retire{I_13 pc:80000034 instr:03800693 rd:13 commit:1 data:00000038}
Trace 69 13 80000034 03800693 RET.I
69: CPU.Retire_EX_Int: Normal
        EX_to_Retire{I_13 pc:80000034 instr:03800693
                  data:00000038}
70: CPU.Decode:
        Decode_to_RR{I_16 pc:80000040 instr:401707b3 pred:80000044 epoch:0
            fallthru:80000044 OPCLASS_INT has_{rs1,rs2,rd}:{1,1,1} writes_mem:0, imm:0 halt_sentinel:0}
        Mem_Rsp {MEM_RSP_OK addr:80000040 rdata:401707b3 I_16 pc:80000040 instr:00000000 FETCH 4B}
Trace 70 16 80000040 401707b3 D
70: CPU.RW (same-cycle with dispatch):
70:     RW_from_Retire{I_13 pc:80000034 instr:03800693 rd:13 commit:1 data:00000038}
Trace 70 13 80000034 03800693 RW
70: CPU.Dispatch_Int:
        RR_to_Retire{I_15 pc:8000003c instr:06400713 EXEC_TAG_INT
                 pred:80000040 epoch:0 has_rd:1 writes_mem:0
                 fallthru:80000040 halt_sentinel:0}
        RR_to_EX{I_15 pc:8000003c instr:06400713
             rs1_val:00000000  rs2_val:00000004  imm:00000064 }
Trace 70 15 8000003c 06400713 RR.I
71: CPU.EX_Control
        RR_to_EX_Control{I_14 pc:80000038 instr:02d61463 fallthru:8000003c
                  rs1_val:00000038  rs2_val:00000038  imm:00000028 }
        EX_Control_to_Retire{I_14 pc:80000038 instr:02d61463
                       next_pc:8000003c  data:8000003c}
Trace 71 14 80000038 02d61463 EX.C
71: CPU.Fetch:
        Fetch_to_Decode{I_18 pc:80000048 pred:8000004c epoch:0 halt_sentinel:0}
        Mem_Req {I_18 pc:80000048 instr:xxxxxxxx FETCH 4B addr:80000048 epoch:0}
Trace 71 18 80000048 00000000 F
71: CPU.Decode:
        Decode_to_RR{I_17 pc:80000044 instr:40178833 pred:80000048 epoch:0
            fallthru:80000048 OPCLASS_INT has_{rs1,rs2,rd}:{1,1,1} writes_mem:0, imm:0 halt_sentinel:0}
        Mem_Rsp {MEM_RSP_OK addr:80000044 rdata:40178833 I_17 pc:80000044 instr:00000000 FETCH 4B}
Trace 71 17 80000044 40178833 D
71: CPU.rl_RR.stall: busy rd:0 rs1:1 rs2:0
        Decode_to_RR{I_16 pc:80000040 instr:401707b3 pred:80000044 epoch:0
            fallthru:80000044 OPCLASS_INT has_{rs1,rs2,rd}:{1,1,1} writes_mem:0, imm:0 halt_sentinel:0}
Trace 71 16 80000040 401707b3 RR.S
72: CPU.Fetch:
        Fetch_to_Decode{I_19 pc:8000004c pred:80000050 epoch:0 halt_sentinel:0}
        Mem_Req {I_19 pc:8000004c instr:xxxxxxxx FETCH 4B addr:8000004c epoch:0}
Trace 72 19 8000004c 00000000 F
fn_EX_IALU: IALU x14 <= 64
72: CPU.EX_Int
        RR_to_EX{I_15 pc:8000003c instr:06400713
             rs1_val:00000000  rs2_val:00000004  imm:00000064 }
        EX_to_Retire{I_15 pc:8000003c instr:06400713
                  data:00000064}
Trace 72 15 8000003c 06400713 EX.I
Trace 72 14 80000038 02d61463 RET.C
72: CPU.Retire_EX_Control: Normal
        EX_Control_to_Retire{I_14 pc:80000038 instr:02d61463
                       next_pc:8000003c  data:8000003c}
73: CPU.fwd: rs1 x14 <- EX_Int fwd val 64
73: CPU.Dispatch_Int:
        RR_to_Retire{I_16 pc:80000040 instr:401707b3 EXEC_TAG_INT
                 pred:80000044 epoch:0 has_rd:1 writes_mem:0
                 fallthru:80000044 halt_sentinel:0}
        RR_to_EX{I_16 pc:80000040 instr:401707b3
             rs1_val:00000064  rs2_val:00000001  imm:00000000 }
Trace 73 16 80000040 401707b3 RR.I
73:     CPU.S5.fa_update_rd:
          RW_from_Retire{I_15 pc:8000003c instr:06400713 rd:14 commit:1 data:00000064}
Trace 73 15 8000003c 06400713 RET.I
73: CPU.Retire_EX_Int: Normal
        EX_to_Retire{I_15 pc:8000003c instr:06400713
                  data:00000064}
74: CPU.Decode:
        Decode_to_RR{I_18 pc:80000048 instr:401808b3 pred:8000004c epoch:0
            fallthru:8000004c OPCLASS_INT has_{rs1,rs2,rd}:{1,1,1} writes_mem:0, imm:0 halt_sentinel:0}
        Mem_Rsp {MEM_RSP_OK addr:80000048 rdata:401808b3 I_18 pc:80000048 instr:00000000 FETCH 4B}
Trace 74 18 80000048 401808b3 D
74: CPU.RW (during stall):
74:     RW_from_Retire{I_15 pc:8000003c instr:06400713 rd:14 commit:1 data:00000064}
Trace 74 15 8000003c 06400713 RW
74: CPU.rl_RR.stall: busy rd:0 rs1:1 rs2:0
        Decode_to_RR{I_17 pc:80000044 instr:40178833 pred:80000048 epoch:0
            fallthru:80000048 OPCLASS_INT has_{rs1,rs2,rd}:{1,1,1} writes_mem:0, imm:0 halt_sentinel:0}
Trace 74 17 80000044 40178833 RR.S
75: CPU.Fetch:
        Fetch_to_Decode{I_20 pc:80000050 pred:80000054 epoch:0 halt_sentinel:0}
        Mem_Req {I_20 pc:80000050 instr:xxxxxxxx FETCH 4B addr:80000050 epoch:0}
Trace 75 20 80000050 00000000 F
fn_EX_IALU: IALU x15 <= 63
75: CPU.EX_Int
        RR_to_EX{I_16 pc:80000040 instr:401707b3
             rs1_val:00000064  rs2_val:00000001  imm:00000000 }
        EX_to_Retire{I_16 pc:80000040 instr:401707b3
                  data:00000063}
Trace 75 16 80000040 401707b3 EX.I
76: CPU.fwd: rs1 x15 <- EX_Int fwd val 63
76: CPU.Dispatch_Int:
        RR_to_Retire{I_17 pc:80000044 instr:40178833 EXEC_TAG_INT
                 pred:80000048 epoch:0 has_rd:1 writes_mem:0
                 fallthru:80000048 halt_sentinel:0}
        RR_to_EX{I_17 pc:80000044 instr:40178833
             rs1_val:00000063  rs2_val:00000001  imm:00000000 }
Trace 76 17 80000044 40178833 RR.I
76:     CPU.S5.fa_update_rd:
          RW_from_Retire{I_16 pc:80000040 instr:401707b3 rd:15 commit:1 data:00000063}
Trace 76 16 80000040 401707b3 RET.I
76: CPU.Retire_EX_Int: Normal
        EX_to_Retire{I_16 pc:80000040 instr:401707b3
                  data:00000063}
77: CPU.Decode:
        Decode_to_RR{I_19 pc:8000004c instr:40188933 pred:80000050 epoch:0
            fallthru:80000050 OPCLASS_INT has_{rs1,rs2,rd}:{1,1,1} writes_mem:0, imm:0 halt_sentinel:0}
        Mem_Rsp {MEM_RSP_OK addr:8000004c rdata:40188933 I_19 pc:8000004c instr:00000000 FETCH 4B}
Trace 77 19 8000004c 40188933 D
77: CPU.RW (during stall):
77:     RW_from_Retire{I_16 pc:80000040 instr:401707b3 rd:15 commit:1 data:00000063}
Trace 77 16 80000040 401707b3 RW
77: CPU.rl_RR.stall: busy rd:0 rs1:1 rs2:0
        Decode_to_RR{I_18 pc:80000048 instr:401808b3 pred:8000004c epoch:0
            fallthru:8000004c OPCLASS_INT has_{rs1,rs2,rd}:{1,1,1} writes_mem:0, imm:0 halt_sentinel:0}
Trace 77 18 80000048 401808b3 RR.S
78: CPU.Fetch:
        Fetch_to_Decode{I_21 pc:80000054 pred:80000058 epoch:0 halt_sentinel:0}
        Mem_Req {I_21 pc:80000054 instr:xxxxxxxx FETCH 4B addr:80000054 epoch:0}
Trace 78 21 80000054 00000000 F
fn_EX_IALU: IALU x16 <= 62
78: CPU.EX_Int
        RR_to_EX{I_17 pc:80000044 instr:40178833
             rs1_val:00000063  rs2_val:00000001  imm:00000000 }
        EX_to_Retire{I_17 pc:80000044 instr:40178833
                  data:00000062}
Trace 78 17 80000044 40178833 EX.I
79: CPU.fwd: rs1 x16 <- EX_Int fwd val 62
79: CPU.Dispatch_Int:
        RR_to_Retire{I_18 pc:80000048 instr:401808b3 EXEC_TAG_INT
                 pred:8000004c epoch:0 has_rd:1 writes_mem:0
                 fallthru:8000004c halt_sentinel:0}
        RR_to_EX{I_18 pc:80000048 instr:401808b3
             rs1_val:00000062  rs2_val:00000001  imm:00000000 }
Trace 79 18 80000048 401808b3 RR.I
79:     CPU.S5.fa_update_rd:
          RW_from_Retire{I_17 pc:80000044 instr:40178833 rd:16 commit:1 data:00000062}
Trace 79 17 80000044 40178833 RET.I
79: CPU.Retire_EX_Int: Normal
        EX_to_Retire{I_17 pc:80000044 instr:40178833
                  data:00000062}
80: CPU.Decode:
        Decode_to_RR{I_20 pc:80000050 instr:06000993 pred:80000054 epoch:0
            fallthru:80000054 OPCLASS_INT has_{rs1,rs2,rd}:{1,0,1} writes_mem:0, imm:60 halt_sentinel:0}
        Mem_Rsp {MEM_RSP_OK addr:80000050 rdata:06000993 I_20 pc:80000050 instr:00000000 FETCH 4B}
Trace 80 20 80000050 06000993 D
80: CPU.RW (during stall):
80:     RW_from_Retire{I_17 pc:80000044 instr:40178833 rd:16 commit:1 data:00000062}
Trace 80 17 80000044 40178833 RW
80: CPU.rl_RR.stall: busy rd:0 rs1:1 rs2:0
        Decode_to_RR{I_19 pc:8000004c instr:40188933 pred:80000050 epoch:0
            fallthru:80000050 OPCLASS_INT has_{rs1,rs2,rd}:{1,1,1} writes_mem:0, imm:0 halt_sentinel:0}
Trace 80 19 8000004c 40188933 RR.S
81: CPU.Fetch:
        Fetch_to_Decode{I_22 pc:80000058 pred:8000005c epoch:0 halt_sentinel:0}
        Mem_Req {I_22 pc:80000058 instr:xxxxxxxx FETCH 4B addr:80000058 epoch:0}
Trace 81 22 80000058 00000000 F
fn_EX_IALU: IALU x17 <= 61
81: CPU.EX_Int
        RR_to_EX{I_18 pc:80000048 instr:401808b3
             rs1_val:00000062  rs2_val:00000001  imm:00000000 }
        EX_to_Retire{I_18 pc:80000048 instr:401808b3
                  data:00000061}
Trace 81 18 80000048 401808b3 EX.I
82: CPU.fwd: rs1 x17 <- EX_Int fwd val 61
82: CPU.Dispatch_Int:
        RR_to_Retire{I_19 pc:8000004c instr:40188933 EXEC_TAG_INT
                 pred:80000050 epoch:0 has_rd:1 writes_mem:0
                 fallthru:80000050 halt_sentinel:0}
        RR_to_EX{I_19 pc:8000004c instr:40188933
             rs1_val:00000061  rs2_val:00000001  imm:00000000 }
Trace 82 19 8000004c 40188933 RR.I
82:     CPU.S5.fa_update_rd:
          RW_from_Retire{I_18 pc:80000048 instr:401808b3 rd:17 commit:1 data:00000061}
Trace 82 18 80000048 401808b3 RET.I
82: CPU.Retire_EX_Int: Normal
        EX_to_Retire{I_18 pc:80000048 instr:401808b3
                  data:00000061}
83: CPU.Decode:
        Decode_to_RR{I_21 pc:80000054 instr:01391663 pred:80000058 epoch:0
            fallthru:80000058 OPCLASS_CONTROL has_{rs1,rs2,rd}:{1,1,0} writes_mem:0, imm:c halt_sentinel:0}
        Mem_Rsp {MEM_RSP_OK addr:80000054 rdata:01391663 I_21 pc:80000054 instr:00000000 FETCH 4B}
Trace 83 21 80000054 01391663 D
83: CPU.RW (same-cycle with dispatch):
83:     RW_from_Retire{I_18 pc:80000048 instr:401808b3 rd:17 commit:1 data:00000061}
Trace 83 18 80000048 401808b3 RW
83: CPU.Dispatch_Int:
        RR_to_Retire{I_20 pc:80000050 instr:06000993 EXEC_TAG_INT
                 pred:80000054 epoch:0 has_rd:1 writes_mem:0
                 fallthru:80000054 halt_sentinel:0}
        RR_to_EX{I_20 pc:80000050 instr:06000993
             rs1_val:00000000  rs2_val:00000000  imm:00000060 }
Trace 83 20 80000050 06000993 RR.I
84: CPU.Fetch:
        Fetch_to_Decode{I_23 pc:8000005c pred:80000060 epoch:0 halt_sentinel:0}
        Mem_Req {I_23 pc:8000005c instr:xxxxxxxx FETCH 4B addr:8000005c epoch:0}
Trace 84 23 8000005c 00000000 F
84: CPU.Decode:
        Decode_to_RR{I_22 pc:80000058 instr:00100e13 pred:8000005c epoch:0
            fallthru:8000005c OPCLASS_INT has_{rs1,rs2,rd}:{1,0,1} writes_mem:0, imm:1 halt_sentinel:0}
        Mem_Rsp {MEM_RSP_OK addr:80000058 rdata:00100e13 I_22 pc:80000058 instr:00000000 FETCH 4B}
Trace 84 22 80000058 00100e13 D
fn_EX_IALU: IALU x18 <= 60
84: CPU.EX_Int
        RR_to_EX{I_19 pc:8000004c instr:40188933
             rs1_val:00000061  rs2_val:00000001  imm:00000000 }
        EX_to_Retire{I_19 pc:8000004c instr:40188933
                  data:00000060}
Trace 84 19 8000004c 40188933 EX.I
85: CPU.Fetch:
        Fetch_to_Decode{I_24 pc:80000060 pred:80000064 epoch:0 halt_sentinel:0}
        Mem_Req {I_24 pc:80000060 instr:xxxxxxxx FETCH 4B addr:80000060 epoch:0}
Trace 85 24 80000060 00000000 F
fn_EX_IALU: IALU x19 <= 60
85: CPU.EX_Int
        RR_to_EX{I_20 pc:80000050 instr:06000993
             rs1_val:00000000  rs2_val:00000000  imm:00000060 }
        EX_to_Retire{I_20 pc:80000050 instr:06000993
                  data:00000060}
Trace 85 20 80000050 06000993 EX.I
85:     CPU.S5.fa_update_rd:
          RW_from_Retire{I_19 pc:8000004c instr:40188933 rd:18 commit:1 data:00000060}
Trace 85 19 8000004c 40188933 RET.I
85: CPU.Retire_EX_Int: Normal
        EX_to_Retire{I_19 pc:8000004c instr:40188933
                  data:00000060}
86: CPU.RW (same-cycle with dispatch):
86:     RW_from_Retire{I_19 pc:8000004c instr:40188933 rd:18 commit:1 data:00000060}
Trace 86 19 8000004c 40188933 RW
86: CPU.fwd: rs1 x18 <- WB val 60
86: CPU.fwd: rs2 x19 <- EX_Int fwd val 60
86: CPU.Dispatch_Control:
        RR_to_Retire{I_21 pc:80000054 instr:01391663 EXEC_TAG_CONTROL
                 pred:80000058 epoch:0 has_rd:0 writes_mem:0
                 fallthru:80000058 halt_sentinel:0}
        RR_to_EX_Control{I_21 pc:80000054 instr:01391663 fallthru:80000058
                  rs1_val:00000060  rs2_val:00000060  imm:0000000c }
Trace 86 21 80000054 01391663 RR.C
86:     CPU.S5.fa_update_rd:
          RW_from_Retire{I_20 pc:80000050 instr:06000993 rd:19 commit:1 data:00000060}
Trace 86 20 80000050 06000993 RET.I
86: CPU.Retire_EX_Int: Normal
        EX_to_Retire{I_20 pc:80000050 instr:06000993
                  data:00000060}
87: CPU.Decode:
        Decode_to_RR{I_23 pc:8000005c instr:0080006f pred:80000060 epoch:0
            fallthru:80000060 OPCLASS_CONTROL has_{rs1,rs2,rd}:{0,0,0} writes_mem:0, imm:8 halt_sentinel:0}
        Mem_Rsp {MEM_RSP_OK addr:8000005c rdata:0080006f I_23 pc:8000005c instr:00000000 FETCH 4B}
Trace 87 23 8000005c 0080006f D
87: CPU.RW (same-cycle with dispatch):
87:     RW_from_Retire{I_20 pc:80000050 instr:06000993 rd:19 commit:1 data:00000060}
Trace 87 20 80000050 06000993 RW
87: CPU.Dispatch_Int:
        RR_to_Retire{I_22 pc:80000058 instr:00100e13 EXEC_TAG_INT
                 pred:8000005c epoch:0 has_rd:1 writes_mem:0
                 fallthru:8000005c halt_sentinel:0}
        RR_to_EX{I_22 pc:80000058 instr:00100e13
             rs1_val:00000000  rs2_val:00000001  imm:00000001 }
Trace 87 22 80000058 00100e13 RR.I
88: CPU.EX_Control
        RR_to_EX_Control{I_21 pc:80000054 instr:01391663 fallthru:80000058
                  rs1_val:00000060  rs2_val:00000060  imm:0000000c }
        EX_Control_to_Retire{I_21 pc:80000054 instr:01391663
                       next_pc:80000058  data:80000058}
Trace 88 21 80000054 01391663 EX.C
88: CPU.Fetch:
        Fetch_to_Decode{I_25 pc:80000064 pred:80000068 epoch:0 halt_sentinel:0}
        Mem_Req {I_25 pc:80000064 instr:xxxxxxxx FETCH 4B addr:80000064 epoch:0}
Trace 88 25 80000064 00000000 F
88: CPU.Decode:
        Decode_to_RR{I_24 pc:80000060 instr:00300e13 pred:80000064 epoch:0
            fallthru:80000064 OPCLASS_INT has_{rs1,rs2,rd}:{1,0,1} writes_mem:0, imm:3 halt_sentinel:0}
        Mem_Rsp {MEM_RSP_OK addr:80000060 rdata:00300e13 I_24 pc:80000060 instr:00000000 FETCH 4B}
Trace 88 24 80000060 00300e13 D
88: CPU.Dispatch_Control:
        RR_to_Retire{I_23 pc:8000005c instr:0080006f EXEC_TAG_CONTROL
                 pred:80000060 epoch:0 has_rd:0 writes_mem:0
                 fallthru:80000060 halt_sentinel:0}
        RR_to_EX_Control{I_23 pc:8000005c instr:0080006f fallthru:80000060
                  rs1_val:00000000  rs2_val:0000001a  imm:00000008 }
Trace 88 23 8000005c 0080006f RR.C
89: CPU.Fetch:
        Fetch_to_Decode{I_26 pc:80000068 pred:8000006c epoch:0 halt_sentinel:0}
        Mem_Req {I_26 pc:80000068 instr:xxxxxxxx FETCH 4B addr:80000068 epoch:0}
Trace 89 26 80000068 00000000 F
89: CPU.Decode:
        Decode_to_RR{I_25 pc:80000064 instr:6fff0f37 pred:80000068 epoch:0
            fallthru:80000068 OPCLASS_INT has_{rs1,rs2,rd}:{0,0,1} writes_mem:0, imm:6fff0000 halt_sentinel:0}
        Mem_Rsp {MEM_RSP_OK addr:80000064 rdata:6fff0f37 I_25 pc:80000064 instr:00000000 FETCH 4B}
Trace 89 25 80000064 6fff0f37 D
fn_EX_IALU: IALU x28 <= 1
89: CPU.EX_Int
        RR_to_EX{I_22 pc:80000058 instr:00100e13
             rs1_val:00000000  rs2_val:00000001  imm:00000001 }
        EX_to_Retire{I_22 pc:80000058 instr:00100e13
                  data:00000001}
Trace 89 22 80000058 00100e13 EX.I
Trace 89 21 80000054 01391663 RET.C
89: CPU.Retire_EX_Control: Normal
        EX_Control_to_Retire{I_21 pc:80000054 instr:01391663
                       next_pc:80000058  data:80000058}
90: CPU.EX_Control
        RR_to_EX_Control{I_23 pc:8000005c instr:0080006f fallthru:80000060
                  rs1_val:00000000  rs2_val:0000001a  imm:00000008 }
        EX_Control_to_Retire{I_23 pc:8000005c instr:0080006f
                       next_pc:80000064  data:80000060}
Trace 90 23 8000005c 0080006f EX.C
90: CPU.Fetch:
        Fetch_to_Decode{I_27 pc:8000006c pred:80000070 epoch:0 halt_sentinel:0}
        Mem_Req {I_27 pc:8000006c instr:xxxxxxxx FETCH 4B addr:8000006c epoch:0}
Trace 90 27 8000006c 00000000 F
90: CPU.rl_RR.stall: busy rd:1 rs1:0 rs2:0
        Decode_to_RR{I_24 pc:80000060 instr:00300e13 pred:80000064 epoch:0
            fallthru:80000064 OPCLASS_INT has_{rs1,rs2,rd}:{1,0,1} writes_mem:0, imm:3 halt_sentinel:0}
Trace 90 24 80000060 00300e13 RR.S
90:     CPU.S5.fa_update_rd:
          RW_from_Retire{I_22 pc:80000058 instr:00100e13 rd:28 commit:1 data:00000001}
Trace 90 22 80000058 00100e13 RET.I
90: CPU.Retire_EX_Int: Normal
        EX_to_Retire{I_22 pc:80000058 instr:00100e13
                  data:00000001}
91: CPU.RW (same-cycle with dispatch):
91:     RW_from_Retire{I_22 pc:80000058 instr:00100e13 rd:28 commit:1 data:00000001}
Trace 91 22 80000058 00100e13 RW
91: CPU.Dispatch_Int:
        RR_to_Retire{I_24 pc:80000060 instr:00300e13 EXEC_TAG_INT
                 pred:80000064 epoch:0 has_rd:1 writes_mem:0
                 fallthru:80000064 halt_sentinel:0}
        RR_to_EX{I_24 pc:80000060 instr:00300e13
             rs1_val:00000000  rs2_val:00000003  imm:00000003 }
Trace 91 24 80000060 00300e13 RR.I
91:     CPU.S5.fa_redirect_Fetch:
        Fetch_from_Retire{I_23 pc:8000005c instr:0080006f next_pc:80000064 next_epoch 1 haltreq 0}
Trace 91 23 8000005c 0080006f RET.C
91: CPU.Retire_EX_Control: Normal
        EX_Control_to_Retire{I_23 pc:8000005c instr:0080006f
                       next_pc:80000064  data:80000060}
92: CPU.Redirect:
        Fetch_from_Retire{I_23 pc:8000005c instr:0080006f next_pc:80000064 next_epoch 1 haltreq 0}
Trace 92 23 8000005c 0080006f Redir
92: CPU.Decode:
        Decode_to_RR{I_26 pc:80000068 instr:01cf2823 pred:8000006c epoch:0
            fallthru:8000006c OPCLASS_MEM has_{rs1,rs2,rd}:{1,1,0} writes_mem:1, imm:10 halt_sentinel:0}
        Mem_Rsp {MEM_RSP_OK addr:80000068 rdata:01cf2823 I_26 pc:80000068 instr:00000000 FETCH 4B}
Trace 92 26 80000068 01cf2823 D
92: CPU.Dispatch_Int:
        RR_to_Retire{I_25 pc:80000064 instr:6fff0f37 EXEC_TAG_INT
                 pred:80000068 epoch:0 has_rd:1 writes_mem:0
                 fallthru:80000068 halt_sentinel:0}
        RR_to_EX{I_25 pc:80000064 instr:6fff0f37
             rs1_val:00000000  rs2_val:00000000  imm:6fff0000 }
Trace 92 25 80000064 6fff0f37 RR.I
93: CPU.Fetch:
        Fetch_to_Decode{I_28 pc:80000064 pred:80000068 epoch:1 halt_sentinel:0}
        Mem_Req {I_28 pc:80000064 instr:xxxxxxxx FETCH 4B addr:80000064 epoch:1}
Trace 93 28 80000064 00000000 F
93: CPU.Decode:
        Decode_to_RR{I_27 pc:8000006c instr:0000006f pred:80000070 epoch:0
            fallthru:80000070 OPCLASS_CONTROL has_{rs1,rs2,rd}:{0,0,0} writes_mem:0, imm:0 halt_sentinel:0}
        Mem_Rsp {MEM_RSP_OK addr:8000006c rdata:0000006f I_27 pc:8000006c instr:00000000 FETCH 4B}
Trace 93 27 8000006c 0000006f D
fn_EX_IALU: IALU x28 <= 3
93: CPU.EX_Int
        RR_to_EX{I_24 pc:80000060 instr:00300e13
             rs1_val:00000000  rs2_val:00000003  imm:00000003 }
        EX_to_Retire{I_24 pc:80000060 instr:00300e13
                  data:00000003}
Trace 93 24 80000060 00300e13 EX.I
94: CPU.Fetch:
        Fetch_to_Decode{I_29 pc:80000068 pred:8000006c epoch:1 halt_sentinel:0}
        Mem_Req {I_29 pc:80000068 instr:xxxxxxxx FETCH 4B addr:80000068 epoch:1}
Trace 94 29 80000068 00000000 F
fn_EX_IALU: LUI x30 <= 6fff0000
94: CPU.EX_Int
        RR_to_EX{I_25 pc:80000064 instr:6fff0f37
             rs1_val:00000000  rs2_val:00000000  imm:6fff0000 }
        EX_to_Retire{I_25 pc:80000064 instr:6fff0f37
                  data:6fff0000}
Trace 94 25 80000064 6fff0f37 EX.I
94:     CPU.S5.fa_update_rd:(unreserve scoreboard)
          RW_from_Retire{I_24 pc:80000060 instr:00300e13 rd:28 commit:0 data:xxxxxxxx}
Trace 94 24 80000060 00300e13 RET.discard
94: CPU.S5.rl_Retire_wrong_path:
        RR_to_Retire{I_24 pc:80000060 instr:00300e13 EXEC_TAG_INT
                 pred:80000064 epoch:0 has_rd:1 writes_mem:0
                 fallthru:80000064 halt_sentinel:0}
95: CPU.RW (same-cycle with dispatch):
95:     RW_from_Retire{I_24 pc:80000060 instr:00300e13 rd:28 commit:0 data:00000000}
Trace 95 24 80000060 00300e13 RW
95: CPU.fwd: rs1 x30 <- EX_Int fwd val 6fff0000
95: CPU.Dispatch_DMem:
        RR_to_Retire{I_26 pc:80000068 instr:01cf2823 EXEC_TAG_DMEM
                 pred:8000006c epoch:0 has_rd:0 writes_mem:1
                 fallthru:8000006c halt_sentinel:0}
        rs1_val:6fff0000  rs2_val:00000001  imm:00000010
        Mem_Req {I_26 pc:80000068 instr:01cf2823 STORE 4B addr:6fff0010 wdata:00000001 epoch:0}
Trace 95 26 80000068 01cf2823 RR.D
95:     CPU.S5.fa_update_rd:(unreserve scoreboard)
          RW_from_Retire{I_25 pc:80000064 instr:6fff0f37 rd:30 commit:0 data:xxxxxxxx}
Trace 95 25 80000064 6fff0f37 RET.discard
95: CPU.S5.rl_Retire_wrong_path:
        RR_to_Retire{I_25 pc:80000064 instr:6fff0f37 EXEC_TAG_INT
                 pred:80000068 epoch:0 has_rd:1 writes_mem:0
                 fallthru:80000068 halt_sentinel:0}
96: CPU.Decode:
        Decode_to_RR{I_28 pc:80000064 instr:6fff0f37 pred:80000068 epoch:1
            fallthru:80000068 OPCLASS_INT has_{rs1,rs2,rd}:{0,0,1} writes_mem:0, imm:6fff0000 halt_sentinel:0}
        Mem_Rsp {MEM_RSP_OK addr:80000064 rdata:6fff0f37 I_28 pc:80000064 instr:00000000 FETCH 4B}
Trace 96 28 80000064 6fff0f37 D
96: CPU.RW (same-cycle with dispatch):
96:     RW_from_Retire{I_25 pc:80000064 instr:6fff0f37 rd:30 commit:0 data:00000000}
Trace 96 25 80000064 6fff0f37 RW
96: CPU.Dispatch_Control:
        RR_to_Retire{I_27 pc:8000006c instr:0000006f EXEC_TAG_CONTROL
                 pred:80000070 epoch:0 has_rd:0 writes_mem:0
                 fallthru:80000070 halt_sentinel:0}
        RR_to_EX_Control{I_27 pc:8000006c instr:0000006f fallthru:80000070
                  rs1_val:00000000  rs2_val:00000000  imm:00000000 }
Trace 96 27 8000006c 0000006f RR.C
97: CPU.Fetch:
        Fetch_to_Decode{I_30 pc:8000006c pred:80000070 epoch:1 halt_sentinel:0}
        Mem_Req {I_30 pc:8000006c instr:xxxxxxxx FETCH 4B addr:8000006c epoch:1}
Trace 97 30 8000006c 00000000 F
97: CPU.Decode:
        Decode_to_RR{I_29 pc:80000068 instr:01cf2823 pred:8000006c epoch:1
            fallthru:8000006c OPCLASS_MEM has_{rs1,rs2,rd}:{1,1,0} writes_mem:1, imm:10 halt_sentinel:0}
        Mem_Rsp {MEM_RSP_OK addr:80000068 rdata:01cf2823 I_29 pc:80000068 instr:00000000 FETCH 4B}
Trace 97 29 80000068 01cf2823 D
97: CPU.Dispatch_Int:
        RR_to_Retire{I_28 pc:80000064 instr:6fff0f37 EXEC_TAG_INT
                 pred:80000068 epoch:1 has_rd:1 writes_mem:0
                 fallthru:80000068 halt_sentinel:0}
        RR_to_EX{I_28 pc:80000064 instr:6fff0f37
             rs1_val:00000000  rs2_val:00000000  imm:6fff0000 }
Trace 97 28 80000064 6fff0f37 RR.I
Trace 97 26 80000068 01cf2823 RET.discard
97: CPU.S5.rl_Retire_wrong_path:
        RR_to_Retire{I_26 pc:80000068 instr:01cf2823 EXEC_TAG_DMEM
                 pred:8000006c epoch:0 has_rd:0 writes_mem:1
                 fallthru:8000006c halt_sentinel:0}
98: CPU.EX_Control
        RR_to_EX_Control{I_27 pc:8000006c instr:0000006f fallthru:80000070
                  rs1_val:00000000  rs2_val:00000000  imm:00000000 }
        EX_Control_to_Retire{I_27 pc:8000006c instr:0000006f
                       next_pc:8000006c  data:80000070}
Trace 98 27 8000006c 0000006f EX.C
98: CPU.Fetch:
        Fetch_to_Decode{I_31 pc:80000070 pred:80000074 epoch:1 halt_sentinel:0}
        Mem_Req {I_31 pc:80000070 instr:xxxxxxxx FETCH 4B addr:80000070 epoch:1}
Trace 98 31 80000070 00000000 F
98: CPU.Decode:
        Decode_to_RR{I_30 pc:8000006c instr:0000006f pred:80000070 epoch:1
            fallthru:80000070 OPCLASS_CONTROL has_{rs1,rs2,rd}:{0,0,0} writes_mem:0, imm:0 halt_sentinel:0}
        Mem_Rsp {MEM_RSP_OK addr:8000006c rdata:0000006f I_30 pc:8000006c instr:00000000 FETCH 4B}
Trace 98 30 8000006c 0000006f D
98: CPU.rl_RR.stall: busy rd:0 rs1:1 rs2:0
        Decode_to_RR{I_29 pc:80000068 instr:01cf2823 pred:8000006c epoch:1
            fallthru:8000006c OPCLASS_MEM has_{rs1,rs2,rd}:{1,1,0} writes_mem:1, imm:10 halt_sentinel:0}
Trace 98 29 80000068 01cf2823 RR.S
99: CPU.Fetch:
        Fetch_to_Decode{I_32 pc:80000074 pred:80000078 epoch:1 halt_sentinel:0}
        Mem_Req {I_32 pc:80000074 instr:xxxxxxxx FETCH 4B addr:80000074 epoch:1}
Trace 99 32 80000074 00000000 F
fn_EX_IALU: LUI x30 <= 6fff0000
99: CPU.EX_Int
        RR_to_EX{I_28 pc:80000064 instr:6fff0f37
             rs1_val:00000000  rs2_val:00000000  imm:6fff0000 }
        EX_to_Retire{I_28 pc:80000064 instr:6fff0f37
                  data:6fff0000}
Trace 99 28 80000064 6fff0f37 EX.I
Trace 99 27 8000006c 0000006f RET.discard
99: CPU.S5.rl_Retire_wrong_path:
        RR_to_Retire{I_27 pc:8000006c instr:0000006f EXEC_TAG_CONTROL
                 pred:80000070 epoch:0 has_rd:0 writes_mem:0
                 fallthru:80000070 halt_sentinel:0}
100: CPU.fwd: rs1 x30 <- EX_Int fwd val 6fff0000
100: CPU.Dispatch_DMem:
        RR_to_Retire{I_29 pc:80000068 instr:01cf2823 EXEC_TAG_DMEM
                 pred:8000006c epoch:1 has_rd:0 writes_mem:1
                 fallthru:8000006c halt_sentinel:0}
        rs1_val:6fff0000  rs2_val:00000001  imm:00000010
        Mem_Req {I_29 pc:80000068 instr:01cf2823 STORE 4B addr:6fff0010 wdata:00000001 epoch:1}
Trace 100 29 80000068 01cf2823 RR.D
100:     CPU.S5.fa_update_rd:
          RW_from_Retire{I_28 pc:80000064 instr:6fff0f37 rd:30 commit:1 data:6fff0000}
Trace 100 28 80000064 6fff0f37 RET.I
100: CPU.Retire_EX_Int: Normal
        EX_to_Retire{I_28 pc:80000064 instr:6fff0f37
                  data:6fff0000}
101: CPU.Decode:
        Decode_to_RR{I_31 pc:80000070 instr:00000000 pred:80000074 epoch:1
            fallthru:80000074 ILLEGAL_INSTR tval:0 halt_sentinel:0}
        Mem_Rsp {MEM_RSP_OK addr:80000070 rdata:00000000 I_31 pc:80000070 instr:00000000 FETCH 4B}
Trace 101 31 80000070 00000000 D
101: CPU.RW (same-cycle with dispatch):
101:     RW_from_Retire{I_28 pc:80000064 instr:6fff0f37 rd:30 commit:1 data:6fff0000}
Trace 101 28 80000064 6fff0f37 RW
101: CPU.Dispatch_Control:
        RR_to_Retire{I_30 pc:8000006c instr:0000006f EXEC_TAG_CONTROL
                 pred:80000070 epoch:1 has_rd:0 writes_mem:0
                 fallthru:80000070 halt_sentinel:0}
        RR_to_EX_Control{I_30 pc:8000006c instr:0000006f fallthru:80000070
                  rs1_val:00000000  rs2_val:00000000  imm:00000000 }
Trace 101 30 8000006c 0000006f RR.C
102: CPU.Fetch:
        Fetch_to_Decode{I_33 pc:80000078 pred:8000007c epoch:1 halt_sentinel:0}
        Mem_Req {I_33 pc:80000078 instr:xxxxxxxx FETCH 4B addr:80000078 epoch:1}
Trace 102 33 80000078 00000000 F
