================================================================
Fife v0.90 2025-07-12: starting execution at PC 80000000
3: CPU.Fetch:
        Fetch_to_Decode{I_0 pc:80000000 pred:80000004 epoch:0 halt_sentinel:0}
        Mem_Req {I_0 pc:80000000 instr:xxxxxxxx FETCH 4B addr:80000000 epoch:0}
Trace 3 0 80000000 00000000 F
4: CPU.Fetch:
        Fetch_to_Decode{I_1 pc:80000004 pred:80000008 epoch:0 halt_sentinel:0}
        Mem_Req {I_1 pc:80000004 instr:xxxxxxxx FETCH 4B addr:80000004 epoch:0}
Trace 4 1 80000004 00000000 F
4: CPU.Decode:
        Decode_to_RR{I_0 pc:80000000 instr:000000b3 pred:80000004 epoch:0
            fallthru:80000004 OPCLASS_INT has_{rs1,rs2,rd}:{1,1,1} writes_mem:0, imm:0 halt_sentinel:0}
        Mem_Rsp {MEM_RSP_OK addr:80000000 rdata:000000b3 I_0 pc:80000000 instr:00000000 FETCH 4B}
Trace 4 0 80000000 000000b3 D
5: CPU.Fetch:
        Fetch_to_Decode{I_2 pc:80000008 pred:8000000c epoch:0 halt_sentinel:0}
        Mem_Req {I_2 pc:80000008 instr:xxxxxxxx FETCH 4B addr:80000008 epoch:0}
Trace 5 2 80000008 00000000 F
5: CPU.Decode:
        Decode_to_RR{I_1 pc:80000004 instr:00508113 pred:80000008 epoch:0
            fallthru:80000008 OPCLASS_INT has_{rs1,rs2,rd}:{1,0,1} writes_mem:0, imm:5 halt_sentinel:0}
        Mem_Rsp {MEM_RSP_OK addr:80000004 rdata:00508113 I_1 pc:80000004 instr:00000000 FETCH 4B}
Trace 5 1 80000004 00508113 D
6: CPU.Fetch:
        Fetch_to_Decode{I_3 pc:8000000c pred:80000010 epoch:0 halt_sentinel:0}
        Mem_Req {I_3 pc:8000000c instr:xxxxxxxx FETCH 4B addr:8000000c epoch:0}
Trace 6 3 8000000c 00000000 F
33: CPU.Dispatch_Int:
        RR_to_Retire{I_0 pc:80000000 instr:000000b3 EXEC_TAG_INT
                 pred:80000004 epoch:0 has_rd:1 writes_mem:0
                 fallthru:80000004 halt_sentinel:0}
        RR_to_EX{I_0 pc:80000000 instr:000000b3
             rs1_val:00000000  rs2_val:00000000  imm:00000000 }
Trace 33 0 80000000 000000b3 RR.I
34: CPU.Decode:
        Decode_to_RR{I_2 pc:80000008 instr:00310193 pred:8000000c epoch:0
            fallthru:8000000c OPCLASS_INT has_{rs1,rs2,rd}:{1,0,1} writes_mem:0, imm:3 halt_sentinel:0}
        Mem_Rsp {MEM_RSP_OK addr:80000008 rdata:00310193 I_2 pc:80000008 instr:00000000 FETCH 4B}
Trace 34 2 80000008 00310193 D
34: CPU.rl_RR.stall: busy rd:0 rs1:1 rs2:0
        Decode_to_RR{I_1 pc:80000004 instr:00508113 pred:80000008 epoch:0
            fallthru:80000008 OPCLASS_INT has_{rs1,rs2,rd}:{1,0,1} writes_mem:0, imm:5 halt_sentinel:0}
Trace 34 1 80000004 00508113 RR.S
35: CPU.Fetch:
        Fetch_to_Decode{I_4 pc:80000010 pred:80000014 epoch:0 halt_sentinel:0}
        Mem_Req {I_4 pc:80000010 instr:xxxxxxxx FETCH 4B addr:80000010 epoch:0}
Trace 35 4 80000010 00000000 F
fn_EX_IALU: IALU x1 <= 0
35: CPU.EX_Int
        RR_to_EX{I_0 pc:80000000 instr:000000b3
             rs1_val:00000000  rs2_val:00000000  imm:00000000 }
        EX_to_Retire{I_0 pc:80000000 instr:000000b3
                  data:00000000}
Trace 35 0 80000000 000000b3 EX.I
36: CPU.fwd: rs1 x1 <- EX_Int fwd val 0
36: CPU.Dispatch_Int:
        RR_to_Retire{I_1 pc:80000004 instr:00508113 EXEC_TAG_INT
                 pred:80000008 epoch:0 has_rd:1 writes_mem:0
                 fallthru:80000008 halt_sentinel:0}
        RR_to_EX{I_1 pc:80000004 instr:00508113
             rs1_val:00000000  rs2_val:00000000  imm:00000005 }
Trace 36 1 80000004 00508113 RR.I
36:     CPU.S5.fa_update_rd:
          RW_from_Retire{I_0 pc:80000000 instr:000000b3 rd:1 commit:1 data:00000000}
Trace 36 0 80000000 000000b3 RET.I
36: CPU.Retire_EX_Int: Normal
        EX_to_Retire{I_0 pc:80000000 instr:000000b3
                  data:00000000}
37: CPU.Decode:
        Decode_to_RR{I_3 pc:8000000c instr:00500513 pred:80000010 epoch:0
            fallthru:80000010 OPCLASS_INT has_{rs1,rs2,rd}:{1,0,1} writes_mem:0, imm:5 halt_sentinel:0}
        Mem_Rsp {MEM_RSP_OK addr:8000000c rdata:00500513 I_3 pc:8000000c instr:00000000 FETCH 4B}
Trace 37 3 8000000c 00500513 D
37: CPU.RW (during stall):
37:     RW_from_Retire{I_0 pc:80000000 instr:000000b3 rd:1 commit:1 data:00000000}
Trace 37 0 80000000 000000b3 RW
37: CPU.rl_RR.stall: busy rd:0 rs1:1 rs2:0
        Decode_to_RR{I_2 pc:80000008 instr:00310193 pred:8000000c epoch:0
            fallthru:8000000c OPCLASS_INT has_{rs1,rs2,rd}:{1,0,1} writes_mem:0, imm:3 halt_sentinel:0}
Trace 37 2 80000008 00310193 RR.S
38: CPU.Fetch:
        Fetch_to_Decode{I_5 pc:80000014 pred:80000018 epoch:0 halt_sentinel:0}
        Mem_Req {I_5 pc:80000014 instr:xxxxxxxx FETCH 4B addr:80000014 epoch:0}
Trace 38 5 80000014 00000000 F
fn_EX_IALU: IALU x2 <= 5
38: CPU.EX_Int
        RR_to_EX{I_1 pc:80000004 instr:00508113
             rs1_val:00000000  rs2_val:00000000  imm:00000005 }
        EX_to_Retire{I_1 pc:80000004 instr:00508113
                  data:00000005}
Trace 38 1 80000004 00508113 EX.I
39: CPU.fwd: rs1 x2 <- EX_Int fwd val 5
39: CPU.Dispatch_Int:
        RR_to_Retire{I_2 pc:80000008 instr:00310193 EXEC_TAG_INT
                 pred:8000000c epoch:0 has_rd:1 writes_mem:0
                 fallthru:8000000c halt_sentinel:0}
        RR_to_EX{I_2 pc:80000008 instr:00310193
             rs1_val:00000005  rs2_val:00000000  imm:00000003 }
Trace 39 2 80000008 00310193 RR.I
39:     CPU.S5.fa_update_rd:
          RW_from_Retire{I_1 pc:80000004 instr:00508113 rd:2 commit:1 data:00000005}
Trace 39 1 80000004 00508113 RET.I
39: CPU.Retire_EX_Int: Normal
        EX_to_Retire{I_1 pc:80000004 instr:00508113
                  data:00000005}
40: CPU.Decode:
        Decode_to_RR{I_4 pc:80000010 instr:02a11e63 pred:80000014 epoch:0
            fallthru:80000014 OPCLASS_CONTROL has_{rs1,rs2,rd}:{1,1,0} writes_mem:0, imm:3c halt_sentinel:0}
        Mem_Rsp {MEM_RSP_OK addr:80000010 rdata:02a11e63 I_4 pc:80000010 instr:00000000 FETCH 4B}
Trace 40 4 80000010 02a11e63 D
40: CPU.RW (same-cycle with dispatch):
40:     RW_from_Retire{I_1 pc:80000004 instr:00508113 rd:2 commit:1 data:00000005}
Trace 40 1 80000004 00508113 RW
40: CPU.Dispatch_Int:
        RR_to_Retire{I_3 pc:8000000c instr:00500513 EXEC_TAG_INT
                 pred:80000010 epoch:0 has_rd:1 writes_mem:0
                 fallthru:80000010 halt_sentinel:0}
        RR_to_EX{I_3 pc:8000000c instr:00500513
             rs1_val:00000000  rs2_val:00000000  imm:00000005 }
Trace 40 3 8000000c 00500513 RR.I
41: CPU.Fetch:
        Fetch_to_Decode{I_6 pc:80000018 pred:8000001c epoch:0 halt_sentinel:0}
        Mem_Req {I_6 pc:80000018 instr:xxxxxxxx FETCH 4B addr:80000018 epoch:0}
Trace 41 6 80000018 00000000 F
41: CPU.Decode:
        Decode_to_RR{I_5 pc:80000014 instr:00800593 pred:80000018 epoch:0
            fallthru:80000018 OPCLASS_INT has_{rs1,rs2,rd}:{1,0,1} writes_mem:0, imm:8 halt_sentinel:0}
        Mem_Rsp {MEM_RSP_OK addr:80000014 rdata:00800593 I_5 pc:80000014 instr:00000000 FETCH 4B}
Trace 41 5 80000014 00800593 D
fn_EX_IALU: IALU x3 <= 8
41: CPU.EX_Int
        RR_to_EX{I_2 pc:80000008 instr:00310193
             rs1_val:00000005  rs2_val:00000000  imm:00000003 }
        EX_to_Retire{I_2 pc:80000008 instr:00310193
                  data:00000008}
Trace 41 2 80000008 00310193 EX.I
42: CPU.Fetch:
        Fetch_to_Decode{I_7 pc:8000001c pred:80000020 epoch:0 halt_sentinel:0}
        Mem_Req {I_7 pc:8000001c instr:xxxxxxxx FETCH 4B addr:8000001c epoch:0}
Trace 42 7 8000001c 00000000 F
fn_EX_IALU: IALU x10 <= 5
42: CPU.EX_Int
        RR_to_EX{I_3 pc:8000000c instr:00500513
             rs1_val:00000000  rs2_val:00000000  imm:00000005 }
        EX_to_Retire{I_3 pc:8000000c instr:00500513
                  data:00000005}
Trace 42 3 8000000c 00500513 EX.I
42:     CPU.S5.fa_update_rd:
          RW_from_Retire{I_2 pc:80000008 instr:00310193 rd:3 commit:1 data:00000008}
Trace 42 2 80000008 00310193 RET.I
42: CPU.Retire_EX_Int: Normal
        EX_to_Retire{I_2 pc:80000008 instr:00310193
                  data:00000008}
43: CPU.RW (same-cycle with dispatch):
43:     RW_from_Retire{I_2 pc:80000008 instr:00310193 rd:3 commit:1 data:00000008}
Trace 43 2 80000008 00310193 RW
43: CPU.fwd: rs2 x10 <- EX_Int fwd val 5
43: CPU.Dispatch_Control:
        RR_to_Retire{I_4 pc:80000010 instr:02a11e63 EXEC_TAG_CONTROL
                 pred:80000014 epoch:0 has_rd:0 writes_mem:0
                 fallthru:80000014 halt_sentinel:0}
        RR_to_EX_Control{I_4 pc:80000010 instr:02a11e63 fallthru:80000014
                  rs1_val:00000005  rs2_val:00000005  imm:0000003c }
Trace 43 4 80000010 02a11e63 RR.C
43:     CPU.S5.fa_update_rd:
          RW_from_Retire{I_3 pc:8000000c instr:00500513 rd:10 commit:1 data:00000005}
Trace 43 3 8000000c 00500513 RET.I
43: CPU.Retire_EX_Int: Normal
        EX_to_Retire{I_3 pc:8000000c instr:00500513
                  data:00000005}
44: CPU.Decode:
        Decode_to_RR{I_6 pc:80000018 instr:02b19a63 pred:8000001c epoch:0
            fallthru:8000001c OPCLASS_CONTROL has_{rs1,rs2,rd}:{1,1,0} writes_mem:0, imm:34 halt_sentinel:0}
        Mem_Rsp {MEM_RSP_OK addr:80000018 rdata:02b19a63 I_6 pc:80000018 instr:00000000 FETCH 4B}
Trace 44 6 80000018 02b19a63 D
44: CPU.RW (same-cycle with dispatch):
44:     RW_from_Retire{I_3 pc:8000000c instr:00500513 rd:10 commit:1 data:00000005}
Trace 44 3 8000000c 00500513 RW
44: CPU.Dispatch_Int:
        RR_to_Retire{I_5 pc:80000014 instr:00800593 EXEC_TAG_INT
                 pred:80000018 epoch:0 has_rd:1 writes_mem:0
                 fallthru:80000018 halt_sentinel:0}
        RR_to_EX{I_5 pc:80000014 instr:00800593
             rs1_val:00000000  rs2_val:00000000  imm:00000008 }
Trace 44 5 80000014 00800593 RR.I
45: CPU.EX_Control
        RR_to_EX_Control{I_4 pc:80000010 instr:02a11e63 fallthru:80000014
                  rs1_val:00000005  rs2_val:00000005  imm:0000003c }
        EX_Control_to_Retire{I_4 pc:80000010 instr:02a11e63
                       next_pc:80000014  data:80000014}
Trace 45 4 80000010 02a11e63 EX.C
45: CPU.Fetch:
        Fetch_to_Decode{I_8 pc:80000020 pred:80000024 epoch:0 halt_sentinel:0}
        Mem_Req {I_8 pc:80000020 instr:xxxxxxxx FETCH 4B addr:80000020 epoch:0}
Trace 45 8 80000020 00000000 F
45: CPU.Decode:
        Decode_to_RR{I_7 pc:8000001c instr:00318233 pred:80000020 epoch:0
            fallthru:80000020 OPCLASS_INT has_{rs1,rs2,rd}:{1,1,1} writes_mem:0, imm:0 halt_sentinel:0}
        Mem_Rsp {MEM_RSP_OK addr:8000001c rdata:00318233 I_7 pc:8000001c instr:00000000 FETCH 4B}
Trace 45 7 8000001c 00318233 D
45: CPU.rl_RR.stall: busy rd:0 rs1:0 rs2:1
        Decode_to_RR{I_6 pc:80000018 instr:02b19a63 pred:8000001c epoch:0
            fallthru:8000001c OPCLASS_CONTROL has_{rs1,rs2,rd}:{1,1,0} writes_mem:0, imm:34 halt_sentinel:0}
Trace 45 6 80000018 02b19a63 RR.S
46: CPU.Fetch:
        Fetch_to_Decode{I_9 pc:80000024 pred:80000028 epoch:0 halt_sentinel:0}
        Mem_Req {I_9 pc:80000024 instr:xxxxxxxx FETCH 4B addr:80000024 epoch:0}
Trace 46 9 80000024 00000000 F
fn_EX_IALU: IALU x11 <= 8
46: CPU.EX_Int
        RR_to_EX{I_5 pc:80000014 instr:00800593
             rs1_val:00000000  rs2_val:00000000  imm:00000008 }
        EX_to_Retire{I_5 pc:80000014 instr:00800593
                  data:00000008}
Trace 46 5 80000014 00800593 EX.I
Trace 46 4 80000010 02a11e63 RET.C
46: CPU.Retire_EX_Control: Normal
        EX_Control_to_Retire{I_4 pc:80000010 instr:02a11e63
                       next_pc:80000014  data:80000014}
47: CPU.fwd: rs2 x11 <- EX_Int fwd val 8
47: CPU.Dispatch_Control:
        RR_to_Retire{I_6 pc:80000018 instr:02b19a63 EXEC_TAG_CONTROL
                 pred:8000001c epoch:0 has_rd:0 writes_mem:0
                 fallthru:8000001c halt_sentinel:0}
        RR_to_EX_Control{I_6 pc:80000018 instr:02b19a63 fallthru:8000001c
                  rs1_val:00000008  rs2_val:00000008  imm:00000034 }
Trace 47 6 80000018 02b19a63 RR.C
47:     CPU.S5.fa_update_rd:
          RW_from_Retire{I_5 pc:80000014 instr:00800593 rd:11 commit:1 data:00000008}
Trace 47 5 80000014 00800593 RET.I
47: CPU.Retire_EX_Int: Normal
        EX_to_Retire{I_5 pc:80000014 instr:00800593
                  data:00000008}
48: CPU.Decode:
        Decode_to_RR{I_8 pc:80000020 instr:01000613 pred:80000024 epoch:0
            fallthru:80000024 OPCLASS_INT has_{rs1,rs2,rd}:{1,0,1} writes_mem:0, imm:10 halt_sentinel:0}
        Mem_Rsp {MEM_RSP_OK addr:80000020 rdata:01000613 I_8 pc:80000020 instr:00000000 FETCH 4B}
Trace 48 8 80000020 01000613 D
48: CPU.RW (same-cycle with dispatch):
48:     RW_from_Retire{I_5 pc:80000014 instr:00800593 rd:11 commit:1 data:00000008}
Trace 48 5 80000014 00800593 RW
48: CPU.Dispatch_Int:
        RR_to_Retire{I_7 pc:8000001c instr:00318233 EXEC_TAG_INT
                 pred:80000020 epoch:0 has_rd:1 writes_mem:0
                 fallthru:80000020 halt_sentinel:0}
        RR_to_EX{I_7 pc:8000001c instr:00318233
             rs1_val:00000008  rs2_val:00000008  imm:00000000 }
Trace 48 7 8000001c 00318233 RR.I
49: CPU.EX_Control
        RR_to_EX_Control{I_6 pc:80000018 instr:02b19a63 fallthru:8000001c
                  rs1_val:00000008  rs2_val:00000008  imm:00000034 }
        EX_Control_to_Retire{I_6 pc:80000018 instr:02b19a63
                       next_pc:8000001c  data:8000001c}
Trace 49 6 80000018 02b19a63 EX.C
49: CPU.Fetch:
        Fetch_to_Decode{I_10 pc:80000028 pred:8000002c epoch:0 halt_sentinel:0}
        Mem_Req {I_10 pc:80000028 instr:xxxxxxxx FETCH 4B addr:80000028 epoch:0}
Trace 49 10 80000028 00000000 F
49: CPU.Decode:
        Decode_to_RR{I_9 pc:80000024 instr:02c21463 pred:80000028 epoch:0
            fallthru:80000028 OPCLASS_CONTROL has_{rs1,rs2,rd}:{1,1,0} writes_mem:0, imm:28 halt_sentinel:0}
        Mem_Rsp {MEM_RSP_OK addr:80000024 rdata:02c21463 I_9 pc:80000024 instr:00000000 FETCH 4B}
Trace 49 9 80000024 02c21463 D
49: CPU.Dispatch_Int:
        RR_to_Retire{I_8 pc:80000020 instr:01000613 EXEC_TAG_INT
                 pred:80000024 epoch:0 has_rd:1 writes_mem:0
                 fallthru:80000024 halt_sentinel:0}
        RR_to_EX{I_8 pc:80000020 instr:01000613
             rs1_val:00000000  rs2_val:00000000  imm:00000010 }
Trace 49 8 80000020 01000613 RR.I
50: CPU.Fetch:
        Fetch_to_Decode{I_11 pc:8000002c pred:80000030 epoch:0 halt_sentinel:0}
        Mem_Req {I_11 pc:8000002c instr:xxxxxxxx FETCH 4B addr:8000002c epoch:0}
Trace 50 11 8000002c 00000000 F
50: CPU.Decode:
        Decode_to_RR{I_10 pc:80000028 instr:01422293 pred:8000002c epoch:0
            fallthru:8000002c OPCLASS_INT has_{rs1,rs2,rd}:{1,0,1} writes_mem:0, imm:14 halt_sentinel:0}
        Mem_Rsp {MEM_RSP_OK addr:80000028 rdata:01422293 I_10 pc:80000028 instr:00000000 FETCH 4B}
Trace 50 10 80000028 01422293 D
fn_EX_IALU: IALU x4 <= 10
50: CPU.EX_Int
        RR_to_EX{I_7 pc:8000001c instr:00318233
             rs1_val:00000008  rs2_val:00000008  imm:00000000 }
        EX_to_Retire{I_7 pc:8000001c instr:00318233
                  data:00000010}
Trace 50 7 8000001c 00318233 EX.I
Trace 50 6 80000018 02b19a63 RET.C
50: CPU.Retire_EX_Control: Normal
        EX_Control_to_Retire{I_6 pc:80000018 instr:02b19a63
                       next_pc:8000001c  data:8000001c}
51: CPU.Fetch:
        Fetch_to_Decode{I_12 pc:80000030 pred:80000034 epoch:0 halt_sentinel:0}
        Mem_Req {I_12 pc:80000030 instr:xxxxxxxx FETCH 4B addr:80000030 epoch:0}
Trace 51 12 80000030 00000000 F
fn_EX_IALU: IALU x12 <= 10
51: CPU.EX_Int
        RR_to_EX{I_8 pc:80000020 instr:01000613
             rs1_val:00000000  rs2_val:00000000  imm:00000010 }
        EX_to_Retire{I_8 pc:80000020 instr:01000613
                  data:00000010}
Trace 51 8 80000020 01000613 EX.I
51:     CPU.S5.fa_update_rd:
          RW_from_Retire{I_7 pc:8000001c instr:00318233 rd:4 commit:1 data:00000010}
Trace 51 7 8000001c 00318233 RET.I
51: CPU.Retire_EX_Int: Normal
        EX_to_Retire{I_7 pc:8000001c instr:00318233
                  data:00000010}
52: CPU.RW (same-cycle with dispatch):
52:     RW_from_Retire{I_7 pc:8000001c instr:00318233 rd:4 commit:1 data:00000010}
Trace 52 7 8000001c 00318233 RW
52: CPU.fwd: rs1 x4 <- WB val 10
52: CPU.fwd: rs2 x12 <- EX_Int fwd val 10
52: CPU.Dispatch_Control:
        RR_to_Retire{I_9 pc:80000024 instr:02c21463 EXEC_TAG_CONTROL
                 pred:80000028 epoch:0 has_rd:0 writes_mem:0
                 fallthru:80000028 halt_sentinel:0}
        RR_to_EX_Control{I_9 pc:80000024 instr:02c21463 fallthru:80000028
                  rs1_val:00000010  rs2_val:00000010  imm:00000028 }
Trace 52 9 80000024 02c21463 RR.C
52:     CPU.S5.fa_update_rd:
          RW_from_Retire{I_8 pc:80000020 instr:01000613 rd:12 commit:1 data:00000010}
Trace 52 8 80000020 01000613 RET.I
52: CPU.Retire_EX_Int: Normal
        EX_to_Retire{I_8 pc:80000020 instr:01000613
                  data:00000010}
53: CPU.Decode:
        Decode_to_RR{I_11 pc:8000002c instr:00100693 pred:80000030 epoch:0
            fallthru:80000030 OPCLASS_INT has_{rs1,rs2,rd}:{1,0,1} writes_mem:0, imm:1 halt_sentinel:0}
        Mem_Rsp {MEM_RSP_OK addr:8000002c rdata:00100693 I_11 pc:8000002c instr:00000000 FETCH 4B}
Trace 53 11 8000002c 00100693 D
53: CPU.RW (same-cycle with dispatch):
53:     RW_from_Retire{I_8 pc:80000020 instr:01000613 rd:12 commit:1 data:00000010}
Trace 53 8 80000020 01000613 RW
53: CPU.Dispatch_Int:
        RR_to_Retire{I_10 pc:80000028 instr:01422293 EXEC_TAG_INT
                 pred:8000002c epoch:0 has_rd:1 writes_mem:0
                 fallthru:8000002c halt_sentinel:0}
        RR_to_EX{I_10 pc:80000028 instr:01422293
             rs1_val:00000010  rs2_val:00000000  imm:00000014 }
Trace 53 10 80000028 01422293 RR.I
54: CPU.EX_Control
        RR_to_EX_Control{I_9 pc:80000024 instr:02c21463 fallthru:80000028
                  rs1_val:00000010  rs2_val:00000010  imm:00000028 }
        EX_Control_to_Retire{I_9 pc:80000024 instr:02c21463
                       next_pc:80000028  data:80000028}
Trace 54 9 80000024 02c21463 EX.C
54: CPU.Fetch:
        Fetch_to_Decode{I_13 pc:80000034 pred:80000038 epoch:0 halt_sentinel:0}
        Mem_Req {I_13 pc:80000034 instr:xxxxxxxx FETCH 4B addr:80000034 epoch:0}
Trace 54 13 80000034 00000000 F
54: CPU.Decode:
        Decode_to_RR{I_12 pc:80000030 instr:00d29e63 pred:80000034 epoch:0
            fallthru:80000034 OPCLASS_CONTROL has_{rs1,rs2,rd}:{1,1,0} writes_mem:0, imm:1c halt_sentinel:0}
        Mem_Rsp {MEM_RSP_OK addr:80000030 rdata:00d29e63 I_12 pc:80000030 instr:00000000 FETCH 4B}
Trace 54 12 80000030 00d29e63 D
54: CPU.Dispatch_Int:
        RR_to_Retire{I_11 pc:8000002c instr:00100693 EXEC_TAG_INT
                 pred:80000030 epoch:0 has_rd:1 writes_mem:0
                 fallthru:80000030 halt_sentinel:0}
        RR_to_EX{I_11 pc:8000002c instr:00100693
             rs1_val:00000000  rs2_val:00000000  imm:00000001 }
Trace 54 11 8000002c 00100693 RR.I
55: CPU.Fetch:
        Fetch_to_Decode{I_14 pc:80000038 pred:8000003c epoch:0 halt_sentinel:0}
        Mem_Req {I_14 pc:80000038 instr:xxxxxxxx FETCH 4B addr:80000038 epoch:0}
Trace 55 14 80000038 00000000 F
55: CPU.Decode:
        Decode_to_RR{I_13 pc:80000034 instr:0ff00313 pred:80000038 epoch:0
            fallthru:80000038 OPCLASS_INT has_{rs1,rs2,rd}:{1,0,1} writes_mem:0, imm:ff halt_sentinel:0}
        Mem_Rsp {MEM_RSP_OK addr:80000034 rdata:0ff00313 I_13 pc:80000034 instr:00000000 FETCH 4B}
Trace 55 13 80000034 0ff00313 D
fn_EX_IALU: IALU x5 <= 1
55: CPU.EX_Int
        RR_to_EX{I_10 pc:80000028 instr:01422293
             rs1_val:00000010  rs2_val:00000000  imm:00000014 }
        EX_to_Retire{I_10 pc:80000028 instr:01422293
                  data:00000001}
Trace 55 10 80000028 01422293 EX.I
Trace 55 9 80000024 02c21463 RET.C
55: CPU.Retire_EX_Control: Normal
        EX_Control_to_Retire{I_9 pc:80000024 instr:02c21463
                       next_pc:80000028  data:80000028}
56: CPU.Fetch:
        Fetch_to_Decode{I_15 pc:8000003c pred:80000040 epoch:0 halt_sentinel:0}
        Mem_Req {I_15 pc:8000003c instr:xxxxxxxx FETCH 4B addr:8000003c epoch:0}
Trace 56 15 8000003c 00000000 F
fn_EX_IALU: IALU x13 <= 1
56: CPU.EX_Int
        RR_to_EX{I_11 pc:8000002c instr:00100693
             rs1_val:00000000  rs2_val:00000000  imm:00000001 }
        EX_to_Retire{I_11 pc:8000002c instr:00100693
                  data:00000001}
Trace 56 11 8000002c 00100693 EX.I
56:     CPU.S5.fa_update_rd:
          RW_from_Retire{I_10 pc:80000028 instr:01422293 rd:5 commit:1 data:00000001}
Trace 56 10 80000028 01422293 RET.I
56: CPU.Retire_EX_Int: Normal
        EX_to_Retire{I_10 pc:80000028 instr:01422293
                  data:00000001}
57: CPU.RW (same-cycle with dispatch):
57:     RW_from_Retire{I_10 pc:80000028 instr:01422293 rd:5 commit:1 data:00000001}
Trace 57 10 80000028 01422293 RW
57: CPU.fwd: rs1 x5 <- WB val 1
57: CPU.fwd: rs2 x13 <- EX_Int fwd val 1
57: CPU.Dispatch_Control:
        RR_to_Retire{I_12 pc:80000030 instr:00d29e63 EXEC_TAG_CONTROL
                 pred:80000034 epoch:0 has_rd:0 writes_mem:0
                 fallthru:80000034 halt_sentinel:0}
        RR_to_EX_Control{I_12 pc:80000030 instr:00d29e63 fallthru:80000034
                  rs1_val:00000001  rs2_val:00000001  imm:0000001c }
Trace 57 12 80000030 00d29e63 RR.C
57:     CPU.S5.fa_update_rd:
          RW_from_Retire{I_11 pc:8000002c instr:00100693 rd:13 commit:1 data:00000001}
Trace 57 11 8000002c 00100693 RET.I
57: CPU.Retire_EX_Int: Normal
        EX_to_Retire{I_11 pc:8000002c instr:00100693
                  data:00000001}
58: CPU.Decode:
        Decode_to_RR{I_14 pc:80000038 instr:006273b3 pred:8000003c epoch:0
            fallthru:8000003c OPCLASS_INT has_{rs1,rs2,rd}:{1,1,1} writes_mem:0, imm:0 halt_sentinel:0}
        Mem_Rsp {MEM_RSP_OK addr:80000038 rdata:006273b3 I_14 pc:80000038 instr:00000000 FETCH 4B}
Trace 58 14 80000038 006273b3 D
58: CPU.RW (same-cycle with dispatch):
58:     RW_from_Retire{I_11 pc:8000002c instr:00100693 rd:13 commit:1 data:00000001}
Trace 58 11 8000002c 00100693 RW
58: CPU.Dispatch_Int:
        RR_to_Retire{I_13 pc:80000034 instr:0ff00313 EXEC_TAG_INT
                 pred:80000038 epoch:0 has_rd:1 writes_mem:0
                 fallthru:80000038 halt_sentinel:0}
        RR_to_EX{I_13 pc:80000034 instr:0ff00313
             rs1_val:00000000  rs2_val:00000000  imm:000000ff }
Trace 58 13 80000034 0ff00313 RR.I
59: CPU.EX_Control
        RR_to_EX_Control{I_12 pc:80000030 instr:00d29e63 fallthru:80000034
                  rs1_val:00000001  rs2_val:00000001  imm:0000001c }
        EX_Control_to_Retire{I_12 pc:80000030 instr:00d29e63
                       next_pc:80000034  data:80000034}
Trace 59 12 80000030 00d29e63 EX.C
59: CPU.Fetch:
        Fetch_to_Decode{I_16 pc:80000040 pred:80000044 epoch:0 halt_sentinel:0}
        Mem_Req {I_16 pc:80000040 instr:xxxxxxxx FETCH 4B addr:80000040 epoch:0}
Trace 59 16 80000040 00000000 F
59: CPU.Decode:
        Decode_to_RR{I_15 pc:8000003c instr:01000713 pred:80000040 epoch:0
            fallthru:80000040 OPCLASS_INT has_{rs1,rs2,rd}:{1,0,1} writes_mem:0, imm:10 halt_sentinel:0}
        Mem_Rsp {MEM_RSP_OK addr:8000003c rdata:01000713 I_15 pc:8000003c instr:00000000 FETCH 4B}
Trace 59 15 8000003c 01000713 D
59: CPU.rl_RR.stall: busy rd:0 rs1:0 rs2:1
        Decode_to_RR{I_14 pc:80000038 instr:006273b3 pred:8000003c epoch:0
            fallthru:8000003c OPCLASS_INT has_{rs1,rs2,rd}:{1,1,1} writes_mem:0, imm:0 halt_sentinel:0}
Trace 59 14 80000038 006273b3 RR.S
60: CPU.Fetch:
        Fetch_to_Decode{I_17 pc:80000044 pred:80000048 epoch:0 halt_sentinel:0}
        Mem_Req {I_17 pc:80000044 instr:xxxxxxxx FETCH 4B addr:80000044 epoch:0}
Trace 60 17 80000044 00000000 F
fn_EX_IALU: IALU x6 <= ff
60: CPU.EX_Int
        RR_to_EX{I_13 pc:80000034 instr:0ff00313
             rs1_val:00000000  rs2_val:00000000  imm:000000ff }
        EX_to_Retire{I_13 pc:80000034 instr:0ff00313
                  data:000000ff}
Trace 60 13 80000034 0ff00313 EX.I
Trace 60 12 80000030 00d29e63 RET.C
60: CPU.Retire_EX_Control: Normal
        EX_Control_to_Retire{I_12 pc:80000030 instr:00d29e63
                       next_pc:80000034  data:80000034}
61: CPU.fwd: rs2 x6 <- EX_Int fwd val ff
61: CPU.Dispatch_Int:
        RR_to_Retire{I_14 pc:80000038 instr:006273b3 EXEC_TAG_INT
                 pred:8000003c epoch:0 has_rd:1 writes_mem:0
                 fallthru:8000003c halt_sentinel:0}
        RR_to_EX{I_14 pc:80000038 instr:006273b3
             rs1_val:00000010  rs2_val:000000ff  imm:00000000 }
Trace 61 14 80000038 006273b3 RR.I
61:     CPU.S5.fa_update_rd:
          RW_from_Retire{I_13 pc:80000034 instr:0ff00313 rd:6 commit:1 data:000000ff}
Trace 61 13 80000034 0ff00313 RET.I
61: CPU.Retire_EX_Int: Normal
        EX_to_Retire{I_13 pc:80000034 instr:0ff00313
                  data:000000ff}
62: CPU.Decode:
        Decode_to_RR{I_16 pc:80000040 instr:00e39663 pred:80000044 epoch:0
            fallthru:80000044 OPCLASS_CONTROL has_{rs1,rs2,rd}:{1,1,0} writes_mem:0, imm:c halt_sentinel:0}
        Mem_Rsp {MEM_RSP_OK addr:80000040 rdata:00e39663 I_16 pc:80000040 instr:00000000 FETCH 4B}
Trace 62 16 80000040 00e39663 D
62: CPU.RW (same-cycle with dispatch):
62:     RW_from_Retire{I_13 pc:80000034 instr:0ff00313 rd:6 commit:1 data:000000ff}
Trace 62 13 80000034 0ff00313 RW
62: CPU.Dispatch_Int:
        RR_to_Retire{I_15 pc:8000003c instr:01000713 EXEC_TAG_INT
                 pred:80000040 epoch:0 has_rd:1 writes_mem:0
                 fallthru:80000040 halt_sentinel:0}
        RR_to_EX{I_15 pc:8000003c instr:01000713
             rs1_val:00000000  rs2_val:00000000  imm:00000010 }
Trace 62 15 8000003c 01000713 RR.I
63: CPU.Fetch:
        Fetch_to_Decode{I_18 pc:80000048 pred:8000004c epoch:0 halt_sentinel:0}
        Mem_Req {I_18 pc:80000048 instr:xxxxxxxx FETCH 4B addr:80000048 epoch:0}
Trace 63 18 80000048 00000000 F
63: CPU.Decode:
        Decode_to_RR{I_17 pc:80000044 instr:00100e13 pred:80000048 epoch:0
            fallthru:80000048 OPCLASS_INT has_{rs1,rs2,rd}:{1,0,1} writes_mem:0, imm:1 halt_sentinel:0}
        Mem_Rsp {MEM_RSP_OK addr:80000044 rdata:00100e13 I_17 pc:80000044 instr:00000000 FETCH 4B}
Trace 63 17 80000044 00100e13 D
fn_EX_IALU: IALU x7 <= 10
63: CPU.EX_Int
        RR_to_EX{I_14 pc:80000038 instr:006273b3
             rs1_val:00000010  rs2_val:000000ff  imm:00000000 }
        EX_to_Retire{I_14 pc:80000038 instr:006273b3
                  data:00000010}
Trace 63 14 80000038 006273b3 EX.I
64: CPU.Fetch:
        Fetch_to_Decode{I_19 pc:8000004c pred:80000050 epoch:0 halt_sentinel:0}
        Mem_Req {I_19 pc:8000004c instr:xxxxxxxx FETCH 4B addr:8000004c epoch:0}
Trace 64 19 8000004c 00000000 F
fn_EX_IALU: IALU x14 <= 10
64: CPU.EX_Int
        RR_to_EX{I_15 pc:8000003c instr:01000713
             rs1_val:00000000  rs2_val:00000000  imm:00000010 }
        EX_to_Retire{I_15 pc:8000003c instr:01000713
                  data:00000010}
Trace 64 15 8000003c 01000713 EX.I
64:     CPU.S5.fa_update_rd:
          RW_from_Retire{I_14 pc:80000038 instr:006273b3 rd:7 commit:1 data:00000010}
Trace 64 14 80000038 006273b3 RET.I
64: CPU.Retire_EX_Int: Normal
        EX_to_Retire{I_14 pc:80000038 instr:006273b3
                  data:00000010}
65: CPU.RW (same-cycle with dispatch):
65:     RW_from_Retire{I_14 pc:80000038 instr:006273b3 rd:7 commit:1 data:00000010}
Trace 65 14 80000038 006273b3 RW
65: CPU.fwd: rs1 x7 <- WB val 10
65: CPU.fwd: rs2 x14 <- EX_Int fwd val 10
65: CPU.Dispatch_Control:
        RR_to_Retire{I_16 pc:80000040 instr:00e39663 EXEC_TAG_CONTROL
                 pred:80000044 epoch:0 has_rd:0 writes_mem:0
                 fallthru:80000044 halt_sentinel:0}
        RR_to_EX_Control{I_16 pc:80000040 instr:00e39663 fallthru:80000044
                  rs1_val:00000010  rs2_val:00000010  imm:0000000c }
Trace 65 16 80000040 00e39663 RR.C
65:     CPU.S5.fa_update_rd:
          RW_from_Retire{I_15 pc:8000003c instr:01000713 rd:14 commit:1 data:00000010}
Trace 65 15 8000003c 01000713 RET.I
65: CPU.Retire_EX_Int: Normal
        EX_to_Retire{I_15 pc:8000003c instr:01000713
                  data:00000010}
66: CPU.Decode:
        Decode_to_RR{I_18 pc:80000048 instr:0080006f pred:8000004c epoch:0
            fallthru:8000004c OPCLASS_CONTROL has_{rs1,rs2,rd}:{0,0,0} writes_mem:0, imm:8 halt_sentinel:0}
        Mem_Rsp {MEM_RSP_OK addr:80000048 rdata:0080006f I_18 pc:80000048 instr:00000000 FETCH 4B}
Trace 66 18 80000048 0080006f D
66: CPU.RW (same-cycle with dispatch):
66:     RW_from_Retire{I_15 pc:8000003c instr:01000713 rd:14 commit:1 data:00000010}
Trace 66 15 8000003c 01000713 RW
66: CPU.Dispatch_Int:
        RR_to_Retire{I_17 pc:80000044 instr:00100e13 EXEC_TAG_INT
                 pred:80000048 epoch:0 has_rd:1 writes_mem:0
                 fallthru:80000048 halt_sentinel:0}
        RR_to_EX{I_17 pc:80000044 instr:00100e13
             rs1_val:00000000  rs2_val:00000000  imm:00000001 }
Trace 66 17 80000044 00100e13 RR.I
67: CPU.EX_Control
        RR_to_EX_Control{I_16 pc:80000040 instr:00e39663 fallthru:80000044
                  rs1_val:00000010  rs2_val:00000010  imm:0000000c }
        EX_Control_to_Retire{I_16 pc:80000040 instr:00e39663
                       next_pc:80000044  data:80000044}
Trace 67 16 80000040 00e39663 EX.C
67: CPU.Fetch:
        Fetch_to_Decode{I_20 pc:80000050 pred:80000054 epoch:0 halt_sentinel:0}
        Mem_Req {I_20 pc:80000050 instr:xxxxxxxx FETCH 4B addr:80000050 epoch:0}
Trace 67 20 80000050 00000000 F
67: CPU.Decode:
        Decode_to_RR{I_19 pc:8000004c instr:00300e13 pred:80000050 epoch:0
            fallthru:80000050 OPCLASS_INT has_{rs1,rs2,rd}:{1,0,1} writes_mem:0, imm:3 halt_sentinel:0}
        Mem_Rsp {MEM_RSP_OK addr:8000004c rdata:00300e13 I_19 pc:8000004c instr:00000000 FETCH 4B}
Trace 67 19 8000004c 00300e13 D
67: CPU.Dispatch_Control:
        RR_to_Retire{I_18 pc:80000048 instr:0080006f EXEC_TAG_CONTROL
                 pred:8000004c epoch:0 has_rd:0 writes_mem:0
                 fallthru:8000004c halt_sentinel:0}
        RR_to_EX_Control{I_18 pc:80000048 instr:0080006f fallthru:8000004c
                  rs1_val:00000000  rs2_val:00000000  imm:00000008 }
Trace 67 18 80000048 0080006f RR.C
68: CPU.Fetch:
        Fetch_to_Decode{I_21 pc:80000054 pred:80000058 epoch:0 halt_sentinel:0}
        Mem_Req {I_21 pc:80000054 instr:xxxxxxxx FETCH 4B addr:80000054 epoch:0}
Trace 68 21 80000054 00000000 F
68: CPU.Decode:
        Decode_to_RR{I_20 pc:80000050 instr:6fff0f37 pred:80000054 epoch:0
            fallthru:80000054 OPCLASS_INT has_{rs1,rs2,rd}:{0,0,1} writes_mem:0, imm:6fff0000 halt_sentinel:0}
        Mem_Rsp {MEM_RSP_OK addr:80000050 rdata:6fff0f37 I_20 pc:80000050 instr:00000000 FETCH 4B}
Trace 68 20 80000050 6fff0f37 D
fn_EX_IALU: IALU x28 <= 1
68: CPU.EX_Int
        RR_to_EX{I_17 pc:80000044 instr:00100e13
             rs1_val:00000000  rs2_val:00000000  imm:00000001 }
        EX_to_Retire{I_17 pc:80000044 instr:00100e13
                  data:00000001}
Trace 68 17 80000044 00100e13 EX.I
Trace 68 16 80000040 00e39663 RET.C
68: CPU.Retire_EX_Control: Normal
        EX_Control_to_Retire{I_16 pc:80000040 instr:00e39663
                       next_pc:80000044  data:80000044}
69: CPU.EX_Control
        RR_to_EX_Control{I_18 pc:80000048 instr:0080006f fallthru:8000004c
                  rs1_val:00000000  rs2_val:00000000  imm:00000008 }
        EX_Control_to_Retire{I_18 pc:80000048 instr:0080006f
                       next_pc:80000050  data:8000004c}
Trace 69 18 80000048 0080006f EX.C
69: CPU.Fetch:
        Fetch_to_Decode{I_22 pc:80000058 pred:8000005c epoch:0 halt_sentinel:0}
        Mem_Req {I_22 pc:80000058 instr:xxxxxxxx FETCH 4B addr:80000058 epoch:0}
Trace 69 22 80000058 00000000 F
69: CPU.rl_RR.stall: busy rd:1 rs1:0 rs2:0
        Decode_to_RR{I_19 pc:8000004c instr:00300e13 pred:80000050 epoch:0
            fallthru:80000050 OPCLASS_INT has_{rs1,rs2,rd}:{1,0,1} writes_mem:0, imm:3 halt_sentinel:0}
Trace 69 19 8000004c 00300e13 RR.S
69:     CPU.S5.fa_update_rd:
          RW_from_Retire{I_17 pc:80000044 instr:00100e13 rd:28 commit:1 data:00000001}
Trace 69 17 80000044 00100e13 RET.I
69: CPU.Retire_EX_Int: Normal
        EX_to_Retire{I_17 pc:80000044 instr:00100e13
                  data:00000001}
70: CPU.RW (same-cycle with dispatch):
70:     RW_from_Retire{I_17 pc:80000044 instr:00100e13 rd:28 commit:1 data:00000001}
Trace 70 17 80000044 00100e13 RW
70: CPU.Dispatch_Int:
        RR_to_Retire{I_19 pc:8000004c instr:00300e13 EXEC_TAG_INT
                 pred:80000050 epoch:0 has_rd:1 writes_mem:0
                 fallthru:80000050 halt_sentinel:0}
        RR_to_EX{I_19 pc:8000004c instr:00300e13
             rs1_val:00000000  rs2_val:00000008  imm:00000003 }
Trace 70 19 8000004c 00300e13 RR.I
70:     CPU.S5.fa_redirect_Fetch:
        Fetch_from_Retire{I_18 pc:80000048 instr:0080006f next_pc:80000050 next_epoch 1 haltreq 0}
Trace 70 18 80000048 0080006f RET.C
70: CPU.Retire_EX_Control: Normal
        EX_Control_to_Retire{I_18 pc:80000048 instr:0080006f
                       next_pc:80000050  data:8000004c}
71: CPU.Redirect:
        Fetch_from_Retire{I_18 pc:80000048 instr:0080006f next_pc:80000050 next_epoch 1 haltreq 0}
Trace 71 18 80000048 0080006f Redir
71: CPU.Decode:
        Decode_to_RR{I_21 pc:80000054 instr:01cf2823 pred:80000058 epoch:0
            fallthru:80000058 OPCLASS_MEM has_{rs1,rs2,rd}:{1,1,0} writes_mem:1, imm:10 halt_sentinel:0}
        Mem_Rsp {MEM_RSP_OK addr:80000054 rdata:01cf2823 I_21 pc:80000054 instr:00000000 FETCH 4B}
Trace 71 21 80000054 01cf2823 D
71: CPU.Dispatch_Int:
        RR_to_Retire{I_20 pc:80000050 instr:6fff0f37 EXEC_TAG_INT
                 pred:80000054 epoch:0 has_rd:1 writes_mem:0
                 fallthru:80000054 halt_sentinel:0}
        RR_to_EX{I_20 pc:80000050 instr:6fff0f37
             rs1_val:00000000  rs2_val:00000000  imm:6fff0000 }
Trace 71 20 80000050 6fff0f37 RR.I
72: CPU.Fetch:
        Fetch_to_Decode{I_23 pc:80000050 pred:80000054 epoch:1 halt_sentinel:0}
        Mem_Req {I_23 pc:80000050 instr:xxxxxxxx FETCH 4B addr:80000050 epoch:1}
Trace 72 23 80000050 00000000 F
72: CPU.Decode:
        Decode_to_RR{I_22 pc:80000058 instr:0000006f pred:8000005c epoch:0
            fallthru:8000005c OPCLASS_CONTROL has_{rs1,rs2,rd}:{0,0,0} writes_mem:0, imm:0 halt_sentinel:0}
        Mem_Rsp {MEM_RSP_OK addr:80000058 rdata:0000006f I_22 pc:80000058 instr:00000000 FETCH 4B}
Trace 72 22 80000058 0000006f D
fn_EX_IALU: IALU x28 <= 3
72: CPU.EX_Int
        RR_to_EX{I_19 pc:8000004c instr:00300e13
             rs1_val:00000000  rs2_val:00000008  imm:00000003 }
        EX_to_Retire{I_19 pc:8000004c instr:00300e13
                  data:00000003}
Trace 72 19 8000004c 00300e13 EX.I
73: CPU.Fetch:
        Fetch_to_Decode{I_24 pc:80000054 pred:80000058 epoch:1 halt_sentinel:0}
        Mem_Req {I_24 pc:80000054 instr:xxxxxxxx FETCH 4B addr:80000054 epoch:1}
Trace 73 24 80000054 00000000 F
fn_EX_IALU: LUI x30 <= 6fff0000
73: CPU.EX_Int
        RR_to_EX{I_20 pc:80000050 instr:6fff0f37
             rs1_val:00000000  rs2_val:00000000  imm:6fff0000 }
        EX_to_Retire{I_20 pc:80000050 instr:6fff0f37
                  data:6fff0000}
Trace 73 20 80000050 6fff0f37 EX.I
73:     CPU.S5.fa_update_rd:(unreserve scoreboard)
          RW_from_Retire{I_19 pc:8000004c instr:00300e13 rd:28 commit:0 data:xxxxxxxx}
Trace 73 19 8000004c 00300e13 RET.discard
73: CPU.S5.rl_Retire_wrong_path:
        RR_to_Retire{I_19 pc:8000004c instr:00300e13 EXEC_TAG_INT
                 pred:80000050 epoch:0 has_rd:1 writes_mem:0
                 fallthru:80000050 halt_sentinel:0}
74: CPU.RW (same-cycle with dispatch):
74:     RW_from_Retire{I_19 pc:8000004c instr:00300e13 rd:28 commit:0 data:00000000}
Trace 74 19 8000004c 00300e13 RW
74: CPU.fwd: rs1 x30 <- EX_Int fwd val 6fff0000
74: CPU.Dispatch_DMem:
        RR_to_Retire{I_21 pc:80000054 instr:01cf2823 EXEC_TAG_DMEM
                 pred:80000058 epoch:0 has_rd:0 writes_mem:1
                 fallthru:80000058 halt_sentinel:0}
        rs1_val:6fff0000  rs2_val:00000001  imm:00000010
        Mem_Req {I_21 pc:80000054 instr:01cf2823 STORE 4B addr:6fff0010 wdata:00000001 epoch:0}
Trace 74 21 80000054 01cf2823 RR.D
74:     CPU.S5.fa_update_rd:(unreserve scoreboard)
          RW_from_Retire{I_20 pc:80000050 instr:6fff0f37 rd:30 commit:0 data:xxxxxxxx}
Trace 74 20 80000050 6fff0f37 RET.discard
74: CPU.S5.rl_Retire_wrong_path:
        RR_to_Retire{I_20 pc:80000050 instr:6fff0f37 EXEC_TAG_INT
                 pred:80000054 epoch:0 has_rd:1 writes_mem:0
                 fallthru:80000054 halt_sentinel:0}
75: CPU.Decode:
        Decode_to_RR{I_23 pc:80000050 instr:6fff0f37 pred:80000054 epoch:1
            fallthru:80000054 OPCLASS_INT has_{rs1,rs2,rd}:{0,0,1} writes_mem:0, imm:6fff0000 halt_sentinel:0}
        Mem_Rsp {MEM_RSP_OK addr:80000050 rdata:6fff0f37 I_23 pc:80000050 instr:00000000 FETCH 4B}
Trace 75 23 80000050 6fff0f37 D
75: CPU.RW (same-cycle with dispatch):
75:     RW_from_Retire{I_20 pc:80000050 instr:6fff0f37 rd:30 commit:0 data:00000000}
Trace 75 20 80000050 6fff0f37 RW
75: CPU.Dispatch_Control:
        RR_to_Retire{I_22 pc:80000058 instr:0000006f EXEC_TAG_CONTROL
                 pred:8000005c epoch:0 has_rd:0 writes_mem:0
                 fallthru:8000005c halt_sentinel:0}
        RR_to_EX_Control{I_22 pc:80000058 instr:0000006f fallthru:8000005c
                  rs1_val:00000000  rs2_val:00000000  imm:00000000 }
Trace 75 22 80000058 0000006f RR.C
76: CPU.Fetch:
        Fetch_to_Decode{I_25 pc:80000058 pred:8000005c epoch:1 halt_sentinel:0}
        Mem_Req {I_25 pc:80000058 instr:xxxxxxxx FETCH 4B addr:80000058 epoch:1}
Trace 76 25 80000058 00000000 F
76: CPU.Decode:
        Decode_to_RR{I_24 pc:80000054 instr:01cf2823 pred:80000058 epoch:1
            fallthru:80000058 OPCLASS_MEM has_{rs1,rs2,rd}:{1,1,0} writes_mem:1, imm:10 halt_sentinel:0}
        Mem_Rsp {MEM_RSP_OK addr:80000054 rdata:01cf2823 I_24 pc:80000054 instr:00000000 FETCH 4B}
Trace 76 24 80000054 01cf2823 D
76: CPU.Dispatch_Int:
        RR_to_Retire{I_23 pc:80000050 instr:6fff0f37 EXEC_TAG_INT
                 pred:80000054 epoch:1 has_rd:1 writes_mem:0
                 fallthru:80000054 halt_sentinel:0}
        RR_to_EX{I_23 pc:80000050 instr:6fff0f37
             rs1_val:00000000  rs2_val:00000000  imm:6fff0000 }
Trace 76 23 80000050 6fff0f37 RR.I
Trace 76 21 80000054 01cf2823 RET.discard
76: CPU.S5.rl_Retire_wrong_path:
        RR_to_Retire{I_21 pc:80000054 instr:01cf2823 EXEC_TAG_DMEM
                 pred:80000058 epoch:0 has_rd:0 writes_mem:1
                 fallthru:80000058 halt_sentinel:0}
77: CPU.EX_Control
        RR_to_EX_Control{I_22 pc:80000058 instr:0000006f fallthru:8000005c
                  rs1_val:00000000  rs2_val:00000000  imm:00000000 }
        EX_Control_to_Retire{I_22 pc:80000058 instr:0000006f
                       next_pc:80000058  data:8000005c}
Trace 77 22 80000058 0000006f EX.C
77: CPU.Fetch:
        Fetch_to_Decode{I_26 pc:8000005c pred:80000060 epoch:1 halt_sentinel:0}
        Mem_Req {I_26 pc:8000005c instr:xxxxxxxx FETCH 4B addr:8000005c epoch:1}
Trace 77 26 8000005c 00000000 F
77: CPU.Decode:
        Decode_to_RR{I_25 pc:80000058 instr:0000006f pred:8000005c epoch:1
            fallthru:8000005c OPCLASS_CONTROL has_{rs1,rs2,rd}:{0,0,0} writes_mem:0, imm:0 halt_sentinel:0}
        Mem_Rsp {MEM_RSP_OK addr:80000058 rdata:0000006f I_25 pc:80000058 instr:00000000 FETCH 4B}
Trace 77 25 80000058 0000006f D
77: CPU.rl_RR.stall: busy rd:0 rs1:1 rs2:0
        Decode_to_RR{I_24 pc:80000054 instr:01cf2823 pred:80000058 epoch:1
            fallthru:80000058 OPCLASS_MEM has_{rs1,rs2,rd}:{1,1,0} writes_mem:1, imm:10 halt_sentinel:0}
Trace 77 24 80000054 01cf2823 RR.S
78: CPU.Fetch:
        Fetch_to_Decode{I_27 pc:80000060 pred:80000064 epoch:1 halt_sentinel:0}
        Mem_Req {I_27 pc:80000060 instr:xxxxxxxx FETCH 4B addr:80000060 epoch:1}
Trace 78 27 80000060 00000000 F
fn_EX_IALU: LUI x30 <= 6fff0000
78: CPU.EX_Int
        RR_to_EX{I_23 pc:80000050 instr:6fff0f37
             rs1_val:00000000  rs2_val:00000000  imm:6fff0000 }
        EX_to_Retire{I_23 pc:80000050 instr:6fff0f37
                  data:6fff0000}
Trace 78 23 80000050 6fff0f37 EX.I
Trace 78 22 80000058 0000006f RET.discard
78: CPU.S5.rl_Retire_wrong_path:
        RR_to_Retire{I_22 pc:80000058 instr:0000006f EXEC_TAG_CONTROL
                 pred:8000005c epoch:0 has_rd:0 writes_mem:0
                 fallthru:8000005c halt_sentinel:0}
79: CPU.fwd: rs1 x30 <- EX_Int fwd val 6fff0000
79: CPU.Dispatch_DMem:
        RR_to_Retire{I_24 pc:80000054 instr:01cf2823 EXEC_TAG_DMEM
                 pred:80000058 epoch:1 has_rd:0 writes_mem:1
                 fallthru:80000058 halt_sentinel:0}
        rs1_val:6fff0000  rs2_val:00000001  imm:00000010
        Mem_Req {I_24 pc:80000054 instr:01cf2823 STORE 4B addr:6fff0010 wdata:00000001 epoch:1}
Trace 79 24 80000054 01cf2823 RR.D
79:     CPU.S5.fa_update_rd:
          RW_from_Retire{I_23 pc:80000050 instr:6fff0f37 rd:30 commit:1 data:6fff0000}
Trace 79 23 80000050 6fff0f37 RET.I
79: CPU.Retire_EX_Int: Normal
        EX_to_Retire{I_23 pc:80000050 instr:6fff0f37
                  data:6fff0000}
80: CPU.Decode:
        Decode_to_RR{I_26 pc:8000005c instr:00000000 pred:80000060 epoch:1
            fallthru:80000060 ILLEGAL_INSTR tval:0 halt_sentinel:0}
        Mem_Rsp {MEM_RSP_OK addr:8000005c rdata:00000000 I_26 pc:8000005c instr:00000000 FETCH 4B}
Trace 80 26 8000005c 00000000 D
80: CPU.RW (same-cycle with dispatch):
80:     RW_from_Retire{I_23 pc:80000050 instr:6fff0f37 rd:30 commit:1 data:6fff0000}
Trace 80 23 80000050 6fff0f37 RW
80: CPU.Dispatch_Control:
        RR_to_Retire{I_25 pc:80000058 instr:0000006f EXEC_TAG_CONTROL
                 pred:8000005c epoch:1 has_rd:0 writes_mem:0
                 fallthru:8000005c halt_sentinel:0}
        RR_to_EX_Control{I_25 pc:80000058 instr:0000006f fallthru:8000005c
                  rs1_val:00000000  rs2_val:00000000  imm:00000000 }
Trace 80 25 80000058 0000006f RR.C
81: CPU.Fetch:
        Fetch_to_Decode{I_28 pc:80000064 pred:80000068 epoch:1 halt_sentinel:0}
        Mem_Req {I_28 pc:80000064 instr:xxxxxxxx FETCH 4B addr:80000064 epoch:1}
Trace 81 28 80000064 00000000 F
