================================================================
Fife v0.90 2025-07-12: starting execution at PC 80000000
3: CPU.Fetch:
        Fetch_to_Decode{I_0 pc:80000000 pred:80000004 epoch:0 halt_sentinel:0}
        Mem_Req {I_0 pc:80000000 instr:xxxxxxxx FETCH 4B addr:80000000 epoch:0}
Trace 3 0 80000000 00000000 F
4: CPU.Fetch:
        Fetch_to_Decode{I_1 pc:80000004 pred:80000008 epoch:0 halt_sentinel:0}
        Mem_Req {I_1 pc:80000004 instr:xxxxxxxx FETCH 4B addr:80000004 epoch:0}
Trace 4 1 80000004 00000000 F
4: CPU.Decode:
        Decode_to_RR{I_0 pc:80000000 instr:00000093 pred:80000004 epoch:0
            fallthru:80000004 OPCLASS_INT has_{rs1,rs2,rd}:{1,0,1} writes_mem:0, imm:0 halt_sentinel:0}
        Mem_Rsp {MEM_RSP_OK addr:80000000 rdata:00000093 I_0 pc:80000000 instr:00000000 FETCH 4B}
Trace 4 0 80000000 00000093 D
5: CPU.Fetch:
        Fetch_to_Decode{I_2 pc:80000008 pred:8000000c epoch:0 halt_sentinel:0}
        Mem_Req {I_2 pc:80000008 instr:xxxxxxxx FETCH 4B addr:80000008 epoch:0}
Trace 5 2 80000008 00000000 F
5: CPU.Decode:
        Decode_to_RR{I_1 pc:80000004 instr:00100093 pred:80000008 epoch:0
            fallthru:80000008 OPCLASS_INT has_{rs1,rs2,rd}:{1,0,1} writes_mem:0, imm:1 halt_sentinel:0}
        Mem_Rsp {MEM_RSP_OK addr:80000004 rdata:00100093 I_1 pc:80000004 instr:00000000 FETCH 4B}
Trace 5 1 80000004 00100093 D
6: CPU.Fetch:
        Fetch_to_Decode{I_3 pc:8000000c pred:80000010 epoch:0 halt_sentinel:0}
        Mem_Req {I_3 pc:8000000c instr:xxxxxxxx FETCH 4B addr:8000000c epoch:0}
Trace 6 3 8000000c 00000000 F
33: CPU.Dispatch_Int:
        RR_to_Retire{I_0 pc:80000000 instr:00000093 EXEC_TAG_INT
                 pred:80000004 epoch:0 has_rd:1 writes_mem:0
                 fallthru:80000004 halt_sentinel:0}
        RR_to_EX{I_0 pc:80000000 instr:00000093
             rs1_val:00000000  rs2_val:00000000  imm:00000000 }
Trace 33 0 80000000 00000093 RR.I
34: CPU.Decode:
        Decode_to_RR{I_2 pc:80000008 instr:00108113 pred:8000000c epoch:0
            fallthru:8000000c OPCLASS_INT has_{rs1,rs2,rd}:{1,0,1} writes_mem:0, imm:1 halt_sentinel:0}
        Mem_Rsp {MEM_RSP_OK addr:80000008 rdata:00108113 I_2 pc:80000008 instr:00000000 FETCH 4B}
Trace 34 2 80000008 00108113 D
34: CPU.rl_RR.stall: busy rd:1 rs1:0 rs2:0
        Decode_to_RR{I_1 pc:80000004 instr:00100093 pred:80000008 epoch:0
            fallthru:80000008 OPCLASS_INT has_{rs1,rs2,rd}:{1,0,1} writes_mem:0, imm:1 halt_sentinel:0}
Trace 34 1 80000004 00100093 RR.S
35: CPU.Fetch:
        Fetch_to_Decode{I_4 pc:80000010 pred:80000014 epoch:0 halt_sentinel:0}
        Mem_Req {I_4 pc:80000010 instr:xxxxxxxx FETCH 4B addr:80000010 epoch:0}
Trace 35 4 80000010 00000000 F
fn_EX_IALU: IALU x1 <= 0
35: CPU.EX_Int
        RR_to_EX{I_0 pc:80000000 instr:00000093
             rs1_val:00000000  rs2_val:00000000  imm:00000000 }
        EX_to_Retire{I_0 pc:80000000 instr:00000093
                  data:00000000}
Trace 35 0 80000000 00000093 EX.I
36: CPU.rl_RR.stall: busy rd:1 rs1:0 rs2:0
        Decode_to_RR{I_1 pc:80000004 instr:00100093 pred:80000008 epoch:0
            fallthru:80000008 OPCLASS_INT has_{rs1,rs2,rd}:{1,0,1} writes_mem:0, imm:1 halt_sentinel:0}
Trace 36 1 80000004 00100093 RR.S
36:     CPU.S5.fa_update_rd:
          RW_from_Retire{I_0 pc:80000000 instr:00000093 rd:1 commit:1 data:00000000}
Trace 36 0 80000000 00000093 RET.I
36: CPU.Retire_EX_Int: Normal
        EX_to_Retire{I_0 pc:80000000 instr:00000093
                  data:00000000}
37: CPU.RW (same-cycle with dispatch):
37:     RW_from_Retire{I_0 pc:80000000 instr:00000093 rd:1 commit:1 data:00000000}
Trace 37 0 80000000 00000093 RW
37: CPU.Dispatch_Int:
        RR_to_Retire{I_1 pc:80000004 instr:00100093 EXEC_TAG_INT
                 pred:80000008 epoch:0 has_rd:1 writes_mem:0
                 fallthru:80000008 halt_sentinel:0}
        RR_to_EX{I_1 pc:80000004 instr:00100093
             rs1_val:00000000  rs2_val:00000000  imm:00000001 }
Trace 37 1 80000004 00100093 RR.I
38: CPU.Decode:
        Decode_to_RR{I_3 pc:8000000c instr:00110193 pred:80000010 epoch:0
            fallthru:80000010 OPCLASS_INT has_{rs1,rs2,rd}:{1,0,1} writes_mem:0, imm:1 halt_sentinel:0}
        Mem_Rsp {MEM_RSP_OK addr:8000000c rdata:00110193 I_3 pc:8000000c instr:00000000 FETCH 4B}
Trace 38 3 8000000c 00110193 D
38: CPU.rl_RR.stall: busy rd:0 rs1:1 rs2:0
        Decode_to_RR{I_2 pc:80000008 instr:00108113 pred:8000000c epoch:0
            fallthru:8000000c OPCLASS_INT has_{rs1,rs2,rd}:{1,0,1} writes_mem:0, imm:1 halt_sentinel:0}
Trace 38 2 80000008 00108113 RR.S
39: CPU.Fetch:
        Fetch_to_Decode{I_5 pc:80000014 pred:80000018 epoch:0 halt_sentinel:0}
        Mem_Req {I_5 pc:80000014 instr:xxxxxxxx FETCH 4B addr:80000014 epoch:0}
Trace 39 5 80000014 00000000 F
fn_EX_IALU: IALU x1 <= 1
39: CPU.EX_Int
        RR_to_EX{I_1 pc:80000004 instr:00100093
             rs1_val:00000000  rs2_val:00000000  imm:00000001 }
        EX_to_Retire{I_1 pc:80000004 instr:00100093
                  data:00000001}
Trace 39 1 80000004 00100093 EX.I
40: CPU.fwd: rs1 x1 <- EX_Int fwd val 1
40: CPU.Dispatch_Int:
        RR_to_Retire{I_2 pc:80000008 instr:00108113 EXEC_TAG_INT
                 pred:8000000c epoch:0 has_rd:1 writes_mem:0
                 fallthru:8000000c halt_sentinel:0}
        RR_to_EX{I_2 pc:80000008 instr:00108113
             rs1_val:00000001  rs2_val:00000000  imm:00000001 }
Trace 40 2 80000008 00108113 RR.I
40:     CPU.S5.fa_update_rd:
          RW_from_Retire{I_1 pc:80000004 instr:00100093 rd:1 commit:1 data:00000001}
Trace 40 1 80000004 00100093 RET.I
40: CPU.Retire_EX_Int: Normal
        EX_to_Retire{I_1 pc:80000004 instr:00100093
                  data:00000001}
41: CPU.Decode:
        Decode_to_RR{I_4 pc:80000010 instr:00118213 pred:80000014 epoch:0
            fallthru:80000014 OPCLASS_INT has_{rs1,rs2,rd}:{1,0,1} writes_mem:0, imm:1 halt_sentinel:0}
        Mem_Rsp {MEM_RSP_OK addr:80000010 rdata:00118213 I_4 pc:80000010 instr:00000000 FETCH 4B}
Trace 41 4 80000010 00118213 D
41: CPU.RW (during stall):
41:     RW_from_Retire{I_1 pc:80000004 instr:00100093 rd:1 commit:1 data:00000001}
Trace 41 1 80000004 00100093 RW
41: CPU.rl_RR.stall: busy rd:0 rs1:1 rs2:0
        Decode_to_RR{I_3 pc:8000000c instr:00110193 pred:80000010 epoch:0
            fallthru:80000010 OPCLASS_INT has_{rs1,rs2,rd}:{1,0,1} writes_mem:0, imm:1 halt_sentinel:0}
Trace 41 3 8000000c 00110193 RR.S
42: CPU.Fetch:
        Fetch_to_Decode{I_6 pc:80000018 pred:8000001c epoch:0 halt_sentinel:0}
        Mem_Req {I_6 pc:80000018 instr:xxxxxxxx FETCH 4B addr:80000018 epoch:0}
Trace 42 6 80000018 00000000 F
fn_EX_IALU: IALU x2 <= 2
42: CPU.EX_Int
        RR_to_EX{I_2 pc:80000008 instr:00108113
             rs1_val:00000001  rs2_val:00000000  imm:00000001 }
        EX_to_Retire{I_2 pc:80000008 instr:00108113
                  data:00000002}
Trace 42 2 80000008 00108113 EX.I
43: CPU.fwd: rs1 x2 <- EX_Int fwd val 2
43: CPU.Dispatch_Int:
        RR_to_Retire{I_3 pc:8000000c instr:00110193 EXEC_TAG_INT
                 pred:80000010 epoch:0 has_rd:1 writes_mem:0
                 fallthru:80000010 halt_sentinel:0}
        RR_to_EX{I_3 pc:8000000c instr:00110193
             rs1_val:00000002  rs2_val:00000001  imm:00000001 }
Trace 43 3 8000000c 00110193 RR.I
43:     CPU.S5.fa_update_rd:
          RW_from_Retire{I_2 pc:80000008 instr:00108113 rd:2 commit:1 data:00000002}
Trace 43 2 80000008 00108113 RET.I
43: CPU.Retire_EX_Int: Normal
        EX_to_Retire{I_2 pc:80000008 instr:00108113
                  data:00000002}
44: CPU.Decode:
        Decode_to_RR{I_5 pc:80000014 instr:00120293 pred:80000018 epoch:0
            fallthru:80000018 OPCLASS_INT has_{rs1,rs2,rd}:{1,0,1} writes_mem:0, imm:1 halt_sentinel:0}
        Mem_Rsp {MEM_RSP_OK addr:80000014 rdata:00120293 I_5 pc:80000014 instr:00000000 FETCH 4B}
Trace 44 5 80000014 00120293 D
44: CPU.RW (during stall):
44:     RW_from_Retire{I_2 pc:80000008 instr:00108113 rd:2 commit:1 data:00000002}
Trace 44 2 80000008 00108113 RW
44: CPU.rl_RR.stall: busy rd:0 rs1:1 rs2:0
        Decode_to_RR{I_4 pc:80000010 instr:00118213 pred:80000014 epoch:0
            fallthru:80000014 OPCLASS_INT has_{rs1,rs2,rd}:{1,0,1} writes_mem:0, imm:1 halt_sentinel:0}
Trace 44 4 80000010 00118213 RR.S
45: CPU.Fetch:
        Fetch_to_Decode{I_7 pc:8000001c pred:80000020 epoch:0 halt_sentinel:0}
        Mem_Req {I_7 pc:8000001c instr:xxxxxxxx FETCH 4B addr:8000001c epoch:0}
Trace 45 7 8000001c 00000000 F
fn_EX_IALU: IALU x3 <= 3
45: CPU.EX_Int
        RR_to_EX{I_3 pc:8000000c instr:00110193
             rs1_val:00000002  rs2_val:00000001  imm:00000001 }
        EX_to_Retire{I_3 pc:8000000c instr:00110193
                  data:00000003}
Trace 45 3 8000000c 00110193 EX.I
46: CPU.fwd: rs1 x3 <- EX_Int fwd val 3
46: CPU.Dispatch_Int:
        RR_to_Retire{I_4 pc:80000010 instr:00118213 EXEC_TAG_INT
                 pred:80000014 epoch:0 has_rd:1 writes_mem:0
                 fallthru:80000014 halt_sentinel:0}
        RR_to_EX{I_4 pc:80000010 instr:00118213
             rs1_val:00000003  rs2_val:00000001  imm:00000001 }
Trace 46 4 80000010 00118213 RR.I
46:     CPU.S5.fa_update_rd:
          RW_from_Retire{I_3 pc:8000000c instr:00110193 rd:3 commit:1 data:00000003}
Trace 46 3 8000000c 00110193 RET.I
46: CPU.Retire_EX_Int: Normal
        EX_to_Retire{I_3 pc:8000000c instr:00110193
                  data:00000003}
47: CPU.Decode:
        Decode_to_RR{I_6 pc:80000018 instr:00128313 pred:8000001c epoch:0
            fallthru:8000001c OPCLASS_INT has_{rs1,rs2,rd}:{1,0,1} writes_mem:0, imm:1 halt_sentinel:0}
        Mem_Rsp {MEM_RSP_OK addr:80000018 rdata:00128313 I_6 pc:80000018 instr:00000000 FETCH 4B}
Trace 47 6 80000018 00128313 D
47: CPU.RW (during stall):
47:     RW_from_Retire{I_3 pc:8000000c instr:00110193 rd:3 commit:1 data:00000003}
Trace 47 3 8000000c 00110193 RW
47: CPU.rl_RR.stall: busy rd:0 rs1:1 rs2:0
        Decode_to_RR{I_5 pc:80000014 instr:00120293 pred:80000018 epoch:0
            fallthru:80000018 OPCLASS_INT has_{rs1,rs2,rd}:{1,0,1} writes_mem:0, imm:1 halt_sentinel:0}
Trace 47 5 80000014 00120293 RR.S
48: CPU.Fetch:
        Fetch_to_Decode{I_8 pc:80000020 pred:80000024 epoch:0 halt_sentinel:0}
        Mem_Req {I_8 pc:80000020 instr:xxxxxxxx FETCH 4B addr:80000020 epoch:0}
Trace 48 8 80000020 00000000 F
fn_EX_IALU: IALU x4 <= 4
48: CPU.EX_Int
        RR_to_EX{I_4 pc:80000010 instr:00118213
             rs1_val:00000003  rs2_val:00000001  imm:00000001 }
        EX_to_Retire{I_4 pc:80000010 instr:00118213
                  data:00000004}
Trace 48 4 80000010 00118213 EX.I
49: CPU.fwd: rs1 x4 <- EX_Int fwd val 4
49: CPU.Dispatch_Int:
        RR_to_Retire{I_5 pc:80000014 instr:00120293 EXEC_TAG_INT
                 pred:80000018 epoch:0 has_rd:1 writes_mem:0
                 fallthru:80000018 halt_sentinel:0}
        RR_to_EX{I_5 pc:80000014 instr:00120293
             rs1_val:00000004  rs2_val:00000001  imm:00000001 }
Trace 49 5 80000014 00120293 RR.I
49:     CPU.S5.fa_update_rd:
          RW_from_Retire{I_4 pc:80000010 instr:00118213 rd:4 commit:1 data:00000004}
Trace 49 4 80000010 00118213 RET.I
49: CPU.Retire_EX_Int: Normal
        EX_to_Retire{I_4 pc:80000010 instr:00118213
                  data:00000004}
50: CPU.Decode:
        Decode_to_RR{I_7 pc:8000001c instr:00130393 pred:80000020 epoch:0
            fallthru:80000020 OPCLASS_INT has_{rs1,rs2,rd}:{1,0,1} writes_mem:0, imm:1 halt_sentinel:0}
        Mem_Rsp {MEM_RSP_OK addr:8000001c rdata:00130393 I_7 pc:8000001c instr:00000000 FETCH 4B}
Trace 50 7 8000001c 00130393 D
50: CPU.RW (during stall):
50:     RW_from_Retire{I_4 pc:80000010 instr:00118213 rd:4 commit:1 data:00000004}
Trace 50 4 80000010 00118213 RW
50: CPU.rl_RR.stall: busy rd:0 rs1:1 rs2:0
        Decode_to_RR{I_6 pc:80000018 instr:00128313 pred:8000001c epoch:0
            fallthru:8000001c OPCLASS_INT has_{rs1,rs2,rd}:{1,0,1} writes_mem:0, imm:1 halt_sentinel:0}
Trace 50 6 80000018 00128313 RR.S
51: CPU.Fetch:
        Fetch_to_Decode{I_9 pc:80000024 pred:80000028 epoch:0 halt_sentinel:0}
        Mem_Req {I_9 pc:80000024 instr:xxxxxxxx FETCH 4B addr:80000024 epoch:0}
Trace 51 9 80000024 00000000 F
fn_EX_IALU: IALU x5 <= 5
51: CPU.EX_Int
        RR_to_EX{I_5 pc:80000014 instr:00120293
             rs1_val:00000004  rs2_val:00000001  imm:00000001 }
        EX_to_Retire{I_5 pc:80000014 instr:00120293
                  data:00000005}
Trace 51 5 80000014 00120293 EX.I
52: CPU.fwd: rs1 x5 <- EX_Int fwd val 5
52: CPU.Dispatch_Int:
        RR_to_Retire{I_6 pc:80000018 instr:00128313 EXEC_TAG_INT
                 pred:8000001c epoch:0 has_rd:1 writes_mem:0
                 fallthru:8000001c halt_sentinel:0}
        RR_to_EX{I_6 pc:80000018 instr:00128313
             rs1_val:00000005  rs2_val:00000001  imm:00000001 }
Trace 52 6 80000018 00128313 RR.I
52:     CPU.S5.fa_update_rd:
          RW_from_Retire{I_5 pc:80000014 instr:00120293 rd:5 commit:1 data:00000005}
Trace 52 5 80000014 00120293 RET.I
52: CPU.Retire_EX_Int: Normal
        EX_to_Retire{I_5 pc:80000014 instr:00120293
                  data:00000005}
53: CPU.Decode:
        Decode_to_RR{I_8 pc:80000020 instr:00138413 pred:80000024 epoch:0
            fallthru:80000024 OPCLASS_INT has_{rs1,rs2,rd}:{1,0,1} writes_mem:0, imm:1 halt_sentinel:0}
        Mem_Rsp {MEM_RSP_OK addr:80000020 rdata:00138413 I_8 pc:80000020 instr:00000000 FETCH 4B}
Trace 53 8 80000020 00138413 D
53: CPU.RW (during stall):
53:     RW_from_Retire{I_5 pc:80000014 instr:00120293 rd:5 commit:1 data:00000005}
Trace 53 5 80000014 00120293 RW
53: CPU.rl_RR.stall: busy rd:0 rs1:1 rs2:0
        Decode_to_RR{I_7 pc:8000001c instr:00130393 pred:80000020 epoch:0
            fallthru:80000020 OPCLASS_INT has_{rs1,rs2,rd}:{1,0,1} writes_mem:0, imm:1 halt_sentinel:0}
Trace 53 7 8000001c 00130393 RR.S
54: CPU.Fetch:
        Fetch_to_Decode{I_10 pc:80000028 pred:8000002c epoch:0 halt_sentinel:0}
        Mem_Req {I_10 pc:80000028 instr:xxxxxxxx FETCH 4B addr:80000028 epoch:0}
Trace 54 10 80000028 00000000 F
fn_EX_IALU: IALU x6 <= 6
54: CPU.EX_Int
        RR_to_EX{I_6 pc:80000018 instr:00128313
             rs1_val:00000005  rs2_val:00000001  imm:00000001 }
        EX_to_Retire{I_6 pc:80000018 instr:00128313
                  data:00000006}
Trace 54 6 80000018 00128313 EX.I
55: CPU.fwd: rs1 x6 <- EX_Int fwd val 6
55: CPU.Dispatch_Int:
        RR_to_Retire{I_7 pc:8000001c instr:00130393 EXEC_TAG_INT
                 pred:80000020 epoch:0 has_rd:1 writes_mem:0
                 fallthru:80000020 halt_sentinel:0}
        RR_to_EX{I_7 pc:8000001c instr:00130393
             rs1_val:00000006  rs2_val:00000001  imm:00000001 }
Trace 55 7 8000001c 00130393 RR.I
55:     CPU.S5.fa_update_rd:
          RW_from_Retire{I_6 pc:80000018 instr:00128313 rd:6 commit:1 data:00000006}
Trace 55 6 80000018 00128313 RET.I
55: CPU.Retire_EX_Int: Normal
        EX_to_Retire{I_6 pc:80000018 instr:00128313
                  data:00000006}
56: CPU.Decode:
        Decode_to_RR{I_9 pc:80000024 instr:00140493 pred:80000028 epoch:0
            fallthru:80000028 OPCLASS_INT has_{rs1,rs2,rd}:{1,0,1} writes_mem:0, imm:1 halt_sentinel:0}
        Mem_Rsp {MEM_RSP_OK addr:80000024 rdata:00140493 I_9 pc:80000024 instr:00000000 FETCH 4B}
Trace 56 9 80000024 00140493 D
56: CPU.RW (during stall):
56:     RW_from_Retire{I_6 pc:80000018 instr:00128313 rd:6 commit:1 data:00000006}
Trace 56 6 80000018 00128313 RW
56: CPU.rl_RR.stall: busy rd:0 rs1:1 rs2:0
        Decode_to_RR{I_8 pc:80000020 instr:00138413 pred:80000024 epoch:0
            fallthru:80000024 OPCLASS_INT has_{rs1,rs2,rd}:{1,0,1} writes_mem:0, imm:1 halt_sentinel:0}
Trace 56 8 80000020 00138413 RR.S
57: CPU.Fetch:
        Fetch_to_Decode{I_11 pc:8000002c pred:80000030 epoch:0 halt_sentinel:0}
        Mem_Req {I_11 pc:8000002c instr:xxxxxxxx FETCH 4B addr:8000002c epoch:0}
Trace 57 11 8000002c 00000000 F
fn_EX_IALU: IALU x7 <= 7
57: CPU.EX_Int
        RR_to_EX{I_7 pc:8000001c instr:00130393
             rs1_val:00000006  rs2_val:00000001  imm:00000001 }
        EX_to_Retire{I_7 pc:8000001c instr:00130393
                  data:00000007}
Trace 57 7 8000001c 00130393 EX.I
58: CPU.fwd: rs1 x7 <- EX_Int fwd val 7
58: CPU.Dispatch_Int:
        RR_to_Retire{I_8 pc:80000020 instr:00138413 EXEC_TAG_INT
                 pred:80000024 epoch:0 has_rd:1 writes_mem:0
                 fallthru:80000024 halt_sentinel:0}
        RR_to_EX{I_8 pc:80000020 instr:00138413
             rs1_val:00000007  rs2_val:00000001  imm:00000001 }
Trace 58 8 80000020 00138413 RR.I
58:     CPU.S5.fa_update_rd:
          RW_from_Retire{I_7 pc:8000001c instr:00130393 rd:7 commit:1 data:00000007}
Trace 58 7 8000001c 00130393 RET.I
58: CPU.Retire_EX_Int: Normal
        EX_to_Retire{I_7 pc:8000001c instr:00130393
                  data:00000007}
59: CPU.Decode:
        Decode_to_RR{I_10 pc:80000028 instr:00148513 pred:8000002c epoch:0
            fallthru:8000002c OPCLASS_INT has_{rs1,rs2,rd}:{1,0,1} writes_mem:0, imm:1 halt_sentinel:0}
        Mem_Rsp {MEM_RSP_OK addr:80000028 rdata:00148513 I_10 pc:80000028 instr:00000000 FETCH 4B}
Trace 59 10 80000028 00148513 D
59: CPU.RW (during stall):
59:     RW_from_Retire{I_7 pc:8000001c instr:00130393 rd:7 commit:1 data:00000007}
Trace 59 7 8000001c 00130393 RW
59: CPU.rl_RR.stall: busy rd:0 rs1:1 rs2:0
        Decode_to_RR{I_9 pc:80000024 instr:00140493 pred:80000028 epoch:0
            fallthru:80000028 OPCLASS_INT has_{rs1,rs2,rd}:{1,0,1} writes_mem:0, imm:1 halt_sentinel:0}
Trace 59 9 80000024 00140493 RR.S
60: CPU.Fetch:
        Fetch_to_Decode{I_12 pc:80000030 pred:80000034 epoch:0 halt_sentinel:0}
        Mem_Req {I_12 pc:80000030 instr:xxxxxxxx FETCH 4B addr:80000030 epoch:0}
Trace 60 12 80000030 00000000 F
fn_EX_IALU: IALU x8 <= 8
60: CPU.EX_Int
        RR_to_EX{I_8 pc:80000020 instr:00138413
             rs1_val:00000007  rs2_val:00000001  imm:00000001 }
        EX_to_Retire{I_8 pc:80000020 instr:00138413
                  data:00000008}
Trace 60 8 80000020 00138413 EX.I
61: CPU.fwd: rs1 x8 <- EX_Int fwd val 8
61: CPU.Dispatch_Int:
        RR_to_Retire{I_9 pc:80000024 instr:00140493 EXEC_TAG_INT
                 pred:80000028 epoch:0 has_rd:1 writes_mem:0
                 fallthru:80000028 halt_sentinel:0}
        RR_to_EX{I_9 pc:80000024 instr:00140493
             rs1_val:00000008  rs2_val:00000001  imm:00000001 }
Trace 61 9 80000024 00140493 RR.I
61:     CPU.S5.fa_update_rd:
          RW_from_Retire{I_8 pc:80000020 instr:00138413 rd:8 commit:1 data:00000008}
Trace 61 8 80000020 00138413 RET.I
61: CPU.Retire_EX_Int: Normal
        EX_to_Retire{I_8 pc:80000020 instr:00138413
                  data:00000008}
62: CPU.Decode:
        Decode_to_RR{I_11 pc:8000002c instr:00a00a13 pred:80000030 epoch:0
            fallthru:80000030 OPCLASS_INT has_{rs1,rs2,rd}:{1,0,1} writes_mem:0, imm:a halt_sentinel:0}
        Mem_Rsp {MEM_RSP_OK addr:8000002c rdata:00a00a13 I_11 pc:8000002c instr:00000000 FETCH 4B}
Trace 62 11 8000002c 00a00a13 D
62: CPU.RW (during stall):
62:     RW_from_Retire{I_8 pc:80000020 instr:00138413 rd:8 commit:1 data:00000008}
Trace 62 8 80000020 00138413 RW
62: CPU.rl_RR.stall: busy rd:0 rs1:1 rs2:0
        Decode_to_RR{I_10 pc:80000028 instr:00148513 pred:8000002c epoch:0
            fallthru:8000002c OPCLASS_INT has_{rs1,rs2,rd}:{1,0,1} writes_mem:0, imm:1 halt_sentinel:0}
Trace 62 10 80000028 00148513 RR.S
63: CPU.Fetch:
        Fetch_to_Decode{I_13 pc:80000034 pred:80000038 epoch:0 halt_sentinel:0}
        Mem_Req {I_13 pc:80000034 instr:xxxxxxxx FETCH 4B addr:80000034 epoch:0}
Trace 63 13 80000034 00000000 F
fn_EX_IALU: IALU x9 <= 9
63: CPU.EX_Int
        RR_to_EX{I_9 pc:80000024 instr:00140493
             rs1_val:00000008  rs2_val:00000001  imm:00000001 }
        EX_to_Retire{I_9 pc:80000024 instr:00140493
                  data:00000009}
Trace 63 9 80000024 00140493 EX.I
64: CPU.fwd: rs1 x9 <- EX_Int fwd val 9
64: CPU.Dispatch_Int:
        RR_to_Retire{I_10 pc:80000028 instr:00148513 EXEC_TAG_INT
                 pred:8000002c epoch:0 has_rd:1 writes_mem:0
                 fallthru:8000002c halt_sentinel:0}
        RR_to_EX{I_10 pc:80000028 instr:00148513
             rs1_val:00000009  rs2_val:00000001  imm:00000001 }
Trace 64 10 80000028 00148513 RR.I
64:     CPU.S5.fa_update_rd:
          RW_from_Retire{I_9 pc:80000024 instr:00140493 rd:9 commit:1 data:00000009}
Trace 64 9 80000024 00140493 RET.I
64: CPU.Retire_EX_Int: Normal
        EX_to_Retire{I_9 pc:80000024 instr:00140493
                  data:00000009}
65: CPU.Decode:
        Decode_to_RR{I_12 pc:80000030 instr:05451a63 pred:80000034 epoch:0
            fallthru:80000034 OPCLASS_CONTROL has_{rs1,rs2,rd}:{1,1,0} writes_mem:0, imm:54 halt_sentinel:0}
        Mem_Rsp {MEM_RSP_OK addr:80000030 rdata:05451a63 I_12 pc:80000030 instr:00000000 FETCH 4B}
Trace 65 12 80000030 05451a63 D
65: CPU.RW (same-cycle with dispatch):
65:     RW_from_Retire{I_9 pc:80000024 instr:00140493 rd:9 commit:1 data:00000009}
Trace 65 9 80000024 00140493 RW
65: CPU.Dispatch_Int:
        RR_to_Retire{I_11 pc:8000002c instr:00a00a13 EXEC_TAG_INT
                 pred:80000030 epoch:0 has_rd:1 writes_mem:0
                 fallthru:80000030 halt_sentinel:0}
        RR_to_EX{I_11 pc:8000002c instr:00a00a13
             rs1_val:00000000  rs2_val:00000000  imm:0000000a }
Trace 65 11 8000002c 00a00a13 RR.I
66: CPU.Fetch:
        Fetch_to_Decode{I_14 pc:80000038 pred:8000003c epoch:0 halt_sentinel:0}
        Mem_Req {I_14 pc:80000038 instr:xxxxxxxx FETCH 4B addr:80000038 epoch:0}
Trace 66 14 80000038 00000000 F
66: CPU.Decode:
        Decode_to_RR{I_13 pc:80000034 instr:00100593 pred:80000038 epoch:0
            fallthru:80000038 OPCLASS_INT has_{rs1,rs2,rd}:{1,0,1} writes_mem:0, imm:1 halt_sentinel:0}
        Mem_Rsp {MEM_RSP_OK addr:80000034 rdata:00100593 I_13 pc:80000034 instr:00000000 FETCH 4B}
Trace 66 13 80000034 00100593 D
fn_EX_IALU: IALU x10 <= a
66: CPU.EX_Int
        RR_to_EX{I_10 pc:80000028 instr:00148513
             rs1_val:00000009  rs2_val:00000001  imm:00000001 }
        EX_to_Retire{I_10 pc:80000028 instr:00148513
                  data:0000000a}
Trace 66 10 80000028 00148513 EX.I
67: CPU.Fetch:
        Fetch_to_Decode{I_15 pc:8000003c pred:80000040 epoch:0 halt_sentinel:0}
        Mem_Req {I_15 pc:8000003c instr:xxxxxxxx FETCH 4B addr:8000003c epoch:0}
Trace 67 15 8000003c 00000000 F
fn_EX_IALU: IALU x20 <= a
67: CPU.EX_Int
        RR_to_EX{I_11 pc:8000002c instr:00a00a13
             rs1_val:00000000  rs2_val:00000000  imm:0000000a }
        EX_to_Retire{I_11 pc:8000002c instr:00a00a13
                  data:0000000a}
Trace 67 11 8000002c 00a00a13 EX.I
67:     CPU.S5.fa_update_rd:
          RW_from_Retire{I_10 pc:80000028 instr:00148513 rd:10 commit:1 data:0000000a}
Trace 67 10 80000028 00148513 RET.I
67: CPU.Retire_EX_Int: Normal
        EX_to_Retire{I_10 pc:80000028 instr:00148513
                  data:0000000a}
68: CPU.RW (same-cycle with dispatch):
68:     RW_from_Retire{I_10 pc:80000028 instr:00148513 rd:10 commit:1 data:0000000a}
Trace 68 10 80000028 00148513 RW
68: CPU.fwd: rs1 x10 <- WB val a
68: CPU.fwd: rs2 x20 <- EX_Int fwd val a
68: CPU.Dispatch_Control:
        RR_to_Retire{I_12 pc:80000030 instr:05451a63 EXEC_TAG_CONTROL
                 pred:80000034 epoch:0 has_rd:0 writes_mem:0
                 fallthru:80000034 halt_sentinel:0}
        RR_to_EX_Control{I_12 pc:80000030 instr:05451a63 fallthru:80000034
                  rs1_val:0000000a  rs2_val:0000000a  imm:00000054 }
Trace 68 12 80000030 05451a63 RR.C
68:     CPU.S5.fa_update_rd:
          RW_from_Retire{I_11 pc:8000002c instr:00a00a13 rd:20 commit:1 data:0000000a}
Trace 68 11 8000002c 00a00a13 RET.I
68: CPU.Retire_EX_Int: Normal
        EX_to_Retire{I_11 pc:8000002c instr:00a00a13
                  data:0000000a}
69: CPU.Decode:
        Decode_to_RR{I_14 pc:80000038 instr:00159613 pred:8000003c epoch:0
            fallthru:8000003c OPCLASS_INT has_{rs1,rs2,rd}:{1,0,1} writes_mem:0, imm:1 halt_sentinel:0}
        Mem_Rsp {MEM_RSP_OK addr:80000038 rdata:00159613 I_14 pc:80000038 instr:00000000 FETCH 4B}
Trace 69 14 80000038 00159613 D
69: CPU.RW (same-cycle with dispatch):
69:     RW_from_Retire{I_11 pc:8000002c instr:00a00a13 rd:20 commit:1 data:0000000a}
Trace 69 11 8000002c 00a00a13 RW
69: CPU.Dispatch_Int:
        RR_to_Retire{I_13 pc:80000034 instr:00100593 EXEC_TAG_INT
                 pred:80000038 epoch:0 has_rd:1 writes_mem:0
                 fallthru:80000038 halt_sentinel:0}
        RR_to_EX{I_13 pc:80000034 instr:00100593
             rs1_val:00000000  rs2_val:00000001  imm:00000001 }
Trace 69 13 80000034 00100593 RR.I
70: CPU.EX_Control
        RR_to_EX_Control{I_12 pc:80000030 instr:05451a63 fallthru:80000034
                  rs1_val:0000000a  rs2_val:0000000a  imm:00000054 }
        EX_Control_to_Retire{I_12 pc:80000030 instr:05451a63
                       next_pc:80000034  data:80000034}
Trace 70 12 80000030 05451a63 EX.C
70: CPU.Fetch:
        Fetch_to_Decode{I_16 pc:80000040 pred:80000044 epoch:0 halt_sentinel:0}
        Mem_Req {I_16 pc:80000040 instr:xxxxxxxx FETCH 4B addr:80000040 epoch:0}
Trace 70 16 80000040 00000000 F
70: CPU.Decode:
        Decode_to_RR{I_15 pc:8000003c instr:00161693 pred:80000040 epoch:0
            fallthru:80000040 OPCLASS_INT has_{rs1,rs2,rd}:{1,0,1} writes_mem:0, imm:1 halt_sentinel:0}
        Mem_Rsp {MEM_RSP_OK addr:8000003c rdata:00161693 I_15 pc:8000003c instr:00000000 FETCH 4B}
Trace 70 15 8000003c 00161693 D
70: CPU.rl_RR.stall: busy rd:0 rs1:1 rs2:0
        Decode_to_RR{I_14 pc:80000038 instr:00159613 pred:8000003c epoch:0
            fallthru:8000003c OPCLASS_INT has_{rs1,rs2,rd}:{1,0,1} writes_mem:0, imm:1 halt_sentinel:0}
Trace 70 14 80000038 00159613 RR.S
71: CPU.Fetch:
        Fetch_to_Decode{I_17 pc:80000044 pred:80000048 epoch:0 halt_sentinel:0}
        Mem_Req {I_17 pc:80000044 instr:xxxxxxxx FETCH 4B addr:80000044 epoch:0}
Trace 71 17 80000044 00000000 F
fn_EX_IALU: IALU x11 <= 1
71: CPU.EX_Int
        RR_to_EX{I_13 pc:80000034 instr:00100593
             rs1_val:00000000  rs2_val:00000001  imm:00000001 }
        EX_to_Retire{I_13 pc:80000034 instr:00100593
                  data:00000001}
Trace 71 13 80000034 00100593 EX.I
Trace 71 12 80000030 05451a63 RET.C
71: CPU.Retire_EX_Control: Normal
        EX_Control_to_Retire{I_12 pc:80000030 instr:05451a63
                       next_pc:80000034  data:80000034}
72: CPU.fwd: rs1 x11 <- EX_Int fwd val 1
72: CPU.Dispatch_Int:
        RR_to_Retire{I_14 pc:80000038 instr:00159613 EXEC_TAG_INT
                 pred:8000003c epoch:0 has_rd:1 writes_mem:0
                 fallthru:8000003c halt_sentinel:0}
        RR_to_EX{I_14 pc:80000038 instr:00159613
             rs1_val:00000001  rs2_val:00000001  imm:00000001 }
Trace 72 14 80000038 00159613 RR.I
72:     CPU.S5.fa_update_rd:
          RW_from_Retire{I_13 pc:80000034 instr:00100593 rd:11 commit:1 data:00000001}
Trace 72 13 80000034 00100593 RET.I
72: CPU.Retire_EX_Int: Normal
        EX_to_Retire{I_13 pc:80000034 instr:00100593
                  data:00000001}
73: CPU.Decode:
        Decode_to_RR{I_16 pc:80000040 instr:00169713 pred:80000044 epoch:0
            fallthru:80000044 OPCLASS_INT has_{rs1,rs2,rd}:{1,0,1} writes_mem:0, imm:1 halt_sentinel:0}
        Mem_Rsp {MEM_RSP_OK addr:80000040 rdata:00169713 I_16 pc:80000040 instr:00000000 FETCH 4B}
Trace 73 16 80000040 00169713 D
73: CPU.RW (during stall):
73:     RW_from_Retire{I_13 pc:80000034 instr:00100593 rd:11 commit:1 data:00000001}
Trace 73 13 80000034 00100593 RW
73: CPU.rl_RR.stall: busy rd:0 rs1:1 rs2:0
        Decode_to_RR{I_15 pc:8000003c instr:00161693 pred:80000040 epoch:0
            fallthru:80000040 OPCLASS_INT has_{rs1,rs2,rd}:{1,0,1} writes_mem:0, imm:1 halt_sentinel:0}
Trace 73 15 8000003c 00161693 RR.S
74: CPU.Fetch:
        Fetch_to_Decode{I_18 pc:80000048 pred:8000004c epoch:0 halt_sentinel:0}
        Mem_Req {I_18 pc:80000048 instr:xxxxxxxx FETCH 4B addr:80000048 epoch:0}
Trace 74 18 80000048 00000000 F
fn_EX_IALU: IALU x12 <= 2
74: CPU.EX_Int
        RR_to_EX{I_14 pc:80000038 instr:00159613
             rs1_val:00000001  rs2_val:00000001  imm:00000001 }
        EX_to_Retire{I_14 pc:80000038 instr:00159613
                  data:00000002}
Trace 74 14 80000038 00159613 EX.I
75: CPU.fwd: rs1 x12 <- EX_Int fwd val 2
75: CPU.Dispatch_Int:
        RR_to_Retire{I_15 pc:8000003c instr:00161693 EXEC_TAG_INT
                 pred:80000040 epoch:0 has_rd:1 writes_mem:0
                 fallthru:80000040 halt_sentinel:0}
        RR_to_EX{I_15 pc:8000003c instr:00161693
             rs1_val:00000002  rs2_val:00000001  imm:00000001 }
Trace 75 15 8000003c 00161693 RR.I
75:     CPU.S5.fa_update_rd:
          RW_from_Retire{I_14 pc:80000038 instr:00159613 rd:12 commit:1 data:00000002}
Trace 75 14 80000038 00159613 RET.I
75: CPU.Retire_EX_Int: Normal
        EX_to_Retire{I_14 pc:80000038 instr:00159613
                  data:00000002}
76: CPU.Decode:
        Decode_to_RR{I_17 pc:80000044 instr:00171793 pred:80000048 epoch:0
            fallthru:80000048 OPCLASS_INT has_{rs1,rs2,rd}:{1,0,1} writes_mem:0, imm:1 halt_sentinel:0}
        Mem_Rsp {MEM_RSP_OK addr:80000044 rdata:00171793 I_17 pc:80000044 instr:00000000 FETCH 4B}
Trace 76 17 80000044 00171793 D
76: CPU.RW (during stall):
76:     RW_from_Retire{I_14 pc:80000038 instr:00159613 rd:12 commit:1 data:00000002}
Trace 76 14 80000038 00159613 RW
76: CPU.rl_RR.stall: busy rd:0 rs1:1 rs2:0
        Decode_to_RR{I_16 pc:80000040 instr:00169713 pred:80000044 epoch:0
            fallthru:80000044 OPCLASS_INT has_{rs1,rs2,rd}:{1,0,1} writes_mem:0, imm:1 halt_sentinel:0}
Trace 76 16 80000040 00169713 RR.S
77: CPU.Fetch:
        Fetch_to_Decode{I_19 pc:8000004c pred:80000050 epoch:0 halt_sentinel:0}
        Mem_Req {I_19 pc:8000004c instr:xxxxxxxx FETCH 4B addr:8000004c epoch:0}
Trace 77 19 8000004c 00000000 F
fn_EX_IALU: IALU x13 <= 4
77: CPU.EX_Int
        RR_to_EX{I_15 pc:8000003c instr:00161693
             rs1_val:00000002  rs2_val:00000001  imm:00000001 }
        EX_to_Retire{I_15 pc:8000003c instr:00161693
                  data:00000004}
Trace 77 15 8000003c 00161693 EX.I
78: CPU.fwd: rs1 x13 <- EX_Int fwd val 4
78: CPU.Dispatch_Int:
        RR_to_Retire{I_16 pc:80000040 instr:00169713 EXEC_TAG_INT
                 pred:80000044 epoch:0 has_rd:1 writes_mem:0
                 fallthru:80000044 halt_sentinel:0}
        RR_to_EX{I_16 pc:80000040 instr:00169713
             rs1_val:00000004  rs2_val:00000001  imm:00000001 }
Trace 78 16 80000040 00169713 RR.I
78:     CPU.S5.fa_update_rd:
          RW_from_Retire{I_15 pc:8000003c instr:00161693 rd:13 commit:1 data:00000004}
Trace 78 15 8000003c 00161693 RET.I
78: CPU.Retire_EX_Int: Normal
        EX_to_Retire{I_15 pc:8000003c instr:00161693
                  data:00000004}
79: CPU.Decode:
        Decode_to_RR{I_18 pc:80000048 instr:00179813 pred:8000004c epoch:0
            fallthru:8000004c OPCLASS_INT has_{rs1,rs2,rd}:{1,0,1} writes_mem:0, imm:1 halt_sentinel:0}
        Mem_Rsp {MEM_RSP_OK addr:80000048 rdata:00179813 I_18 pc:80000048 instr:00000000 FETCH 4B}
Trace 79 18 80000048 00179813 D
79: CPU.RW (during stall):
79:     RW_from_Retire{I_15 pc:8000003c instr:00161693 rd:13 commit:1 data:00000004}
Trace 79 15 8000003c 00161693 RW
79: CPU.rl_RR.stall: busy rd:0 rs1:1 rs2:0
        Decode_to_RR{I_17 pc:80000044 instr:00171793 pred:80000048 epoch:0
            fallthru:80000048 OPCLASS_INT has_{rs1,rs2,rd}:{1,0,1} writes_mem:0, imm:1 halt_sentinel:0}
Trace 79 17 80000044 00171793 RR.S
80: CPU.Fetch:
        Fetch_to_Decode{I_20 pc:80000050 pred:80000054 epoch:0 halt_sentinel:0}
        Mem_Req {I_20 pc:80000050 instr:xxxxxxxx FETCH 4B addr:80000050 epoch:0}
Trace 80 20 80000050 00000000 F
fn_EX_IALU: IALU x14 <= 8
80: CPU.EX_Int
        RR_to_EX{I_16 pc:80000040 instr:00169713
             rs1_val:00000004  rs2_val:00000001  imm:00000001 }
        EX_to_Retire{I_16 pc:80000040 instr:00169713
                  data:00000008}
Trace 80 16 80000040 00169713 EX.I
81: CPU.fwd: rs1 x14 <- EX_Int fwd val 8
81: CPU.Dispatch_Int:
        RR_to_Retire{I_17 pc:80000044 instr:00171793 EXEC_TAG_INT
                 pred:80000048 epoch:0 has_rd:1 writes_mem:0
                 fallthru:80000048 halt_sentinel:0}
        RR_to_EX{I_17 pc:80000044 instr:00171793
             rs1_val:00000008  rs2_val:00000001  imm:00000001 }
Trace 81 17 80000044 00171793 RR.I
81:     CPU.S5.fa_update_rd:
          RW_from_Retire{I_16 pc:80000040 instr:00169713 rd:14 commit:1 data:00000008}
Trace 81 16 80000040 00169713 RET.I
81: CPU.Retire_EX_Int: Normal
        EX_to_Retire{I_16 pc:80000040 instr:00169713
                  data:00000008}
82: CPU.Decode:
        Decode_to_RR{I_19 pc:8000004c instr:00181893 pred:80000050 epoch:0
            fallthru:80000050 OPCLASS_INT has_{rs1,rs2,rd}:{1,0,1} writes_mem:0, imm:1 halt_sentinel:0}
        Mem_Rsp {MEM_RSP_OK addr:8000004c rdata:00181893 I_19 pc:8000004c instr:00000000 FETCH 4B}
Trace 82 19 8000004c 00181893 D
82: CPU.RW (during stall):
82:     RW_from_Retire{I_16 pc:80000040 instr:00169713 rd:14 commit:1 data:00000008}
Trace 82 16 80000040 00169713 RW
82: CPU.rl_RR.stall: busy rd:0 rs1:1 rs2:0
        Decode_to_RR{I_18 pc:80000048 instr:00179813 pred:8000004c epoch:0
            fallthru:8000004c OPCLASS_INT has_{rs1,rs2,rd}:{1,0,1} writes_mem:0, imm:1 halt_sentinel:0}
Trace 82 18 80000048 00179813 RR.S
83: CPU.Fetch:
        Fetch_to_Decode{I_21 pc:80000054 pred:80000058 epoch:0 halt_sentinel:0}
        Mem_Req {I_21 pc:80000054 instr:xxxxxxxx FETCH 4B addr:80000054 epoch:0}
Trace 83 21 80000054 00000000 F
fn_EX_IALU: IALU x15 <= 10
83: CPU.EX_Int
        RR_to_EX{I_17 pc:80000044 instr:00171793
             rs1_val:00000008  rs2_val:00000001  imm:00000001 }
        EX_to_Retire{I_17 pc:80000044 instr:00171793
                  data:00000010}
Trace 83 17 80000044 00171793 EX.I
84: CPU.fwd: rs1 x15 <- EX_Int fwd val 10
84: CPU.Dispatch_Int:
        RR_to_Retire{I_18 pc:80000048 instr:00179813 EXEC_TAG_INT
                 pred:8000004c epoch:0 has_rd:1 writes_mem:0
                 fallthru:8000004c halt_sentinel:0}
        RR_to_EX{I_18 pc:80000048 instr:00179813
             rs1_val:00000010  rs2_val:00000001  imm:00000001 }
Trace 84 18 80000048 00179813 RR.I
84:     CPU.S5.fa_update_rd:
          RW_from_Retire{I_17 pc:80000044 instr:00171793 rd:15 commit:1 data:00000010}
Trace 84 17 80000044 00171793 RET.I
84: CPU.Retire_EX_Int: Normal
        EX_to_Retire{I_17 pc:80000044 instr:00171793
                  data:00000010}
85: CPU.Decode:
        Decode_to_RR{I_20 pc:80000050 instr:00189913 pred:80000054 epoch:0
            fallthru:80000054 OPCLASS_INT has_{rs1,rs2,rd}:{1,0,1} writes_mem:0, imm:1 halt_sentinel:0}
        Mem_Rsp {MEM_RSP_OK addr:80000050 rdata:00189913 I_20 pc:80000050 instr:00000000 FETCH 4B}
Trace 85 20 80000050 00189913 D
85: CPU.RW (during stall):
85:     RW_from_Retire{I_17 pc:80000044 instr:00171793 rd:15 commit:1 data:00000010}
Trace 85 17 80000044 00171793 RW
85: CPU.rl_RR.stall: busy rd:0 rs1:1 rs2:0
        Decode_to_RR{I_19 pc:8000004c instr:00181893 pred:80000050 epoch:0
            fallthru:80000050 OPCLASS_INT has_{rs1,rs2,rd}:{1,0,1} writes_mem:0, imm:1 halt_sentinel:0}
Trace 85 19 8000004c 00181893 RR.S
86: CPU.Fetch:
        Fetch_to_Decode{I_22 pc:80000058 pred:8000005c epoch:0 halt_sentinel:0}
        Mem_Req {I_22 pc:80000058 instr:xxxxxxxx FETCH 4B addr:80000058 epoch:0}
Trace 86 22 80000058 00000000 F
fn_EX_IALU: IALU x16 <= 20
86: CPU.EX_Int
        RR_to_EX{I_18 pc:80000048 instr:00179813
             rs1_val:00000010  rs2_val:00000001  imm:00000001 }
        EX_to_Retire{I_18 pc:80000048 instr:00179813
                  data:00000020}
Trace 86 18 80000048 00179813 EX.I
87: CPU.fwd: rs1 x16 <- EX_Int fwd val 20
87: CPU.Dispatch_Int:
        RR_to_Retire{I_19 pc:8000004c instr:00181893 EXEC_TAG_INT
                 pred:80000050 epoch:0 has_rd:1 writes_mem:0
                 fallthru:80000050 halt_sentinel:0}
        RR_to_EX{I_19 pc:8000004c instr:00181893
             rs1_val:00000020  rs2_val:00000001  imm:00000001 }
Trace 87 19 8000004c 00181893 RR.I
87:     CPU.S5.fa_update_rd:
          RW_from_Retire{I_18 pc:80000048 instr:00179813 rd:16 commit:1 data:00000020}
Trace 87 18 80000048 00179813 RET.I
87: CPU.Retire_EX_Int: Normal
        EX_to_Retire{I_18 pc:80000048 instr:00179813
                  data:00000020}
88: CPU.Decode:
        Decode_to_RR{I_21 pc:80000054 instr:08000a93 pred:80000058 epoch:0
            fallthru:80000058 OPCLASS_INT has_{rs1,rs2,rd}:{1,0,1} writes_mem:0, imm:80 halt_sentinel:0}
        Mem_Rsp {MEM_RSP_OK addr:80000054 rdata:08000a93 I_21 pc:80000054 instr:00000000 FETCH 4B}
Trace 88 21 80000054 08000a93 D
88: CPU.RW (during stall):
88:     RW_from_Retire{I_18 pc:80000048 instr:00179813 rd:16 commit:1 data:00000020}
Trace 88 18 80000048 00179813 RW
88: CPU.rl_RR.stall: busy rd:0 rs1:1 rs2:0
        Decode_to_RR{I_20 pc:80000050 instr:00189913 pred:80000054 epoch:0
            fallthru:80000054 OPCLASS_INT has_{rs1,rs2,rd}:{1,0,1} writes_mem:0, imm:1 halt_sentinel:0}
Trace 88 20 80000050 00189913 RR.S
89: CPU.Fetch:
        Fetch_to_Decode{I_23 pc:8000005c pred:80000060 epoch:0 halt_sentinel:0}
        Mem_Req {I_23 pc:8000005c instr:xxxxxxxx FETCH 4B addr:8000005c epoch:0}
Trace 89 23 8000005c 00000000 F
fn_EX_IALU: IALU x17 <= 40
89: CPU.EX_Int
        RR_to_EX{I_19 pc:8000004c instr:00181893
             rs1_val:00000020  rs2_val:00000001  imm:00000001 }
        EX_to_Retire{I_19 pc:8000004c instr:00181893
                  data:00000040}
Trace 89 19 8000004c 00181893 EX.I
90: CPU.fwd: rs1 x17 <- EX_Int fwd val 40
90: CPU.Dispatch_Int:
        RR_to_Retire{I_20 pc:80000050 instr:00189913 EXEC_TAG_INT
                 pred:80000054 epoch:0 has_rd:1 writes_mem:0
                 fallthru:80000054 halt_sentinel:0}
        RR_to_EX{I_20 pc:80000050 instr:00189913
             rs1_val:00000040  rs2_val:00000001  imm:00000001 }
Trace 90 20 80000050 00189913 RR.I
90:     CPU.S5.fa_update_rd:
          RW_from_Retire{I_19 pc:8000004c instr:00181893 rd:17 commit:1 data:00000040}
Trace 90 19 8000004c 00181893 RET.I
90: CPU.Retire_EX_Int: Normal
        EX_to_Retire{I_19 pc:8000004c instr:00181893
                  data:00000040}
91: CPU.Decode:
        Decode_to_RR{I_22 pc:80000058 instr:03591663 pred:8000005c epoch:0
            fallthru:8000005c OPCLASS_CONTROL has_{rs1,rs2,rd}:{1,1,0} writes_mem:0, imm:2c halt_sentinel:0}
        Mem_Rsp {MEM_RSP_OK addr:80000058 rdata:03591663 I_22 pc:80000058 instr:00000000 FETCH 4B}
Trace 91 22 80000058 03591663 D
91: CPU.RW (same-cycle with dispatch):
91:     RW_from_Retire{I_19 pc:8000004c instr:00181893 rd:17 commit:1 data:00000040}
Trace 91 19 8000004c 00181893 RW
91: CPU.Dispatch_Int:
        RR_to_Retire{I_21 pc:80000054 instr:08000a93 EXEC_TAG_INT
                 pred:80000058 epoch:0 has_rd:1 writes_mem:0
                 fallthru:80000058 halt_sentinel:0}
        RR_to_EX{I_21 pc:80000054 instr:08000a93
             rs1_val:00000000  rs2_val:00000000  imm:00000080 }
Trace 91 21 80000054 08000a93 RR.I
92: CPU.Fetch:
        Fetch_to_Decode{I_24 pc:80000060 pred:80000064 epoch:0 halt_sentinel:0}
        Mem_Req {I_24 pc:80000060 instr:xxxxxxxx FETCH 4B addr:80000060 epoch:0}
Trace 92 24 80000060 00000000 F
92: CPU.Decode:
        Decode_to_RR{I_23 pc:8000005c instr:00100093 pred:80000060 epoch:0
            fallthru:80000060 OPCLASS_INT has_{rs1,rs2,rd}:{1,0,1} writes_mem:0, imm:1 halt_sentinel:0}
        Mem_Rsp {MEM_RSP_OK addr:8000005c rdata:00100093 I_23 pc:8000005c instr:00000000 FETCH 4B}
Trace 92 23 8000005c 00100093 D
fn_EX_IALU: IALU x18 <= 80
92: CPU.EX_Int
        RR_to_EX{I_20 pc:80000050 instr:00189913
             rs1_val:00000040  rs2_val:00000001  imm:00000001 }
        EX_to_Retire{I_20 pc:80000050 instr:00189913
                  data:00000080}
Trace 92 20 80000050 00189913 EX.I
93: CPU.Fetch:
        Fetch_to_Decode{I_25 pc:80000064 pred:80000068 epoch:0 halt_sentinel:0}
        Mem_Req {I_25 pc:80000064 instr:xxxxxxxx FETCH 4B addr:80000064 epoch:0}
Trace 93 25 80000064 00000000 F
fn_EX_IALU: IALU x21 <= 80
93: CPU.EX_Int
        RR_to_EX{I_21 pc:80000054 instr:08000a93
             rs1_val:00000000  rs2_val:00000000  imm:00000080 }
        EX_to_Retire{I_21 pc:80000054 instr:08000a93
                  data:00000080}
Trace 93 21 80000054 08000a93 EX.I
93:     CPU.S5.fa_update_rd:
          RW_from_Retire{I_20 pc:80000050 instr:00189913 rd:18 commit:1 data:00000080}
Trace 93 20 80000050 00189913 RET.I
93: CPU.Retire_EX_Int: Normal
        EX_to_Retire{I_20 pc:80000050 instr:00189913
                  data:00000080}
94: CPU.RW (same-cycle with dispatch):
94:     RW_from_Retire{I_20 pc:80000050 instr:00189913 rd:18 commit:1 data:00000080}
Trace 94 20 80000050 00189913 RW
94: CPU.fwd: rs1 x18 <- WB val 80
94: CPU.fwd: rs2 x21 <- EX_Int fwd val 80
94: CPU.Dispatch_Control:
        RR_to_Retire{I_22 pc:80000058 instr:03591663 EXEC_TAG_CONTROL
                 pred:8000005c epoch:0 has_rd:0 writes_mem:0
                 fallthru:8000005c halt_sentinel:0}
        RR_to_EX_Control{I_22 pc:80000058 instr:03591663 fallthru:8000005c
                  rs1_val:00000080  rs2_val:00000080  imm:0000002c }
Trace 94 22 80000058 03591663 RR.C
94:     CPU.S5.fa_update_rd:
          RW_from_Retire{I_21 pc:80000054 instr:08000a93 rd:21 commit:1 data:00000080}
Trace 94 21 80000054 08000a93 RET.I
94: CPU.Retire_EX_Int: Normal
        EX_to_Retire{I_21 pc:80000054 instr:08000a93
                  data:00000080}
95: CPU.Decode:
        Decode_to_RR{I_24 pc:80000060 instr:0020e113 pred:80000064 epoch:0
            fallthru:80000064 OPCLASS_INT has_{rs1,rs2,rd}:{1,0,1} writes_mem:0, imm:2 halt_sentinel:0}
        Mem_Rsp {MEM_RSP_OK addr:80000060 rdata:0020e113 I_24 pc:80000060 instr:00000000 FETCH 4B}
Trace 95 24 80000060 0020e113 D
95: CPU.RW (same-cycle with dispatch):
95:     RW_from_Retire{I_21 pc:80000054 instr:08000a93 rd:21 commit:1 data:00000080}
Trace 95 21 80000054 08000a93 RW
95: CPU.Dispatch_Int:
        RR_to_Retire{I_23 pc:8000005c instr:00100093 EXEC_TAG_INT
                 pred:80000060 epoch:0 has_rd:1 writes_mem:0
                 fallthru:80000060 halt_sentinel:0}
        RR_to_EX{I_23 pc:8000005c instr:00100093
             rs1_val:00000000  rs2_val:00000001  imm:00000001 }
Trace 95 23 8000005c 00100093 RR.I
96: CPU.EX_Control
        RR_to_EX_Control{I_22 pc:80000058 instr:03591663 fallthru:8000005c
                  rs1_val:00000080  rs2_val:00000080  imm:0000002c }
        EX_Control_to_Retire{I_22 pc:80000058 instr:03591663
                       next_pc:8000005c  data:8000005c}
Trace 96 22 80000058 03591663 EX.C
96: CPU.Fetch:
        Fetch_to_Decode{I_26 pc:80000068 pred:8000006c epoch:0 halt_sentinel:0}
        Mem_Req {I_26 pc:80000068 instr:xxxxxxxx FETCH 4B addr:80000068 epoch:0}
Trace 96 26 80000068 00000000 F
96: CPU.Decode:
        Decode_to_RR{I_25 pc:80000064 instr:00416193 pred:80000068 epoch:0
            fallthru:80000068 OPCLASS_INT has_{rs1,rs2,rd}:{1,0,1} writes_mem:0, imm:4 halt_sentinel:0}
        Mem_Rsp {MEM_RSP_OK addr:80000064 rdata:00416193 I_25 pc:80000064 instr:00000000 FETCH 4B}
Trace 96 25 80000064 00416193 D
96: CPU.rl_RR.stall: busy rd:0 rs1:1 rs2:0
        Decode_to_RR{I_24 pc:80000060 instr:0020e113 pred:80000064 epoch:0
            fallthru:80000064 OPCLASS_INT has_{rs1,rs2,rd}:{1,0,1} writes_mem:0, imm:2 halt_sentinel:0}
Trace 96 24 80000060 0020e113 RR.S
97: CPU.Fetch:
        Fetch_to_Decode{I_27 pc:8000006c pred:80000070 epoch:0 halt_sentinel:0}
        Mem_Req {I_27 pc:8000006c instr:xxxxxxxx FETCH 4B addr:8000006c epoch:0}
Trace 97 27 8000006c 00000000 F
fn_EX_IALU: IALU x1 <= 1
97: CPU.EX_Int
        RR_to_EX{I_23 pc:8000005c instr:00100093
             rs1_val:00000000  rs2_val:00000001  imm:00000001 }
        EX_to_Retire{I_23 pc:8000005c instr:00100093
                  data:00000001}
Trace 97 23 8000005c 00100093 EX.I
Trace 97 22 80000058 03591663 RET.C
97: CPU.Retire_EX_Control: Normal
        EX_Control_to_Retire{I_22 pc:80000058 instr:03591663
                       next_pc:8000005c  data:8000005c}
98: CPU.fwd: rs1 x1 <- EX_Int fwd val 1
98: CPU.Dispatch_Int:
        RR_to_Retire{I_24 pc:80000060 instr:0020e113 EXEC_TAG_INT
                 pred:80000064 epoch:0 has_rd:1 writes_mem:0
                 fallthru:80000064 halt_sentinel:0}
        RR_to_EX{I_24 pc:80000060 instr:0020e113
             rs1_val:00000001  rs2_val:00000002  imm:00000002 }
Trace 98 24 80000060 0020e113 RR.I
98:     CPU.S5.fa_update_rd:
          RW_from_Retire{I_23 pc:8000005c instr:00100093 rd:1 commit:1 data:00000001}
Trace 98 23 8000005c 00100093 RET.I
98: CPU.Retire_EX_Int: Normal
        EX_to_Retire{I_23 pc:8000005c instr:00100093
                  data:00000001}
99: CPU.Decode:
        Decode_to_RR{I_26 pc:80000068 instr:0081e213 pred:8000006c epoch:0
            fallthru:8000006c OPCLASS_INT has_{rs1,rs2,rd}:{1,0,1} writes_mem:0, imm:8 halt_sentinel:0}
        Mem_Rsp {MEM_RSP_OK addr:80000068 rdata:0081e213 I_26 pc:80000068 instr:00000000 FETCH 4B}
Trace 99 26 80000068 0081e213 D
99: CPU.RW (during stall):
99:     RW_from_Retire{I_23 pc:8000005c instr:00100093 rd:1 commit:1 data:00000001}
Trace 99 23 8000005c 00100093 RW
99: CPU.rl_RR.stall: busy rd:0 rs1:1 rs2:0
        Decode_to_RR{I_25 pc:80000064 instr:00416193 pred:80000068 epoch:0
            fallthru:80000068 OPCLASS_INT has_{rs1,rs2,rd}:{1,0,1} writes_mem:0, imm:4 halt_sentinel:0}
Trace 99 25 80000064 00416193 RR.S
100: CPU.Fetch:
        Fetch_to_Decode{I_28 pc:80000070 pred:80000074 epoch:0 halt_sentinel:0}
        Mem_Req {I_28 pc:80000070 instr:xxxxxxxx FETCH 4B addr:80000070 epoch:0}
Trace 100 28 80000070 00000000 F
fn_EX_IALU: IALU x2 <= 3
100: CPU.EX_Int
        RR_to_EX{I_24 pc:80000060 instr:0020e113
             rs1_val:00000001  rs2_val:00000002  imm:00000002 }
        EX_to_Retire{I_24 pc:80000060 instr:0020e113
                  data:00000003}
Trace 100 24 80000060 0020e113 EX.I
101: CPU.fwd: rs1 x2 <- EX_Int fwd val 3
101: CPU.Dispatch_Int:
        RR_to_Retire{I_25 pc:80000064 instr:00416193 EXEC_TAG_INT
                 pred:80000068 epoch:0 has_rd:1 writes_mem:0
                 fallthru:80000068 halt_sentinel:0}
        RR_to_EX{I_25 pc:80000064 instr:00416193
             rs1_val:00000003  rs2_val:00000004  imm:00000004 }
Trace 101 25 80000064 00416193 RR.I
101:     CPU.S5.fa_update_rd:
          RW_from_Retire{I_24 pc:80000060 instr:0020e113 rd:2 commit:1 data:00000003}
Trace 101 24 80000060 0020e113 RET.I
101: CPU.Retire_EX_Int: Normal
        EX_to_Retire{I_24 pc:80000060 instr:0020e113
                  data:00000003}
102: CPU.Decode:
        Decode_to_RR{I_27 pc:8000006c instr:01026293 pred:80000070 epoch:0
            fallthru:80000070 OPCLASS_INT has_{rs1,rs2,rd}:{1,0,1} writes_mem:0, imm:10 halt_sentinel:0}
        Mem_Rsp {MEM_RSP_OK addr:8000006c rdata:01026293 I_27 pc:8000006c instr:00000000 FETCH 4B}
Trace 102 27 8000006c 01026293 D
102: CPU.RW (during stall):
102:     RW_from_Retire{I_24 pc:80000060 instr:0020e113 rd:2 commit:1 data:00000003}
Trace 102 24 80000060 0020e113 RW
102: CPU.rl_RR.stall: busy rd:0 rs1:1 rs2:0
        Decode_to_RR{I_26 pc:80000068 instr:0081e213 pred:8000006c epoch:0
            fallthru:8000006c OPCLASS_INT has_{rs1,rs2,rd}:{1,0,1} writes_mem:0, imm:8 halt_sentinel:0}
Trace 102 26 80000068 0081e213 RR.S
103: CPU.Fetch:
        Fetch_to_Decode{I_29 pc:80000074 pred:80000078 epoch:0 halt_sentinel:0}
        Mem_Req {I_29 pc:80000074 instr:xxxxxxxx FETCH 4B addr:80000074 epoch:0}
Trace 103 29 80000074 00000000 F
fn_EX_IALU: IALU x3 <= 7
103: CPU.EX_Int
        RR_to_EX{I_25 pc:80000064 instr:00416193
             rs1_val:00000003  rs2_val:00000004  imm:00000004 }
        EX_to_Retire{I_25 pc:80000064 instr:00416193
                  data:00000007}
Trace 103 25 80000064 00416193 EX.I
104: CPU.fwd: rs1 x3 <- EX_Int fwd val 7
104: CPU.Dispatch_Int:
        RR_to_Retire{I_26 pc:80000068 instr:0081e213 EXEC_TAG_INT
                 pred:8000006c epoch:0 has_rd:1 writes_mem:0
                 fallthru:8000006c halt_sentinel:0}
        RR_to_EX{I_26 pc:80000068 instr:0081e213
             rs1_val:00000007  rs2_val:00000008  imm:00000008 }
Trace 104 26 80000068 0081e213 RR.I
104:     CPU.S5.fa_update_rd:
          RW_from_Retire{I_25 pc:80000064 instr:00416193 rd:3 commit:1 data:00000007}
Trace 104 25 80000064 00416193 RET.I
104: CPU.Retire_EX_Int: Normal
        EX_to_Retire{I_25 pc:80000064 instr:00416193
                  data:00000007}
105: CPU.Decode:
        Decode_to_RR{I_28 pc:80000070 instr:0202e313 pred:80000074 epoch:0
            fallthru:80000074 OPCLASS_INT has_{rs1,rs2,rd}:{1,0,1} writes_mem:0, imm:20 halt_sentinel:0}
        Mem_Rsp {MEM_RSP_OK addr:80000070 rdata:0202e313 I_28 pc:80000070 instr:00000000 FETCH 4B}
Trace 105 28 80000070 0202e313 D
105: CPU.RW (during stall):
105:     RW_from_Retire{I_25 pc:80000064 instr:00416193 rd:3 commit:1 data:00000007}
Trace 105 25 80000064 00416193 RW
105: CPU.rl_RR.stall: busy rd:0 rs1:1 rs2:0
        Decode_to_RR{I_27 pc:8000006c instr:01026293 pred:80000070 epoch:0
            fallthru:80000070 OPCLASS_INT has_{rs1,rs2,rd}:{1,0,1} writes_mem:0, imm:10 halt_sentinel:0}
Trace 105 27 8000006c 01026293 RR.S
106: CPU.Fetch:
        Fetch_to_Decode{I_30 pc:80000078 pred:8000007c epoch:0 halt_sentinel:0}
        Mem_Req {I_30 pc:80000078 instr:xxxxxxxx FETCH 4B addr:80000078 epoch:0}
Trace 106 30 80000078 00000000 F
fn_EX_IALU: IALU x4 <= f
106: CPU.EX_Int
        RR_to_EX{I_26 pc:80000068 instr:0081e213
             rs1_val:00000007  rs2_val:00000008  imm:00000008 }
        EX_to_Retire{I_26 pc:80000068 instr:0081e213
                  data:0000000f}
Trace 106 26 80000068 0081e213 EX.I
107: CPU.fwd: rs1 x4 <- EX_Int fwd val f
107: CPU.Dispatch_Int:
        RR_to_Retire{I_27 pc:8000006c instr:01026293 EXEC_TAG_INT
                 pred:80000070 epoch:0 has_rd:1 writes_mem:0
                 fallthru:80000070 halt_sentinel:0}
        RR_to_EX{I_27 pc:8000006c instr:01026293
             rs1_val:0000000f  rs2_val:00000020  imm:00000010 }
Trace 107 27 8000006c 01026293 RR.I
107:     CPU.S5.fa_update_rd:
          RW_from_Retire{I_26 pc:80000068 instr:0081e213 rd:4 commit:1 data:0000000f}
Trace 107 26 80000068 0081e213 RET.I
107: CPU.Retire_EX_Int: Normal
        EX_to_Retire{I_26 pc:80000068 instr:0081e213
                  data:0000000f}
108: CPU.Decode:
        Decode_to_RR{I_29 pc:80000074 instr:03f00b13 pred:80000078 epoch:0
            fallthru:80000078 OPCLASS_INT has_{rs1,rs2,rd}:{1,0,1} writes_mem:0, imm:3f halt_sentinel:0}
        Mem_Rsp {MEM_RSP_OK addr:80000074 rdata:03f00b13 I_29 pc:80000074 instr:00000000 FETCH 4B}
Trace 108 29 80000074 03f00b13 D
108: CPU.RW (during stall):
108:     RW_from_Retire{I_26 pc:80000068 instr:0081e213 rd:4 commit:1 data:0000000f}
Trace 108 26 80000068 0081e213 RW
108: CPU.rl_RR.stall: busy rd:0 rs1:1 rs2:0
        Decode_to_RR{I_28 pc:80000070 instr:0202e313 pred:80000074 epoch:0
            fallthru:80000074 OPCLASS_INT has_{rs1,rs2,rd}:{1,0,1} writes_mem:0, imm:20 halt_sentinel:0}
Trace 108 28 80000070 0202e313 RR.S
109: CPU.Fetch:
        Fetch_to_Decode{I_31 pc:8000007c pred:80000080 epoch:0 halt_sentinel:0}
        Mem_Req {I_31 pc:8000007c instr:xxxxxxxx FETCH 4B addr:8000007c epoch:0}
Trace 109 31 8000007c 00000000 F
fn_EX_IALU: IALU x5 <= 1f
109: CPU.EX_Int
        RR_to_EX{I_27 pc:8000006c instr:01026293
             rs1_val:0000000f  rs2_val:00000020  imm:00000010 }
        EX_to_Retire{I_27 pc:8000006c instr:01026293
                  data:0000001f}
Trace 109 27 8000006c 01026293 EX.I
110: CPU.fwd: rs1 x5 <- EX_Int fwd val 1f
110: CPU.Dispatch_Int:
        RR_to_Retire{I_28 pc:80000070 instr:0202e313 EXEC_TAG_INT
                 pred:80000074 epoch:0 has_rd:1 writes_mem:0
                 fallthru:80000074 halt_sentinel:0}
        RR_to_EX{I_28 pc:80000070 instr:0202e313
             rs1_val:0000001f  rs2_val:00000000  imm:00000020 }
Trace 110 28 80000070 0202e313 RR.I
110:     CPU.S5.fa_update_rd:
          RW_from_Retire{I_27 pc:8000006c instr:01026293 rd:5 commit:1 data:0000001f}
Trace 110 27 8000006c 01026293 RET.I
110: CPU.Retire_EX_Int: Normal
        EX_to_Retire{I_27 pc:8000006c instr:01026293
                  data:0000001f}
111: CPU.Decode:
        Decode_to_RR{I_30 pc:80000078 instr:01631663 pred:8000007c epoch:0
            fallthru:8000007c OPCLASS_CONTROL has_{rs1,rs2,rd}:{1,1,0} writes_mem:0, imm:c halt_sentinel:0}
        Mem_Rsp {MEM_RSP_OK addr:80000078 rdata:01631663 I_30 pc:80000078 instr:00000000 FETCH 4B}
Trace 111 30 80000078 01631663 D
111: CPU.RW (same-cycle with dispatch):
111:     RW_from_Retire{I_27 pc:8000006c instr:01026293 rd:5 commit:1 data:0000001f}
Trace 111 27 8000006c 01026293 RW
111: CPU.Dispatch_Int:
        RR_to_Retire{I_29 pc:80000074 instr:03f00b13 EXEC_TAG_INT
                 pred:80000078 epoch:0 has_rd:1 writes_mem:0
                 fallthru:80000078 halt_sentinel:0}
        RR_to_EX{I_29 pc:80000074 instr:03f00b13
             rs1_val:00000000  rs2_val:00000000  imm:0000003f }
Trace 111 29 80000074 03f00b13 RR.I
112: CPU.Fetch:
        Fetch_to_Decode{I_32 pc:80000080 pred:80000084 epoch:0 halt_sentinel:0}
        Mem_Req {I_32 pc:80000080 instr:xxxxxxxx FETCH 4B addr:80000080 epoch:0}
Trace 112 32 80000080 00000000 F
112: CPU.Decode:
        Decode_to_RR{I_31 pc:8000007c instr:00100e13 pred:80000080 epoch:0
            fallthru:80000080 OPCLASS_INT has_{rs1,rs2,rd}:{1,0,1} writes_mem:0, imm:1 halt_sentinel:0}
        Mem_Rsp {MEM_RSP_OK addr:8000007c rdata:00100e13 I_31 pc:8000007c instr:00000000 FETCH 4B}
Trace 112 31 8000007c 00100e13 D
fn_EX_IALU: IALU x6 <= 3f
112: CPU.EX_Int
        RR_to_EX{I_28 pc:80000070 instr:0202e313
             rs1_val:0000001f  rs2_val:00000000  imm:00000020 }
        EX_to_Retire{I_28 pc:80000070 instr:0202e313
                  data:0000003f}
Trace 112 28 80000070 0202e313 EX.I
113: CPU.Fetch:
        Fetch_to_Decode{I_33 pc:80000084 pred:80000088 epoch:0 halt_sentinel:0}
        Mem_Req {I_33 pc:80000084 instr:xxxxxxxx FETCH 4B addr:80000084 epoch:0}
Trace 113 33 80000084 00000000 F
fn_EX_IALU: IALU x22 <= 3f
113: CPU.EX_Int
        RR_to_EX{I_29 pc:80000074 instr:03f00b13
             rs1_val:00000000  rs2_val:00000000  imm:0000003f }
        EX_to_Retire{I_29 pc:80000074 instr:03f00b13
                  data:0000003f}
Trace 113 29 80000074 03f00b13 EX.I
113:     CPU.S5.fa_update_rd:
          RW_from_Retire{I_28 pc:80000070 instr:0202e313 rd:6 commit:1 data:0000003f}
Trace 113 28 80000070 0202e313 RET.I
113: CPU.Retire_EX_Int: Normal
        EX_to_Retire{I_28 pc:80000070 instr:0202e313
                  data:0000003f}
114: CPU.RW (same-cycle with dispatch):
114:     RW_from_Retire{I_28 pc:80000070 instr:0202e313 rd:6 commit:1 data:0000003f}
Trace 114 28 80000070 0202e313 RW
114: CPU.fwd: rs1 x6 <- WB val 3f
114: CPU.fwd: rs2 x22 <- EX_Int fwd val 3f
114: CPU.Dispatch_Control:
        RR_to_Retire{I_30 pc:80000078 instr:01631663 EXEC_TAG_CONTROL
                 pred:8000007c epoch:0 has_rd:0 writes_mem:0
                 fallthru:8000007c halt_sentinel:0}
        RR_to_EX_Control{I_30 pc:80000078 instr:01631663 fallthru:8000007c
                  rs1_val:0000003f  rs2_val:0000003f  imm:0000000c }
Trace 114 30 80000078 01631663 RR.C
114:     CPU.S5.fa_update_rd:
          RW_from_Retire{I_29 pc:80000074 instr:03f00b13 rd:22 commit:1 data:0000003f}
Trace 114 29 80000074 03f00b13 RET.I
114: CPU.Retire_EX_Int: Normal
        EX_to_Retire{I_29 pc:80000074 instr:03f00b13
                  data:0000003f}
115: CPU.Decode:
        Decode_to_RR{I_32 pc:80000080 instr:0080006f pred:80000084 epoch:0
            fallthru:80000084 OPCLASS_CONTROL has_{rs1,rs2,rd}:{0,0,0} writes_mem:0, imm:8 halt_sentinel:0}
        Mem_Rsp {MEM_RSP_OK addr:80000080 rdata:0080006f I_32 pc:80000080 instr:00000000 FETCH 4B}
Trace 115 32 80000080 0080006f D
115: CPU.RW (same-cycle with dispatch):
115:     RW_from_Retire{I_29 pc:80000074 instr:03f00b13 rd:22 commit:1 data:0000003f}
Trace 115 29 80000074 03f00b13 RW
115: CPU.Dispatch_Int:
        RR_to_Retire{I_31 pc:8000007c instr:00100e13 EXEC_TAG_INT
                 pred:80000080 epoch:0 has_rd:1 writes_mem:0
                 fallthru:80000080 halt_sentinel:0}
        RR_to_EX{I_31 pc:8000007c instr:00100e13
             rs1_val:00000000  rs2_val:00000001  imm:00000001 }
Trace 115 31 8000007c 00100e13 RR.I
116: CPU.EX_Control
        RR_to_EX_Control{I_30 pc:80000078 instr:01631663 fallthru:8000007c
                  rs1_val:0000003f  rs2_val:0000003f  imm:0000000c }
        EX_Control_to_Retire{I_30 pc:80000078 instr:01631663
                       next_pc:8000007c  data:8000007c}
Trace 116 30 80000078 01631663 EX.C
116: CPU.Fetch:
        Fetch_to_Decode{I_34 pc:80000088 pred:8000008c epoch:0 halt_sentinel:0}
        Mem_Req {I_34 pc:80000088 instr:xxxxxxxx FETCH 4B addr:80000088 epoch:0}
Trace 116 34 80000088 00000000 F
116: CPU.Decode:
        Decode_to_RR{I_33 pc:80000084 instr:00300e13 pred:80000088 epoch:0
            fallthru:80000088 OPCLASS_INT has_{rs1,rs2,rd}:{1,0,1} writes_mem:0, imm:3 halt_sentinel:0}
        Mem_Rsp {MEM_RSP_OK addr:80000084 rdata:00300e13 I_33 pc:80000084 instr:00000000 FETCH 4B}
Trace 116 33 80000084 00300e13 D
116: CPU.Dispatch_Control:
        RR_to_Retire{I_32 pc:80000080 instr:0080006f EXEC_TAG_CONTROL
                 pred:80000084 epoch:0 has_rd:0 writes_mem:0
                 fallthru:80000084 halt_sentinel:0}
        RR_to_EX_Control{I_32 pc:80000080 instr:0080006f fallthru:80000084
                  rs1_val:00000000  rs2_val:00000008  imm:00000008 }
Trace 116 32 80000080 0080006f RR.C
117: CPU.Fetch:
        Fetch_to_Decode{I_35 pc:8000008c pred:80000090 epoch:0 halt_sentinel:0}
        Mem_Req {I_35 pc:8000008c instr:xxxxxxxx FETCH 4B addr:8000008c epoch:0}
Trace 117 35 8000008c 00000000 F
117: CPU.Decode:
        Decode_to_RR{I_34 pc:80000088 instr:6fff0f37 pred:8000008c epoch:0
            fallthru:8000008c OPCLASS_INT has_{rs1,rs2,rd}:{0,0,1} writes_mem:0, imm:6fff0000 halt_sentinel:0}
        Mem_Rsp {MEM_RSP_OK addr:80000088 rdata:6fff0f37 I_34 pc:80000088 instr:00000000 FETCH 4B}
Trace 117 34 80000088 6fff0f37 D
fn_EX_IALU: IALU x28 <= 1
117: CPU.EX_Int
        RR_to_EX{I_31 pc:8000007c instr:00100e13
             rs1_val:00000000  rs2_val:00000001  imm:00000001 }
        EX_to_Retire{I_31 pc:8000007c instr:00100e13
                  data:00000001}
Trace 117 31 8000007c 00100e13 EX.I
Trace 117 30 80000078 01631663 RET.C
117: CPU.Retire_EX_Control: Normal
        EX_Control_to_Retire{I_30 pc:80000078 instr:01631663
                       next_pc:8000007c  data:8000007c}
118: CPU.EX_Control
        RR_to_EX_Control{I_32 pc:80000080 instr:0080006f fallthru:80000084
                  rs1_val:00000000  rs2_val:00000008  imm:00000008 }
        EX_Control_to_Retire{I_32 pc:80000080 instr:0080006f
                       next_pc:80000088  data:80000084}
Trace 118 32 80000080 0080006f EX.C
118: CPU.Fetch:
        Fetch_to_Decode{I_36 pc:80000090 pred:80000094 epoch:0 halt_sentinel:0}
        Mem_Req {I_36 pc:80000090 instr:xxxxxxxx FETCH 4B addr:80000090 epoch:0}
Trace 118 36 80000090 00000000 F
118: CPU.rl_RR.stall: busy rd:1 rs1:0 rs2:0
        Decode_to_RR{I_33 pc:80000084 instr:00300e13 pred:80000088 epoch:0
            fallthru:80000088 OPCLASS_INT has_{rs1,rs2,rd}:{1,0,1} writes_mem:0, imm:3 halt_sentinel:0}
Trace 118 33 80000084 00300e13 RR.S
118:     CPU.S5.fa_update_rd:
          RW_from_Retire{I_31 pc:8000007c instr:00100e13 rd:28 commit:1 data:00000001}
Trace 118 31 8000007c 00100e13 RET.I
118: CPU.Retire_EX_Int: Normal
        EX_to_Retire{I_31 pc:8000007c instr:00100e13
                  data:00000001}
119: CPU.RW (same-cycle with dispatch):
119:     RW_from_Retire{I_31 pc:8000007c instr:00100e13 rd:28 commit:1 data:00000001}
Trace 119 31 8000007c 00100e13 RW
119: CPU.Dispatch_Int:
        RR_to_Retire{I_33 pc:80000084 instr:00300e13 EXEC_TAG_INT
                 pred:80000088 epoch:0 has_rd:1 writes_mem:0
                 fallthru:80000088 halt_sentinel:0}
        RR_to_EX{I_33 pc:80000084 instr:00300e13
             rs1_val:00000000  rs2_val:00000007  imm:00000003 }
Trace 119 33 80000084 00300e13 RR.I
119:     CPU.S5.fa_redirect_Fetch:
        Fetch_from_Retire{I_32 pc:80000080 instr:0080006f next_pc:80000088 next_epoch 1 haltreq 0}
Trace 119 32 80000080 0080006f RET.C
119: CPU.Retire_EX_Control: Normal
        EX_Control_to_Retire{I_32 pc:80000080 instr:0080006f
                       next_pc:80000088  data:80000084}
120: CPU.Redirect:
        Fetch_from_Retire{I_32 pc:80000080 instr:0080006f next_pc:80000088 next_epoch 1 haltreq 0}
Trace 120 32 80000080 0080006f Redir
120: CPU.Decode:
        Decode_to_RR{I_35 pc:8000008c instr:01cf2823 pred:80000090 epoch:0
            fallthru:80000090 OPCLASS_MEM has_{rs1,rs2,rd}:{1,1,0} writes_mem:1, imm:10 halt_sentinel:0}
        Mem_Rsp {MEM_RSP_OK addr:8000008c rdata:01cf2823 I_35 pc:8000008c instr:00000000 FETCH 4B}
Trace 120 35 8000008c 01cf2823 D
120: CPU.Dispatch_Int:
        RR_to_Retire{I_34 pc:80000088 instr:6fff0f37 EXEC_TAG_INT
                 pred:8000008c epoch:0 has_rd:1 writes_mem:0
                 fallthru:8000008c halt_sentinel:0}
        RR_to_EX{I_34 pc:80000088 instr:6fff0f37
             rs1_val:00000000  rs2_val:00000000  imm:6fff0000 }
Trace 120 34 80000088 6fff0f37 RR.I
121: CPU.Fetch:
        Fetch_to_Decode{I_37 pc:80000088 pred:8000008c epoch:1 halt_sentinel:0}
        Mem_Req {I_37 pc:80000088 instr:xxxxxxxx FETCH 4B addr:80000088 epoch:1}
Trace 121 37 80000088 00000000 F
121: CPU.Decode:
        Decode_to_RR{I_36 pc:80000090 instr:0000006f pred:80000094 epoch:0
            fallthru:80000094 OPCLASS_CONTROL has_{rs1,rs2,rd}:{0,0,0} writes_mem:0, imm:0 halt_sentinel:0}
        Mem_Rsp {MEM_RSP_OK addr:80000090 rdata:0000006f I_36 pc:80000090 instr:00000000 FETCH 4B}
Trace 121 36 80000090 0000006f D
fn_EX_IALU: IALU x28 <= 3
121: CPU.EX_Int
        RR_to_EX{I_33 pc:80000084 instr:00300e13
             rs1_val:00000000  rs2_val:00000007  imm:00000003 }
        EX_to_Retire{I_33 pc:80000084 instr:00300e13
                  data:00000003}
Trace 121 33 80000084 00300e13 EX.I
122: CPU.Fetch:
        Fetch_to_Decode{I_38 pc:8000008c pred:80000090 epoch:1 halt_sentinel:0}
        Mem_Req {I_38 pc:8000008c instr:xxxxxxxx FETCH 4B addr:8000008c epoch:1}
Trace 122 38 8000008c 00000000 F
fn_EX_IALU: LUI x30 <= 6fff0000
122: CPU.EX_Int
        RR_to_EX{I_34 pc:80000088 instr:6fff0f37
             rs1_val:00000000  rs2_val:00000000  imm:6fff0000 }
        EX_to_Retire{I_34 pc:80000088 instr:6fff0f37
                  data:6fff0000}
Trace 122 34 80000088 6fff0f37 EX.I
122:     CPU.S5.fa_update_rd:(unreserve scoreboard)
          RW_from_Retire{I_33 pc:80000084 instr:00300e13 rd:28 commit:0 data:xxxxxxxx}
Trace 122 33 80000084 00300e13 RET.discard
122: CPU.S5.rl_Retire_wrong_path:
        RR_to_Retire{I_33 pc:80000084 instr:00300e13 EXEC_TAG_INT
                 pred:80000088 epoch:0 has_rd:1 writes_mem:0
                 fallthru:80000088 halt_sentinel:0}
123: CPU.RW (same-cycle with dispatch):
123:     RW_from_Retire{I_33 pc:80000084 instr:00300e13 rd:28 commit:0 data:00000000}
Trace 123 33 80000084 00300e13 RW
123: CPU.fwd: rs1 x30 <- EX_Int fwd val 6fff0000
123: CPU.Dispatch_DMem:
        RR_to_Retire{I_35 pc:8000008c instr:01cf2823 EXEC_TAG_DMEM
                 pred:80000090 epoch:0 has_rd:0 writes_mem:1
                 fallthru:80000090 halt_sentinel:0}
        rs1_val:6fff0000  rs2_val:00000001  imm:00000010
        Mem_Req {I_35 pc:8000008c instr:01cf2823 STORE 4B addr:6fff0010 wdata:00000001 epoch:0}
Trace 123 35 8000008c 01cf2823 RR.D
123:     CPU.S5.fa_update_rd:(unreserve scoreboard)
          RW_from_Retire{I_34 pc:80000088 instr:6fff0f37 rd:30 commit:0 data:xxxxxxxx}
Trace 123 34 80000088 6fff0f37 RET.discard
123: CPU.S5.rl_Retire_wrong_path:
        RR_to_Retire{I_34 pc:80000088 instr:6fff0f37 EXEC_TAG_INT
                 pred:8000008c epoch:0 has_rd:1 writes_mem:0
                 fallthru:8000008c halt_sentinel:0}
124: CPU.Decode:
        Decode_to_RR{I_37 pc:80000088 instr:6fff0f37 pred:8000008c epoch:1
            fallthru:8000008c OPCLASS_INT has_{rs1,rs2,rd}:{0,0,1} writes_mem:0, imm:6fff0000 halt_sentinel:0}
        Mem_Rsp {MEM_RSP_OK addr:80000088 rdata:6fff0f37 I_37 pc:80000088 instr:00000000 FETCH 4B}
Trace 124 37 80000088 6fff0f37 D
124: CPU.RW (same-cycle with dispatch):
124:     RW_from_Retire{I_34 pc:80000088 instr:6fff0f37 rd:30 commit:0 data:00000000}
Trace 124 34 80000088 6fff0f37 RW
124: CPU.Dispatch_Control:
        RR_to_Retire{I_36 pc:80000090 instr:0000006f EXEC_TAG_CONTROL
                 pred:80000094 epoch:0 has_rd:0 writes_mem:0
                 fallthru:80000094 halt_sentinel:0}
        RR_to_EX_Control{I_36 pc:80000090 instr:0000006f fallthru:80000094
                  rs1_val:00000000  rs2_val:00000000  imm:00000000 }
Trace 124 36 80000090 0000006f RR.C
125: CPU.Fetch:
        Fetch_to_Decode{I_39 pc:80000090 pred:80000094 epoch:1 halt_sentinel:0}
        Mem_Req {I_39 pc:80000090 instr:xxxxxxxx FETCH 4B addr:80000090 epoch:1}
Trace 125 39 80000090 00000000 F
125: CPU.Decode:
        Decode_to_RR{I_38 pc:8000008c instr:01cf2823 pred:80000090 epoch:1
            fallthru:80000090 OPCLASS_MEM has_{rs1,rs2,rd}:{1,1,0} writes_mem:1, imm:10 halt_sentinel:0}
        Mem_Rsp {MEM_RSP_OK addr:8000008c rdata:01cf2823 I_38 pc:8000008c instr:00000000 FETCH 4B}
Trace 125 38 8000008c 01cf2823 D
125: CPU.Dispatch_Int:
        RR_to_Retire{I_37 pc:80000088 instr:6fff0f37 EXEC_TAG_INT
                 pred:8000008c epoch:1 has_rd:1 writes_mem:0
                 fallthru:8000008c halt_sentinel:0}
        RR_to_EX{I_37 pc:80000088 instr:6fff0f37
             rs1_val:00000000  rs2_val:00000000  imm:6fff0000 }
Trace 125 37 80000088 6fff0f37 RR.I
Trace 125 35 8000008c 01cf2823 RET.discard
125: CPU.S5.rl_Retire_wrong_path:
        RR_to_Retire{I_35 pc:8000008c instr:01cf2823 EXEC_TAG_DMEM
                 pred:80000090 epoch:0 has_rd:0 writes_mem:1
                 fallthru:80000090 halt_sentinel:0}
126: CPU.EX_Control
        RR_to_EX_Control{I_36 pc:80000090 instr:0000006f fallthru:80000094
                  rs1_val:00000000  rs2_val:00000000  imm:00000000 }
        EX_Control_to_Retire{I_36 pc:80000090 instr:0000006f
                       next_pc:80000090  data:80000094}
Trace 126 36 80000090 0000006f EX.C
126: CPU.Fetch:
        Fetch_to_Decode{I_40 pc:80000094 pred:80000098 epoch:1 halt_sentinel:0}
        Mem_Req {I_40 pc:80000094 instr:xxxxxxxx FETCH 4B addr:80000094 epoch:1}
Trace 126 40 80000094 00000000 F
126: CPU.Decode:
        Decode_to_RR{I_39 pc:80000090 instr:0000006f pred:80000094 epoch:1
            fallthru:80000094 OPCLASS_CONTROL has_{rs1,rs2,rd}:{0,0,0} writes_mem:0, imm:0 halt_sentinel:0}
        Mem_Rsp {MEM_RSP_OK addr:80000090 rdata:0000006f I_39 pc:80000090 instr:00000000 FETCH 4B}
Trace 126 39 80000090 0000006f D
126: CPU.rl_RR.stall: busy rd:0 rs1:1 rs2:0
        Decode_to_RR{I_38 pc:8000008c instr:01cf2823 pred:80000090 epoch:1
            fallthru:80000090 OPCLASS_MEM has_{rs1,rs2,rd}:{1,1,0} writes_mem:1, imm:10 halt_sentinel:0}
Trace 126 38 8000008c 01cf2823 RR.S
127: CPU.Fetch:
        Fetch_to_Decode{I_41 pc:80000098 pred:8000009c epoch:1 halt_sentinel:0}
        Mem_Req {I_41 pc:80000098 instr:xxxxxxxx FETCH 4B addr:80000098 epoch:1}
Trace 127 41 80000098 00000000 F
fn_EX_IALU: LUI x30 <= 6fff0000
127: CPU.EX_Int
        RR_to_EX{I_37 pc:80000088 instr:6fff0f37
             rs1_val:00000000  rs2_val:00000000  imm:6fff0000 }
        EX_to_Retire{I_37 pc:80000088 instr:6fff0f37
                  data:6fff0000}
Trace 127 37 80000088 6fff0f37 EX.I
Trace 127 36 80000090 0000006f RET.discard
127: CPU.S5.rl_Retire_wrong_path:
        RR_to_Retire{I_36 pc:80000090 instr:0000006f EXEC_TAG_CONTROL
                 pred:80000094 epoch:0 has_rd:0 writes_mem:0
                 fallthru:80000094 halt_sentinel:0}
128: CPU.fwd: rs1 x30 <- EX_Int fwd val 6fff0000
128: CPU.Dispatch_DMem:
        RR_to_Retire{I_38 pc:8000008c instr:01cf2823 EXEC_TAG_DMEM
                 pred:80000090 epoch:1 has_rd:0 writes_mem:1
                 fallthru:80000090 halt_sentinel:0}
        rs1_val:6fff0000  rs2_val:00000001  imm:00000010
        Mem_Req {I_38 pc:8000008c instr:01cf2823 STORE 4B addr:6fff0010 wdata:00000001 epoch:1}
Trace 128 38 8000008c 01cf2823 RR.D
128:     CPU.S5.fa_update_rd:
          RW_from_Retire{I_37 pc:80000088 instr:6fff0f37 rd:30 commit:1 data:6fff0000}
Trace 128 37 80000088 6fff0f37 RET.I
128: CPU.Retire_EX_Int: Normal
        EX_to_Retire{I_37 pc:80000088 instr:6fff0f37
                  data:6fff0000}
129: CPU.Decode:
        Decode_to_RR{I_40 pc:80000094 instr:00000000 pred:80000098 epoch:1
            fallthru:80000098 ILLEGAL_INSTR tval:0 halt_sentinel:0}
        Mem_Rsp {MEM_RSP_OK addr:80000094 rdata:00000000 I_40 pc:80000094 instr:00000000 FETCH 4B}
Trace 129 40 80000094 00000000 D
129: CPU.RW (same-cycle with dispatch):
129:     RW_from_Retire{I_37 pc:80000088 instr:6fff0f37 rd:30 commit:1 data:6fff0000}
Trace 129 37 80000088 6fff0f37 RW
129: CPU.Dispatch_Control:
        RR_to_Retire{I_39 pc:80000090 instr:0000006f EXEC_TAG_CONTROL
                 pred:80000094 epoch:1 has_rd:0 writes_mem:0
                 fallthru:80000094 halt_sentinel:0}
        RR_to_EX_Control{I_39 pc:80000090 instr:0000006f fallthru:80000094
                  rs1_val:00000000  rs2_val:00000000  imm:00000000 }
Trace 129 39 80000090 0000006f RR.C
130: CPU.Fetch:
        Fetch_to_Decode{I_42 pc:8000009c pred:800000a0 epoch:1 halt_sentinel:0}
        Mem_Req {I_42 pc:8000009c instr:xxxxxxxx FETCH 4B addr:8000009c epoch:1}
Trace 130 42 8000009c 00000000 F
